Component: ARM Compiler 5.06 update 7 (build 960) Tool: armlink [4d3601]

==============================================================================

Section Cross References

    main.o(i._Z12realDistancei) refers to rt_memclr_w.o(.text) for __aeabi_memclr4
    main.o(i._Z12realDistancei) refers to rt_memcpy_w.o(.text) for __aeabi_memcpy4
    main.o(i._Z12realDistancei) refers to main.o(.constdata) for .constdata
    main.o(i._Z4getXPi) refers to dflt_clz.o(x$fpl$dflt) for __aeabi_i2d
    main.o(i._Z4getXPi) refers to dmul.o(x$fpl$dmul) for __aeabi_dmul
    main.o(i._Z4getXPi) refers to main.o(i._Z9toRadiansd) for toRadians(double)
    main.o(i._Z4getXPi) refers to sin.o(i.sin) for sin
    main.o(i._Z4getXPi) refers to daddsub_clz.o(x$fpl$dadd) for __aeabi_dadd
    main.o(i._Z4getYPi) refers to dflt_clz.o(x$fpl$dflt) for __aeabi_i2d
    main.o(i._Z4getYPi) refers to dmul.o(x$fpl$dmul) for __aeabi_dmul
    main.o(i._Z4getYPi) refers to main.o(i._Z9toRadiansd) for toRadians(double)
    main.o(i._Z4getYPi) refers to cos.o(i.cos) for cos
    main.o(i._Z4getYPi) refers to daddsub_clz.o(x$fpl$dadd) for __aeabi_dadd
    main.o(i._Z7getDistdd) refers to dmul.o(x$fpl$dmul) for __aeabi_dmul
    main.o(i._Z7getDistdd) refers to daddsub_clz.o(x$fpl$dadd) for __aeabi_dadd
    main.o(i._Z7getDistdd) refers to sqrt.o(i.sqrt) for sqrt
    main.o(i._Z8getAngledd) refers to atan2.o(i.atan2) for atan2
    main.o(i._Z8getAngledd) refers to dmul.o(x$fpl$dmul) for __aeabi_dmul
    main.o(i._Z8getAngledd) refers to dleqf.o(x$fpl$dleqf) for __aeabi_cdcmple
    main.o(i._Z8getAngledd) refers to daddsub_clz.o(x$fpl$dadd) for __aeabi_dadd
    main.o(i._Z9toRadiansd) refers to dmul.o(x$fpl$dmul) for __aeabi_dmul
    main.o(i._Z9toRadiansd) refers to ddiv.o(x$fpl$ddiv) for __aeabi_ddiv
    main.o(i.main) refers to stm32f10x_rcc.o(i.RCC_APB2PeriphClockCmd) for RCC_APB2PeriphClockCmd
    main.o(i.main) refers to time_service.o(i._ZN12time_service4initEv) for time_service::init()
    main.o(i.main) refers to time_service.o(i._ZN12time_service9startTimeEv) for time_service::startTime()
    main.o(i.main) refers to pin_setup.o(i._ZN3PinC1EtP12GPIO_TypeDef16GPIOMode_TypeDefP11TIM_TypeDefjjtjj) for Pin::Pin(unsigned short, GPIO_TypeDef*, GPIOMode_TypeDef, TIM_TypeDef*, unsigned, unsigned, unsigned short, unsigned, unsigned)
    main.o(i.main) refers to pin_setup.o(i._ZN3Pin7pinInitEv) for Pin::pinInit()
    main.o(i.main) refers to uart.o(i._ZN4Uart8uartInitEv) for Uart::uartInit()
    main.o(i.main) refers to cxa_guard_acquire.o(i.__cxa_guard_acquire) for __cxa_guard_acquire
    main.o(i.main) refers to adc.o(i._ZN3AdcC1EP11ADC_TypeDefhhjR3Pin) for Adc::Adc(ADC_TypeDef*, unsigned char, unsigned char, unsigned, Pin&)
    main.o(i.main) refers to adc.o(i._ZN3Adc8startAdcEv) for Adc::startAdc()
    main.o(i.main) refers to dma.o(i._ZN3DmaC1EjR3AdcP19DMA_Channel_TypeDefj) for Dma::Dma(unsigned, Adc&, DMA_Channel_TypeDef*, unsigned)
    main.o(i.main) refers to dma.o(i._ZN3Dma12adcInitInDmaEv) for Dma::adcInitInDma()
    main.o(i.main) refers to multiplexer.o(i._ZN11MultiplexerC1ER3PinS1_S1_S1_R3DmaiP19DMA_Channel_TypeDef) for Multiplexer::Multiplexer(Pin&, Pin&, Pin&, Pin&, Dma&, int, DMA_Channel_TypeDef*)
    main.o(i.main) refers to multiplexer.o(i._ZN11Multiplexer11getPh1ValueEh) for Multiplexer::getPh1Value(unsigned char)
    main.o(i.main) refers to multiplexer.o(i._ZN11Multiplexer11getPh2ValueEh) for Multiplexer::getPh2Value(unsigned char)
    main.o(i.main) refers to main.o(i._Z14qsortRecursivePii) for qsortRecursive(int*, int)
    main.o(i.main) refers to main.o(i._Z4getXPi) for getX(int*)
    main.o(i.main) refers to main.o(i._Z4getYPi) for getY(int*)
    main.o(i.main) refers to main.o(i._Z7getDistdd) for getDist(double, double)
    main.o(i.main) refers to main.o(i._Z8getAngledd) for getAngle(double, double)
    main.o(i.main) refers to daddsub_clz.o(x$fpl$dsub) for __aeabi_dsub
    main.o(i.main) refers to dleqf.o(x$fpl$dleqf) for __aeabi_cdcmple
    main.o(i.main) refers to daddsub_clz.o(x$fpl$dadd) for __aeabi_dadd
    main.o(i.main) refers to uart.o(i._ZN4Uart5writeEh) for Uart::write(unsigned char)
    main.o(i.main) refers to scalbn.o(x$fpl$scalbn) for __ARM_scalbn
    main.o(i.main) refers to dfixu.o(x$fpl$dfixu) for __aeabi_d2uiz
    main.o(i.main) refers to dmul.o(x$fpl$dmul) for __aeabi_dmul
    main.o(i.main) refers to main.o(i._Z4crc8Phi) for crc8(unsigned char*, int)
    main.o(i.main) refers to main.o(.data) for .data
    main.o(i.main) refers to main.o(.bss) for .bss
    main.o(.ARM.exidx) refers to main.o(i._Z12realDistancei) for i._Z12realDistancei
    main.o(.ARM.exidx) refers to main.o(i._Z4crc8Phi) for i._Z4crc8Phi
    main.o(.ARM.exidx) refers to main.o(i._Z8getAngledd) for i._Z8getAngledd
    main.o(.ARM.exidx) refers to main.o(i._Z7getDistdd) for i._Z7getDistdd
    main.o(.ARM.exidx) refers to main.o(i._Z9toRadiansd) for i._Z9toRadiansd
    main.o(.ARM.exidx) refers to main.o(i._Z4getYPi) for i._Z4getYPi
[...]
    Removing stm32f10x_gpio.o(i.GPIO_DeInit), (216 bytes).
    Removing stm32f10x_gpio.o(i.GPIO_ETH_MediaInterfaceConfig), (12 bytes).
    Removing stm32f10x_gpio.o(i.GPIO_EXTILineConfig), (40 bytes).
    Removing stm32f10x_gpio.o(i.GPIO_EventOutputCmd), (12 bytes).
    Removing stm32f10x_gpio.o(i.GPIO_EventOutputConfig), (28 bytes).
    Removing stm32f10x_gpio.o(i.GPIO_PinLockConfig), (16 bytes).
    Removing stm32f10x_gpio.o(i.GPIO_PinRemapConfig), (92 bytes).
    Removing stm32f10x_gpio.o(i.GPIO_ReadInputData), (6 bytes).
    Removing stm32f10x_gpio.o(i.GPIO_ReadInputDataBit), (14 bytes).
    Removing stm32f10x_gpio.o(i.GPIO_ReadOutputData), (6 bytes).
    Removing stm32f10x_gpio.o(i.GPIO_ReadOutputDataBit), (14 bytes).
    Removing stm32f10x_gpio.o(i.GPIO_ResetBits), (4 bytes).
    Removing stm32f10x_gpio.o(i.GPIO_SetBits), (4 bytes).
    Removing stm32f10x_gpio.o(i.GPIO_StructInit), (16 bytes).
    Removing stm32f10x_gpio.o(i.GPIO_Write), (4 bytes).
    Removing stm32f10x_gpio.o(i.GPIO_WriteBit), (12 bytes).
    Removing stm32f10x_gpio.o(.ARM.exidx), (8 bytes).
    Removing stm32f10x_gpio.o(.ARM.exidx), (8 bytes).
    Removing stm32f10x_gpio.o(.ARM.exidx), (8 bytes).
    Removing stm32f10x_gpio.o(.ARM.exidx), (8 bytes).
    Removing stm32f10x_gpio.o(.ARM.exidx), (8 bytes).
    Removing stm32f10x_gpio.o(.ARM.exidx), (8 bytes).
    Removing stm32f10x_gpio.o(.ARM.exidx), (8 bytes).
    Removing stm32f10x_gpio.o(.ARM.exidx), (8 bytes).
    Removing stm32f10x_gpio.o(.ARM.exidx), (8 bytes).
    Removing stm32f10x_gpio.o(.ARM.exidx), (8 bytes).
    Removing stm32f10x_gpio.o(.ARM.exidx), (8 bytes).
    Removing stm32f10x_gpio.o(.ARM.exidx), (8 bytes).
    Removing stm32f10x_gpio.o(.ARM.exidx), (8 bytes).
    Removing stm32f10x_gpio.o(.ARM.exidx), (8 bytes).
    Removing stm32f10x_gpio.o(.ARM.exidx), (8 bytes).
    Removing stm32f10x_gpio.o(.ARM.exidx), (8 bytes).
    Removing stm32f10x_gpio.o(.ARM.exidx), (8 bytes).
    Removing stm32f10x_gpio.o(.ARM.exidx), (8 bytes).
    Removing stm32f10x_rcc.o(.rev16_text), (4 bytes).
    Removing stm32f10x_rcc.o(.revsh_text), (4 bytes).
    Removing stm32f10x_rcc.o(.rrx_text), (6 bytes).
    Removing stm32f10x_rcc.o(i.RCC_ADCCLKConfig), (20 bytes).
    Removing stm32f10x_rcc.o(i.RCC_APB1PeriphClockCmd), (28 bytes).
    Removing stm32f10x_rcc.o(i.RCC_APB1PeriphResetCmd), (28 bytes).
    Removing stm32f10x_rcc.o(i.RCC_APB2PeriphResetCmd), (28 bytes).
    Removing stm32f10x_rcc.o(i.RCC_AdjustHSICalibrationValue), (20 bytes).
    Removing stm32f10x_rcc.o(i.RCC_BackupResetCmd), (12 bytes).
    Removing stm32f10x_rcc.o(i.RCC_ClearFlag), (16 bytes).
    Removing stm32f10x_rcc.o(i.RCC_ClearITPendingBit), (12 bytes).
    Removing stm32f10x_rcc.o(i.RCC_ClockSecuritySystemCmd), (12 bytes).
    Removing stm32f10x_rcc.o(i.RCC_DeInit), (64 bytes).
    Removing stm32f10x_rcc.o(i.RCC_GetFlagStatus), (48 bytes).
    Removing stm32f10x_rcc.o(i.RCC_GetITStatus), (20 bytes).
    Removing stm32f10x_rcc.o(i.RCC_GetSYSCLKSource), (16 bytes).
    Removing stm32f10x_rcc.o(i.RCC_HCLKConfig), (20 bytes).
    Removing stm32f10x_rcc.o(i.RCC_HSEConfig), (56 bytes).
    Removing stm32f10x_rcc.o(i.RCC_HSICmd), (12 bytes).
    Removing stm32f10x_rcc.o(i.RCC_ITConfig), (28 bytes).
    Removing stm32f10x_rcc.o(i.RCC_LSEConfig), (40 bytes).
    Removing stm32f10x_rcc.o(i.RCC_LSICmd), (12 bytes).
    Removing stm32f10x_rcc.o(i.RCC_MCOConfig), (12 bytes).
    Removing stm32f10x_rcc.o(i.RCC_PCLK1Config), (20 bytes).
    Removing stm32f10x_rcc.o(i.RCC_PCLK2Config), (20 bytes).
    Removing stm32f10x_rcc.o(i.RCC_PLLCmd), (12 bytes).
    Removing stm32f10x_rcc.o(i.RCC_PLLConfig), (20 bytes).
    Removing stm32f10x_rcc.o(i.RCC_RTCCLKCmd), (12 bytes).
    Removing stm32f10x_rcc.o(i.RCC_RTCCLKConfig), (16 bytes).
    Removing stm32f10x_rcc.o(i.RCC_SYSCLKConfig), (20 bytes).
    Removing stm32f10x_rcc.o(i.RCC_USBCLKConfig), (12 bytes).
    Removing stm32f10x_rcc.o(i.RCC_WaitForHSEStartUp), (48 bytes).
    Removing stm32f10x_rcc.o(.ARM.exidx), (8 bytes).
    Removing stm32f10x_rcc.o(.ARM.exidx), (8 bytes).
    Removing stm32f10x_rcc.o(.ARM.exidx), (8 bytes).
    Removing stm32f10x_rcc.o(.ARM.exidx), (8 bytes).
    Removing stm32f10x_rcc.o(.ARM.exidx), (8 bytes).
    Removing stm32f10x_rcc.o(.ARM.exidx), (8 bytes).
    Removing stm32f10x_rcc.o(.ARM.exidx), (8 bytes).
    Removing stm32f10x_rcc.o(.ARM.exidx), (8 bytes).
    Removing stm32f10x_rcc.o(.ARM.exidx), (8 bytes).
    Removing stm32f10x_rcc.o(.ARM.exidx), (8 bytes).
    Removing stm32f10x_rcc.o(.ARM.exidx), (8 bytes).
    Removing stm32f10x_rcc.o(.ARM.exidx), (8 bytes).
    Removing stm32f10x_rcc.o(.ARM.exidx), (8 bytes).
    Removing stm32f10x_rcc.o(.ARM.exidx), (8 bytes).
    Removing stm32f10x_rcc.o(.ARM.exidx), (8 bytes).
    Removing stm32f10x_rcc.o(.ARM.exidx), (8 bytes).
    Removing stm32f10x_rcc.o(.ARM.exidx), (8 bytes).
    Removing stm32f10x_rcc.o(.ARM.exidx), (8 bytes).
    Removing stm32f10x_rcc.o(.ARM.exidx), (8 bytes).
    Removing stm32f10x_rcc.o(.ARM.exidx), (8 bytes).
    Removing stm32f10x_rcc.o(.ARM.exidx), (8 bytes).
    Removing stm32f10x_rcc.o(.ARM.exidx), (8 bytes).
    Removing stm32f10x_rcc.o(.ARM.exidx), (8 bytes).
    Removing stm32f10x_rcc.o(.ARM.exidx), (8 bytes).
    Removing stm32f10x_rcc.o(.ARM.exidx), (8 bytes).
    Removing stm32f10x_rcc.o(.ARM.exidx), (8 bytes).
    Removing stm32f10x_rcc.o(.ARM.exidx), (8 bytes).
    Removing stm32f10x_rcc.o(.ARM.exidx), (8 bytes).
    Removing stm32f10x_rcc.o(.ARM.exidx), (8 bytes).
    Removing stm32f10x_rcc.o(.ARM.exidx), (8 bytes).
    Removing stm32f10x_rcc.o(.ARM.exidx), (8 bytes).
    Removing stm32f10x_rcc.o(.ARM.exidx), (8 bytes).
    Removing system_stm32f10x.o(.rev16_text), (4 bytes).
    Removing system_stm32f10x.o(.revsh_text), (4 bytes).
    Removing system_stm32f10x.o(.rrx_text), (6 bytes).
    Removing system_stm32f10x.o(i.SystemCoreClockUpdate), (124 bytes).
    Removing system_stm32f10x.o(.ARM.exidx), (8 bytes).
    Removing system_stm32f10x.o(.ARM.exidx), (8 bytes).
    Removing system_stm32f10x.o(.ARM.exidx), (8 bytes).
    Removing system_stm32f10x.o(.ARM.exidx), (8 bytes).

535 unused section(s) (total 9636 bytes) removed from the image.

==============================================================================

Image Symbol Table

    Local Symbols

    Symbol Name                              Value     Ov Type        Size  Object(Section)

    ../../../edgfe/lib_src/guard.c           0x00000000   Number         0  cxa_guard_acquire.o ABSOLUTE
    ../../../edgfe/lib_src/guard.c           0x00000000   Number         0  cxa_guard_release.o ABSOLUTE
    ../clib/angel/boardlib.s                 0x00000000   Number         0  boardinit1.o ABSOLUTE
    ../clib/angel/boardlib.s                 0x00000000   Number         0  boardinit2.o ABSOLUTE
    ../clib/angel/boardlib.s                 0x00000000   Number         0  boardinit3.o ABSOLUTE
    ../clib/angel/boardlib.s                 0x00000000   Number         0  boardshut.o ABSOLUTE
    ../clib/angel/handlers.s                 0x00000000   Number         0  __scatter_zi.o ABSOLUTE
    ../clib/angel/handlers.s                 0x00000000   Number         0  __scatter_copy.o ABSOLUTE
    ../clib/angel/kernel.s                   0x00000000   Number         0  rtexit.o ABSOLUTE
    ../clib/angel/kernel.s                   0x00000000   Number         0  __rtentry4.o ABSOLUTE
    ../clib/angel/kernel.s                   0x00000000   Number         0  __rtentry.o ABSOLUTE
    ../clib/angel/kernel.s                   0x00000000   Number         0  __rtentry2.o ABSOLUTE
    ../clib/angel/kernel.s                   0x00000000   Number         0  rtexit2.o ABSOLUTE
    ../clib/angel/rt.s                       0x00000000   Number         0  rt_errno_addr_intlibspace.o ABSOLUTE
    ../clib/angel/rt.s                       0x00000000   Number         0  rt_errno_addr.o ABSOLUTE
    ../clib/angel/rt.s                       0x00000000   Number         0  rt_raise.o ABSOLUTE
    ../clib/angel/scatter.s                  0x00000000   Number         0  __scatter.o ABSOLUTE
    ../clib/angel/startup.s                  0x00000000   Number         0  __main.o ABSOLUTE
    ../clib/angel/sys.s                      0x00000000   Number         0  libspace.o ABSOLUTE
    ../clib/angel/sys.s                      0x00000000   Number         0  use_no_semi.o ABSOLUTE
    ../clib/angel/sys.s                      0x00000000   Number         0  indicate_semi.o ABSOLUTE
    ../clib/angel/sys.s                      0x00000000   Number         0  sys_stackheap_outer.o ABSOLUTE
    ../clib/angel/sysapp.c                   0x00000000   Number         0  sys_wrch.o ABSOLUTE
    ../clib/angel/sysapp.c                   0x00000000   Number         0  sys_exit.o ABSOLUTE
    ../clib/angel/sysapp.c                   0x00000000   Number         0  sys_command.o ABSOLUTE
    ../clib/armsys.c                         0x00000000   Number         0  _get_argv_nomalloc.o ABSOLUTE
    ../clib/armsys.c                         0x00000000   Number         0  no_argv.o ABSOLUTE
    ../clib/armsys.c                         0x00000000   Number         0  argv_veneer.o ABSOLUTE
    ../clib/armsys.c                         0x00000000   Number         0  argv_veneer.o ABSOLUTE
    ../clib/fenv.c                           0x00000000   Number         0  _rserrno.o ABSOLUTE
    ../clib/heapalloc.c                      0x00000000   Number         0  hrguard.o ABSOLUTE
    ../clib/heapaux.c                        0x00000000   Number         0  heapauxi.o ABSOLUTE
    ../clib/libinit.s                        0x00000000   Number         0  libshutdown.o ABSOLUTE
    ../clib/libinit.s                        0x00000000   Number         0  libinit2.o ABSOLUTE
    ../clib/libinit.s                        0x00000000   Number         0  libshutdown2.o ABSOLUTE
    ../clib/libinit.s                        0x00000000   Number         0  libinit.o ABSOLUTE
    ../clib/memcpset.s                       0x00000000   Number         0  rt_memclr_w.o ABSOLUTE
    ../clib/memcpset.s                       0x00000000   Number         0  rt_memcpy_w.o ABSOLUTE
    ../clib/signal.c                         0x00000000   Number         0  defsig_rtmem_formal.o ABSOLUTE
    ../clib/signal.c                         0x00000000   Number         0  defsig_exit.o ABSOLUTE
    ../clib/signal.c                         0x00000000   Number         0  defsig_rtmem_inner.o ABSOLUTE
    ../clib/signal.c                         0x00000000   Number         0  __raise.o ABSOLUTE
    ../clib/signal.c                         0x00000000   Number         0  defsig_general.o ABSOLUTE
    ../clib/signal.c                         0x00000000   Number         0  defsig_rtmem_outer.o ABSOLUTE
    ../clib/signal.c                         0x00000000   Number         0  defsig_fpe_inner.o ABSOLUTE
    ../clib/signal.c                         0x00000000   Number         0  defsig_rtred_inner.o ABSOLUTE
    ../clib/signal.c                         0x00000000   Number         0  defsig_abrt_inner.o ABSOLUTE
    ../clib/signal.c                         0x00000000   Number         0  defsig_stak_inner.o ABSOLUTE
    ../clib/signal.c                         0x00000000   Number         0  defsig_pvfn_inner.o ABSOLUTE
    ../clib/signal.c                         0x00000000   Number         0  defsig_segv_inner.o ABSOLUTE
    ../clib/signal.c                         0x00000000   Number         0  defsig_other.o ABSOLUTE
    ../clib/signal.c                         0x00000000   Number         0  defsig_cppl_inner.o ABSOLUTE
    ../clib/signal.s                         0x00000000   Number         0  defsig.o ABSOLUTE
    ../clib/stdlib.c                         0x00000000   Number         0  exit.o ABSOLUTE
    ../fplib/daddsub.s                       0x00000000   Number         0  daddsub_clz.o ABSOLUTE
    ../fplib/dcheck1.s                       0x00000000   Number         0  dcheck1.o ABSOLUTE
    ../fplib/dcmpi.s                         0x00000000   Number         0  dcmpi.o ABSOLUTE
    ../fplib/ddiv.s                          0x00000000   Number         0  ddiv.o ABSOLUTE
    ../fplib/deqf.s                          0x00000000   Number         0  deqf.o ABSOLUTE
    ../fplib/dfix.s                          0x00000000   Number         0  dfix.o ABSOLUTE
    ../fplib/dfixu.s                         0x00000000   Number         0  dfixu.o ABSOLUTE
    ../fplib/dflt.s                          0x00000000   Number         0  dflt_clz.o ABSOLUTE
    ../fplib/dleqf.s                         0x00000000   Number         0  dleqf.o ABSOLUTE
    ../fplib/dmul.s                          0x00000000   Number         0  dmul.o ABSOLUTE
    ../fplib/dnaninf.s                       0x00000000   Number         0  dnaninf.o ABSOLUTE
    ../fplib/dretinf.s                       0x00000000   Number         0  dretinf.o ABSOLUTE
    ../fplib/dsqrt.s                         0x00000000   Number         0  dsqrt_noumaal.o ABSOLUTE
    ../fplib/fpinit.s                        0x00000000   Number         0  fpinit.o ABSOLUTE
    ../fplib/retnan.s                        0x00000000   Number         0  retnan.o ABSOLUTE
    ../fplib/scalbn.s                        0x00000000   Number         0  scalbn.o ABSOLUTE
    ../fplib/trapv.s                         0x00000000   Number         0  trapv.o ABSOLUTE
    ../fplib/usenofp.s                       0x00000000   Number         0  usenofp.o ABSOLUTE
    ../mathlib/atan.c                        0x00000000   Number         0  atan.o ABSOLUTE
    ../mathlib/atan.c                        0x00000000   Number         0  atan_x.o ABSOLUTE
    ../mathlib/atan2.c                       0x00000000   Number         0  atan2_x.o ABSOLUTE
    ../mathlib/atan2.c                       0x00000000   Number         0  atan2.o ABSOLUTE
    ../mathlib/cos.c                         0x00000000   Number         0  cos.o ABSOLUTE
    ../mathlib/cos.c                         0x00000000   Number         0  cos_x.o ABSOLUTE
    ../mathlib/cos_i.c                       0x00000000   Number         0  cos_i.o ABSOLUTE
    ../mathlib/dunder.c                      0x00000000   Number         0  dunder.o ABSOLUTE
    ../mathlib/fpclassify.c                  0x00000000   Number         0  fpclassify.o ABSOLUTE
    ../mathlib/poly.c                        0x00000000   Number         0  poly.o ABSOLUTE
    ../mathlib/qnan.c                        0x00000000   Number         0  qnan.o ABSOLUTE
    ../mathlib/rred.c                        0x00000000   Number         0  rred.o ABSOLUTE
    ../mathlib/sin.c                         0x00000000   Number         0  sin_x.o ABSOLUTE
    ../mathlib/sin.c                         0x00000000   Number         0  sin.o ABSOLUTE
    ../mathlib/sin_i.c                       0x00000000   Number         0  sin_i_x.o ABSOLUTE
    ../mathlib/sin_i.c                       0x00000000   Number         0  sin_i.o ABSOLUTE
    ../mathlib/sqrt.c                        0x00000000   Number         0  sqrt_x.o ABSOLUTE
    ../mathlib/sqrt.c                        0x00000000   Number         0  sqrt.o ABSOLUTE
    C:\Users\Облочко\AppData\Local\Arm\Packs\Keil\STM32F1xx_DFP\2.4.0\Device\StdPeriph_Driver\src\misc.c 0x00000000   Number         0  misc.o ABSOLUTE
    C:\Users\Облочко\AppData\Local\Arm\Packs\Keil\STM32F1xx_DFP\2.4.0\Device\StdPeriph_Driver\src\stm32f10x_gpio.c 0x00000000   Number         0  stm32f10x_gpio.o ABSOLUTE
    C:\Users\Облочко\AppData\Local\Arm\Packs\Keil\STM32F1xx_DFP\2.4.0\Device\StdPeriph_Driver\src\stm32f10x_rcc.c 0x00000000   Number         0  stm32f10x_rcc.o ABSOLUTE
    C:\\Users\\Облочко\\AppData\\Local\\Arm\\Packs\\Keil\\STM32F1xx_DFP\\2.4.0\\Device\\StdPeriph_Driver\\src\\misc.c 0x00000000   Number         0  misc.o ABSOLUTE
    C:\\Users\\Облочко\\AppData\\Local\\Arm\\Packs\\Keil\\STM32F1xx_DFP\\2.4.0\\Device\\StdPeriph_Driver\\src\\stm32f10x_gpio.c 0x00000000   Number         0  stm32f10x_gpio.o ABSOLUTE
    C:\\Users\\Облочко\\AppData\\Local\\Arm\\Packs\\Keil\\STM32F1xx_DFP\\2.4.0\\Device\\StdPeriph_Driver\\src\\stm32f10x_rcc.c 0x00000000   Number         0  stm32f10x_rcc.o ABSOLUTE
    RTE\Device\STM32F103C8\startup_stm32f10x_md.s 0x00000000   Number         0  startup_stm32f10x_md.o ABSOLUTE
    RTE\Device\STM32F103C8\system_stm32f10x.c 0x00000000   Number         0  system_stm32f10x.o ABSOLUTE
    RTE\\Device\\STM32F103C8\\system_stm32f10x.c 0x00000000   Number         0  system_stm32f10x.o ABSOLUTE
    dc.s                                     0x00000000   Number         0  dc.o ABSOLUTE
    src\\adc\\adc.cpp                        0x00000000   Number         0  adc.o ABSOLUTE
    src\\dma\\dma.cpp                        0x00000000   Number         0  dma.o ABSOLUTE
    src\\main\\main.cpp                      0x00000000   Number         0  main.o ABSOLUTE
    src\\miltiplexer\\multiplexer.cpp        0x00000000   Number         0  multiplexer.o ABSOLUTE
    src\\pins\\pin_setup.cpp                 0x00000000   Number         0  pin_setup.o ABSOLUTE
    src\\spl\\stm32f10x_adc.c                0x00000000   Number         0  stm32f10x_adc.o ABSOLUTE
    src\\spl\\stm32f10x_dma.c                0x00000000   Number         0  stm32f10x_dma.o ABSOLUTE
    src\\spl\\stm32f10x_tim.c                0x00000000   Number         0  stm32f10x_tim.o ABSOLUTE
    src\\spl\\stm32f10x_usart.c              0x00000000   Number         0  stm32f10x_usart.o ABSOLUTE
    src\\time_service\\time_service.cpp      0x00000000   Number         0  time_service.o ABSOLUTE
    src\\uart\\uart.cpp                      0x00000000   Number         0  uart.o ABSOLUTE
    src\adc\adc.cpp                          0x00000000   Number         0  adc.o ABSOLUTE
    src\dma\dma.cpp                          0x00000000   Number         0  dma.o ABSOLUTE
    src\main\main.cpp                        0x00000000   Number         0  main.o ABSOLUTE
    src\miltiplexer\multiplexer.cpp          0x00000000   Number         0  multiplexer.o ABSOLUTE
    src\pins\pin_setup.cpp                   0x00000000   Number         0  pin_setup.o ABSOLUTE
    src\spl\stm32f10x_adc.c                  0x00000000   Number         0  stm32f10x_adc.o ABSOLUTE
    src\spl\stm32f10x_dma.c                  0x00000000   Number         0  stm32f10x_dma.o ABSOLUTE
    src\spl\stm32f10x_tim.c                  0x00000000   Number         0  stm32f10x_tim.o ABSOLUTE
    src\spl\stm32f10x_usart.c                0x00000000   Number         0  stm32f10x_usart.o ABSOLUTE
    src\time_service\time_service.cpp        0x00000000   Number         0  time_service.o ABSOLUTE
    src\uart\uart.cpp                        0x00000000   Number         0  uart.o ABSOLUTE
    RESET                                    0x08000000   Section      236  startup_stm32f10x_md.o(RESET)
    !!!main                                  0x080000ec   Section        8  __main.o(!!!main)
    !!!scatter                               0x080000f4   Section       52  __scatter.o(!!!scatter)
    !!handler_copy                           0x08000128   Section       26  __scatter_copy.o(!!handler_copy)
    !!handler_zi                             0x08000144   Section       28  __scatter_zi.o(!!handler_zi)
    .ARM.Collect$$libinit$$00000000          0x08000160   Section        2  libinit.o(.ARM.Collect$$libinit$$00000000)
    .ARM.Collect$$libinit$$00000002          0x08000162   Section        0  libinit2.o(.ARM.Collect$$libinit$$00000002)
    .ARM.Collect$$libinit$$00000004          0x08000162   Section        0  libinit2.o(.ARM.Collect$$libinit$$00000004)
    .ARM.Collect$$libinit$$0000000A          0x08000162   Section        0  libinit2.o(.ARM.Collect$$libinit$$0000000A)
    .ARM.Collect$$libinit$$0000000C          0x08000162   Section        0  libinit2.o(.ARM.Collect$$libinit$$0000000C)
    .ARM.Collect$$libinit$$0000000E          0x08000162   Section        0  libinit2.o(.ARM.Collect$$libinit$$0000000E)
    .ARM.Collect$$libinit$$00000011          0x08000162   Section        0  libinit2.o(.ARM.Collect$$libinit$$00000011)
    .ARM.Collect$$libinit$$00000013          0x08000162   Section        0  libinit2.o(.ARM.Collect$$libinit$$00000013)
    .ARM.Collect$$libinit$$00000015          0x08000162   Section        0  libinit2.o(.ARM.Collect$$libinit$$00000015)
    .ARM.Collect$$libinit$$00000017          0x08000162   Section        0  libinit2.o(.ARM.Collect$$libinit$$00000017)
    .ARM.Collect$$libinit$$00000019          0x08000162   Section        0  libinit2.o(.ARM.Collect$$libinit$$00000019)
    .ARM.Collect$$libinit$$0000001B          0x08000162   Section        0  libinit2.o(.ARM.Collect$$libinit$$0000001B)
    .ARM.Collect$$libinit$$0000001D          0x08000162   Section        0  libinit2.o(.ARM.Collect$$libinit$$0000001D)
    .ARM.Collect$$libinit$$0000001F          0x08000162   Section        0  libinit2.o(.ARM.Collect$$libinit$$0000001F)
    .ARM.Collect$$libinit$$00000021          0x08000162   Section        0  libinit2.o(.ARM.Collect$$libinit$$00000021)
    .ARM.Collect$$libinit$$00000023          0x08000162   Section        0  libinit2.o(.ARM.Collect$$libinit$$00000023)
    .ARM.Collect$$libinit$$00000025          0x08000162   Section        0  libinit2.o(.ARM.Collect$$libinit$$00000025)
    .ARM.Collect$$libinit$$0000002C          0x08000162   Section        0  libinit2.o(.ARM.Collect$$libinit$$0000002C)
    .ARM.Collect$$libinit$$0000002E          0x08000162   Section        0  libinit2.o(.ARM.Collect$$libinit$$0000002E)
    .ARM.Collect$$libinit$$00000030          0x08000162   Section        0  libinit2.o(.ARM.Collect$$libinit$$00000030)
    .ARM.Collect$$libinit$$00000032          0x08000162   Section        0  libinit2.o(.ARM.Collect$$libinit$$00000032)
    .ARM.Collect$$libinit$$00000033          0x08000162   Section        2  libinit2.o(.ARM.Collect$$libinit$$00000033)
    .ARM.Collect$$libshutdown$$00000000      0x08000164   Section        2  libshutdown.o(.ARM.Collect$$libshutdown$$00000000)
    .ARM.Collect$$libshutdown$$00000002      0x08000166   Section        0  libshutdown2.o(.ARM.Collect$$libshutdown$$00000002)
    .ARM.Collect$$libshutdown$$00000004      0x08000166   Section        0  libshutdown2.o(.ARM.Collect$$libshutdown$$00000004)
    .ARM.Collect$$libshutdown$$00000006      0x08000166   Section        0  libshutdown2.o(.ARM.Collect$$libshutdown$$00000006)
    .ARM.Collect$$libshutdown$$00000009      0x08000166   Section        0  libshutdown2.o(.ARM.Collect$$libshutdown$$00000009)
    .ARM.Collect$$libshutdown$$0000000C      0x08000166   Section        0  libshutdown2.o(.ARM.Collect$$libshutdown$$0000000C)
    .ARM.Collect$$libshutdown$$0000000E      0x08000166   Section        0  libshutdown2.o(.ARM.Collect$$libshutdown$$0000000E)
    .ARM.Collect$$libshutdown$$00000011      0x08000166   Section        0  libshutdown2.o(.ARM.Collect$$libshutdown$$00000011)
    .ARM.Collect$$libshutdown$$00000012      0x08000166   Section        2  libshutdown2.o(.ARM.Collect$$libshutdown$$00000012)
    .ARM.Collect$$rtentry$$00000000          0x08000168   Section        0  __rtentry.o(.ARM.Collect$$rtentry$$00000000)
    .ARM.Collect$$rtentry$$00000002          0x08000168   Section        0  __rtentry2.o(.ARM.Collect$$rtentry$$00000002)
    .ARM.Collect$$rtentry$$00000004          0x08000168   Section        6  __rtentry4.o(.ARM.Collect$$rtentry$$00000004)
    .ARM.Collect$$rtentry$$00000009          0x0800016e   Section        0  __rtentry2.o(.ARM.Collect$$rtentry$$00000009)
    .ARM.Collect$$rtentry$$0000000A          0x0800016e   Section        4  __rtentry2.o(.ARM.Collect$$rtentry$$0000000A)
    .ARM.Collect$$rtentry$$0000000C          0x08000172   Section        0  __rtentry2.o(.ARM.Collect$$rtentry$$0000000C)
    .ARM.Collect$$rtentry$$0000000D          0x08000172   Section        8  __rtentry2.o(.ARM.Collect$$rtentry$$0000000D)
    .ARM.Collect$$rtexit$$00000000           0x0800017a   Section        2  rtexit.o(.ARM.Collect$$rtexit$$00000000)
    .ARM.Collect$$rtexit$$00000002           0x0800017c   Section        0  rtexit2.o(.ARM.Collect$$rtexit$$00000002)
    .ARM.Collect$$rtexit$$00000003           0x0800017c   Section        4  rtexit2.o(.ARM.Collect$$rtexit$$00000003)
    .ARM.Collect$$rtexit$$00000004           0x08000180   Section        6  rtexit2.o(.ARM.Collect$$rtexit$$00000004)
    .text                                    0x08000188   Section       64  startup_stm32f10x_md.o(.text)
    .text                                    0x080001c8   Section      100  rt_memcpy_w.o(.text)
    .text                                    0x0800022c   Section        0  heapauxi.o(.text)
    .text                                    0x08000232   Section        0  _rserrno.o(.text)
    .text                                    0x08000248   Section        8  rt_errno_addr_intlibspace.o(.text)
    .text                                    0x08000250   Section        8  libspace.o(.text)
    .text                                    0x08000258   Section       74  sys_stackheap_outer.o(.text)
    .text                                    0x080002a2   Section        0  exit.o(.text)
    .text                                    0x080002b4   Section        0  sys_exit.o(.text)
    .text                                    0x080002c0   Section        2  use_no_semi.o(.text)
    .text                                    0x080002c2   Section        0  indicate_semi.o(.text)
    i.ADC_Cmd                                0x080002c2   Section        0  stm32f10x_adc.o(i.ADC_Cmd)
    i.ADC_DMACmd                             0x080002da   Section        0  stm32f10x_adc.o(i.ADC_DMACmd)
    i.ADC_Init                               0x080002f4   Section        0  stm32f10x_adc.o(i.ADC_Init)
    i.ADC_RegularChannelConfig               0x0800033c   Section        0  stm32f10x_adc.o(i.ADC_RegularChannelConfig)
    i.ADC_SoftwareStartConvCmd               0x080003b0   Section        0  stm32f10x_adc.o(i.ADC_SoftwareStartConvCmd)
    i.DMA_Cmd                                0x080003c8   Section        0  stm32f10x_dma.o(i.DMA_Cmd)
    i.DMA_Init                               0x080003e2   Section        0  stm32f10x_dma.o(i.DMA_Init)
    i.GPIO_Init                              0x0800041c   Section        0  stm32f10x_gpio.o(i.GPIO_Init)
    i.RCC_AHBPeriphClockCmd                  0x080004c4   Section        0  stm32f10x_rcc.o(i.RCC_AHBPeriphClockCmd)
    i.RCC_APB2PeriphClockCmd                 0x080004e0   Section        0  stm32f10x_rcc.o(i.RCC_APB2PeriphClockCmd)
    i.RCC_GetClocksFreq                      0x080004fc   Section        0  stm32f10x_rcc.o(i.RCC_GetClocksFreq)
    i.SysTick_Handler                        0x080005a8   Section        0  time_service.o(i.SysTick_Handler)
    i.SystemInit                             0x080005b8   Section        0  system_stm32f10x.o(i.SystemInit)
    i.USART1_IRQHandler                      0x08000608   Section        0  uart.o(i.USART1_IRQHandler)
    i.USART_ClearITPendingBit                0x08000684   Section        0  stm32f10x_usart.o(i.USART_ClearITPendingBit)
    i.USART_Cmd                              0x08000694   Section        0  stm32f10x_usart.o(i.USART_Cmd)
    i.USART_ITConfig                         0x080006ac   Section        0  stm32f10x_usart.o(i.USART_ITConfig)
    i.USART_Init                             0x080006e4   Section        0  stm32f10x_usart.o(i.USART_Init)
    i._Z11SetSysClockv                       0x080007a0   Section        0  system_stm32f10x.o(i._Z11SetSysClockv)
    SetSysClock()                            0x080007a1   Thumb Code     4  system_stm32f10x.o(i._Z11SetSysClockv)
    i._Z14qsortRecursivePii                  0x080007a4   Section        0  main.o(i._Z14qsortRecursivePii)
    i._Z16SetSysClockToHSEv                  0x08000808   Section        0  system_stm32f10x.o(i._Z16SetSysClockToHSEv)
    SetSysClockToHSE()                       0x08000809   Thumb Code   128  system_stm32f10x.o(i._Z16SetSysClockToHSEv)
    i._Z4crc8Phi                             0x08000890   Section        0  main.o(i._Z4crc8Phi)
    i._Z4getXPi                              0x080008c0   Section        0  main.o(i._Z4getXPi)
    i._Z4getYPi                              0x0800091c   Section        0  main.o(i._Z4getYPi)
    i._Z7getDistdd                           0x08000978   Section        0  main.o(i._Z7getDistdd)
    i._Z8getAngledd                          0x080009b8   Section        0  main.o(i._Z8getAngledd)
    i._Z9toRadiansd                          0x080009fc   Section        0  main.o(i._Z9toRadiansd)
    i._ZN11Multiplexer11getPh1ValueEh        0x08000a20   Section        0  multiplexer.o(i._ZN11Multiplexer11getPh1ValueEh)
    i._ZN11Multiplexer11getPh2ValueEh        0x08000a38   Section        0  multiplexer.o(i._ZN11Multiplexer11getPh2ValueEh)
    i._ZN11Multiplexer9setState1Eh           0x08000a50   Section        0  multiplexer.o(i._ZN11Multiplexer9setState1Eh)
    i._ZN11Multiplexer9setState2Eh           0x08000abc   Section        0  multiplexer.o(i._ZN11Multiplexer9setState2Eh)
    i._ZN11MultiplexerC1ER3PinS1_S1_S1_R3DmaiP19DMA_Channel_TypeDef 0x08000b28   Section        0  multiplexer.o(i._ZN11MultiplexerC1ER3PinS1_S1_S1_R3DmaiP19DMA_Channel_TypeDef)
    i._ZN12time_service4initEv               0x08000bb8   Section        0  time_service.o(i._ZN12time_service4initEv)
    i._ZN12time_service9startTimeEv          0x08000bf8   Section        0  time_service.o(i._ZN12time_service9startTimeEv)
    i._ZN3Adc10adcDmaInitEv                  0x08000c06   Section        0  adc.o(i._ZN3Adc10adcDmaInitEv)
    i._ZN3Adc10setChannelEv                  0x08000c08   Section        0  adc.o(i._ZN3Adc10setChannelEv)
    i._ZN3Adc6getAdcEv                       0x08000c46   Section        0  adc.o(i._ZN3Adc6getAdcEv)
    i._ZN3Adc7adcInitEv                      0x08000c4a   Section        0  adc.o(i._ZN3Adc7adcInitEv)
    i._ZN3Adc8startAdcEv                     0x08000c4c   Section        0  adc.o(i._ZN3Adc8startAdcEv)
    i._ZN3AdcC1EP11ADC_TypeDefhhjR3Pin       0x08000c82   Section        0  adc.o(i._ZN3AdcC1EP11ADC_TypeDefhhjR3Pin)
    i._ZN3Dma10dataReturnEh                  0x08000cbe   Section        0  dma.o(i._ZN3Dma10dataReturnEh)
    i._ZN3Dma12adcInitInDmaEv                0x08000cc8   Section        0  dma.o(i._ZN3Dma12adcInitInDmaEv)
    i._ZN3Dma7dmaInitEv                      0x08000cf4   Section        0  dma.o(i._ZN3Dma7dmaInitEv)
    i._ZN3DmaC1EjR3AdcP19DMA_Channel_TypeDefj 0x08000d4a   Section        0  dma.o(i._ZN3DmaC1EjR3AdcP19DMA_Channel_TypeDefj)
    i._ZN3Pin6setBitEv                       0x08000d6c   Section        0  pin_setup.o(i._ZN3Pin6setBitEv)
    i._ZN3Pin7pinInitEv                      0x08000d78   Section        0  pin_setup.o(i._ZN3Pin7pinInitEv)
    i._ZN3Pin8resetBitEv                     0x08000e24   Section        0  pin_setup.o(i._ZN3Pin8resetBitEv)
    i._ZN3PinC1EtP12GPIO_TypeDef16GPIOMode_TypeDefP11TIM_TypeDefjjtjj 0x08000e30   Section        0  pin_setup.o(i._ZN3PinC1EtP12GPIO_TypeDef16GPIOMode_TypeDefP11TIM_TypeDefjjtjj)
    i._ZN4Uart5writeEh                       0x08000e58   Section        0  uart.o(i._ZN4Uart5writeEh)
    i._ZN4Uart8uartInitEv                    0x08000ea0   Section        0  uart.o(i._ZN4Uart8uartInitEv)
    i.__ARM_fpclassify                       0x08000f1c   Section        0  fpclassify.o(i.__ARM_fpclassify)
    i.__cxa_guard_acquire                    0x08000f44   Section        0  cxa_guard_acquire.o(i.__cxa_guard_acquire)
    i.__ieee754_rem_pio2                     0x08000f54   Section        0  rred.o(i.__ieee754_rem_pio2)
    i.__kernel_cos                           0x080012dc   Section        0  cos_i.o(i.__kernel_cos)
    i.__kernel_poly                          0x080013d8   Section        0  poly.o(i.__kernel_poly)
    i.__kernel_sin                           0x08001484   Section        0  sin_i.o(i.__kernel_sin)
    i.__mathlib_dbl_infnan                   0x08001570   Section        0  dunder.o(i.__mathlib_dbl_infnan)
    i.__mathlib_dbl_infnan2                  0x08001576   Section        0  dunder.o(i.__mathlib_dbl_infnan2)
    i.__mathlib_dbl_invalid                  0x0800157a   Section        0  dunder.o(i.__mathlib_dbl_invalid)
    i.__mathlib_dbl_underflow                0x08001588   Section        0  dunder.o(i.__mathlib_dbl_underflow)
    i.atan                                   0x08001598   Section        0  atan.o(i.atan)
    i.atan2                                  0x080017b8   Section        0  atan2.o(i.atan2)
    i.cos                                    0x08001954   Section        0  cos.o(i.cos)
    i.main                                   0x080019f0   Section        0  main.o(i.main)
    i.sin                                    0x08001d70   Section        0  sin.o(i.sin)
    i.sqrt                                   0x08001e10   Section        0  sqrt.o(i.sqrt)
    x$fpl$dadd                               0x08001e5c   Section      336  daddsub_clz.o(x$fpl$dadd)
    _dadd1                                   0x08001e6d   Thumb Code     0  daddsub_clz.o(x$fpl$dadd)
    x$fpl$dcheck1                            0x08001fac   Section       16  dcheck1.o(x$fpl$dcheck1)
    x$fpl$dcmpinf                            0x08001fbc   Section       24  dcmpi.o(x$fpl$dcmpinf)
    x$fpl$ddiv                               0x08001fd4   Section      688  ddiv.o(x$fpl$ddiv)
    ddiv_entry                               0x08001fdb   Thumb Code     0  ddiv.o(x$fpl$ddiv)
    x$fpl$deqf                               0x08002284   Section      120  deqf.o(x$fpl$deqf)
    x$fpl$dfix                               0x080022fc   Section       94  dfix.o(x$fpl$dfix)
    x$fpl$dfixu                              0x0800235c   Section       90  dfixu.o(x$fpl$dfixu)
    x$fpl$dflt                               0x080023b6   Section       46  dflt_clz.o(x$fpl$dflt)
    x$fpl$dfltu                              0x080023e4   Section       38  dflt_clz.o(x$fpl$dfltu)
    x$fpl$dleqf                              0x0800240c   Section      120  dleqf.o(x$fpl$dleqf)
    x$fpl$dmul                               0x08002484   Section      340  dmul.o(x$fpl$dmul)
    x$fpl$dnaninf                            0x080025d8   Section      156  dnaninf.o(x$fpl$dnaninf)
    x$fpl$dretinf                            0x08002674   Section       12  dretinf.o(x$fpl$dretinf)
    x$fpl$drsb                               0x08002680   Section       22  daddsub_clz.o(x$fpl$drsb)
    x$fpl$dsqrt                              0x08002698   Section      460  dsqrt_noumaal.o(x$fpl$dsqrt)
    x$fpl$dsub                               0x08002864   Section      468  daddsub_clz.o(x$fpl$dsub)
    _dsub1                                   0x08002875   Thumb Code     0  daddsub_clz.o(x$fpl$dsub)
    x$fpl$retnan                             0x08002a38   Section      100  retnan.o(x$fpl$retnan)
    x$fpl$scalbn                             0x08002a9c   Section       92  scalbn.o(x$fpl$scalbn)
    x$fpl$trapveneer                         0x08002af8   Section       48  trapv.o(x$fpl$trapveneer)
    .constdata                               0x08002b28   Section      128  multiplexer.o(.constdata)
    x$fpl$usenofp                            0x08002b28   Section        0  usenofp.o(x$fpl$usenofp)
    .constdata                               0x08002ba8   Section      152  atan.o(.constdata)
    atanhi                                   0x08002ba8   Data          32  atan.o(.constdata)
    atanlo                                   0x08002bc8   Data          32  atan.o(.constdata)
    aTodd                                    0x08002be8   Data          40  atan.o(.constdata)
    aTeven                                   0x08002c10   Data          48  atan.o(.constdata)
    .constdata                               0x08002c40   Section       48  cos_i.o(.constdata)
    C                                        0x08002c40   Data          48  cos_i.o(.constdata)
    .constdata                               0x08002c70   Section        8  qnan.o(.constdata)
    .constdata                               0x08002c78   Section      200  rred.o(.constdata)
    pio2s                                    0x08002c78   Data          48  rred.o(.constdata)
    twooverpi                                0x08002ca8   Data         152  rred.o(.constdata)
    .constdata                               0x08002d40   Section       40  sin_i.o(.constdata)
    S                                        0x08002d40   Data          40  sin_i.o(.constdata)
    .data                                    0x20000000   Section       24  main.o(.data)
    _ZGVlightValue_2                         0x20000000   Data           4  main.o(.data)
    _ZGVlightValue                           0x20000004   Data           4  main.o(.data)
    _ZGVstate4                               0x20000008   Data           4  main.o(.data)
    _ZGVstate3                               0x2000000c   Data           4  main.o(.data)
    _ZGVstate2                               0x20000010   Data           4  main.o(.data)
    _ZGVstate1                               0x20000014   Data           4  main.o(.data)
    .data                                    0x20000018   Section       10  uart.o(.data)
    .data                                    0x20000024   Section        4  time_service.o(.data)
    .data                                    0x20000028   Section       20  stm32f10x_rcc.o(.data)
    ADCPrescTable                            0x20000028   Data           4  stm32f10x_rcc.o(.data)
    APBAHBPrescTable                         0x2000002c   Data          16  stm32f10x_rcc.o(.data)
    .data                                    0x2000003c   Section       20  system_stm32f10x.o(.data)
    .bss                                     0x20000050   Section      216  main.o(.bss)
    state1                                   0x20000050   Data          36  main.o(.bss)
    state2                                   0x20000074   Data          36  main.o(.bss)
    state3                                   0x20000098   Data          36  main.o(.bss)
    state4                                   0x200000bc   Data          36  main.o(.bss)
    lightValue                               0x200000e0   Data          36  main.o(.bss)
    lightValue_2                             0x20000104   Data          36  main.o(.bss)
    .bss                                     0x20000128   Section       32  uart.o(.bss)
    .bss                                     0x20000148   Section       96  libspace.o(.bss)
    HEAP                                     0x200001a8   Section      512  startup_stm32f10x_md.o(HEAP)
    Heap_Mem                                 0x200001a8   Data         512  startup_stm32f10x_md.o(HEAP)
    STACK                                    0x200003a8   Section     1024  startup_stm32f10x_md.o(STACK)
    Stack_Mem                                0x200003a8   Data        1024  startup_stm32f10x_md.o(STACK)
    __initial_sp                             0x200007a8   Data           0  startup_stm32f10x_md.o(STACK)

    Global Symbols

    Symbol Name                              Value     Ov Type        Size  Object(Section)

    BuildAttributes$$THM_ISAv4$P$D$K$B$S$PE$A:L22UL41UL21$X:L11$S22US41US21$IEEE1$IW$USESV6$~STKCKD$USESV7$~SHL$OTIME$ROPI$IEEEX$EBA8$UX$STANDARDLIB$REQ8$PRES8$EABIv2 0x00000000   Number         0  anon$$obj.o ABSOLUTE
    __ARM_use_no_argv                        0x00000000   Number         0  main.o ABSOLUTE
    __ARM_exceptions_init                     - Undefined Weak Reference
    __alloca_initialize                       - Undefined Weak Reference
    __arm_fini_                               - Undefined Weak Reference
    __arm_preinit_                            - Undefined Weak Reference
    __cpp_initialize__aeabi_                  - Undefined Weak Reference
    __cxa_finalize                            - Undefined Weak Reference
    __rt_locale                               - Undefined Weak Reference
    __sigvec_lookup                           - Undefined Weak Reference
    _atexit_init                              - Undefined Weak Reference
    _call_atexit_fns                          - Undefined Weak Reference
    _clock_init                               - Undefined Weak Reference
    _fp_trap_init                             - Undefined Weak Reference
    _fp_trap_shutdown                         - Undefined Weak Reference
    _get_lc_collate                           - Undefined Weak Reference
    _get_lc_ctype                             - Undefined Weak Reference
    _get_lc_monetary                          - Undefined Weak Reference
    _get_lc_numeric                           - Undefined Weak Reference
    _get_lc_time                              - Undefined Weak Reference
    _getenv_init                              - Undefined Weak Reference
    _handle_redirection                       - Undefined Weak Reference
    _init_alloc                               - Undefined Weak Reference
    _init_user_alloc                          - Undefined Weak Reference
    _initio                                   - Undefined Weak Reference
    _rand_init                                - Undefined Weak Reference
    _signal_finish                            - Undefined Weak Reference
    _signal_init                              - Undefined Weak Reference
    _terminate_alloc                          - Undefined Weak Reference
    _terminate_user_alloc                     - Undefined Weak Reference
    _terminateio                              - Undefined Weak Reference
    __Vectors_Size                           0x000000ec   Number         0  startup_stm32f10x_md.o ABSOLUTE
    __Vectors                                0x08000000   Data           4  startup_stm32f10x_md.o(RESET)
    __Vectors_End                            0x080000ec   Data           0  startup_stm32f10x_md.o(RESET)
    __main                                   0x080000ed   Thumb Code     8  __main.o(!!!main)
    __scatterload                            0x080000f5   Thumb Code     0  __scatter.o(!!!scatter)
    __scatterload_rt2                        0x080000f5   Thumb Code    44  __scatter.o(!!!scatter)
    __scatterload_rt2_thumb_only             0x080000f5   Thumb Code     0  __scatter.o(!!!scatter)
    __scatterload_null                       0x08000103   Thumb Code     0  __scatter.o(!!!scatter)
    __scatterload_copy                       0x08000129   Thumb Code    26  __scatter_copy.o(!!handler_copy)
    __scatterload_zeroinit                   0x08000145   Thumb Code    28  __scatter_zi.o(!!handler_zi)
    __rt_lib_init                            0x08000161   Thumb Code     0  libinit.o(.ARM.Collect$$libinit$$00000000)
    __rt_lib_init_alloca_1                   0x08000163   Thumb Code     0  libinit2.o(.ARM.Collect$$libinit$$0000002E)
    __rt_lib_init_argv_1                     0x08000163   Thumb Code     0  libinit2.o(.ARM.Collect$$libinit$$0000002C)
    __rt_lib_init_atexit_1                   0x08000163   Thumb Code     0  libinit2.o(.ARM.Collect$$libinit$$0000001B)
    __rt_lib_init_clock_1                    0x08000163   Thumb Code     0  libinit2.o(.ARM.Collect$$libinit$$00000021)
    __rt_lib_init_cpp_1                      0x08000163   Thumb Code     0  libinit2.o(.ARM.Collect$$libinit$$00000032)
    __rt_lib_init_exceptions_1               0x08000163   Thumb Code     0  libinit2.o(.ARM.Collect$$libinit$$00000030)
    __rt_lib_init_fp_1                       0x08000163   Thumb Code     0  libinit2.o(.ARM.Collect$$libinit$$00000002)
    __rt_lib_init_fp_trap_1                  0x08000163   Thumb Code     0  libinit2.o(.ARM.Collect$$libinit$$0000001F)
    __rt_lib_init_getenv_1                   0x08000163   Thumb Code     0  libinit2.o(.ARM.Collect$$libinit$$00000023)
    __rt_lib_init_heap_1                     0x08000163   Thumb Code     0  libinit2.o(.ARM.Collect$$libinit$$0000000A)
    __rt_lib_init_lc_collate_1               0x08000163   Thumb Code     0  libinit2.o(.ARM.Collect$$libinit$$00000011)
    __rt_lib_init_lc_ctype_1                 0x08000163   Thumb Code     0  libinit2.o(.ARM.Collect$$libinit$$00000013)
    __rt_lib_init_lc_monetary_1              0x08000163   Thumb Code     0  libinit2.o(.ARM.Collect$$libinit$$00000015)
    __rt_lib_init_lc_numeric_1               0x08000163   Thumb Code     0  libinit2.o(.ARM.Collect$$libinit$$00000017)
    __rt_lib_init_lc_time_1                  0x08000163   Thumb Code     0  libinit2.o(.ARM.Collect$$libinit$$00000019)
    __rt_lib_init_preinit_1                  0x08000163   Thumb Code     0  libinit2.o(.ARM.Collect$$libinit$$00000004)
    __rt_lib_init_rand_1                     0x08000163   Thumb Code     0  libinit2.o(.ARM.Collect$$libinit$$0000000E)
    __rt_lib_init_return                     0x08000163   Thumb Code     0  libinit2.o(.ARM.Collect$$libinit$$00000033)
    __rt_lib_init_signal_1                   0x08000163   Thumb Code     0  libinit2.o(.ARM.Collect$$libinit$$0000001D)
    __rt_lib_init_stdio_1                    0x08000163   Thumb Code     0  libinit2.o(.ARM.Collect$$libinit$$00000025)
    __rt_lib_init_user_alloc_1               0x08000163   Thumb Code     0  libinit2.o(.ARM.Collect$$libinit$$0000000C)
    __rt_lib_shutdown                        0x08000165   Thumb Code     0  libshutdown.o(.ARM.Collect$$libshutdown$$00000000)
    __rt_lib_shutdown_cpp_1                  0x08000167   Thumb Code     0  libshutdown2.o(.ARM.Collect$$libshutdown$$00000004)
    __rt_lib_shutdown_fini_1                 0x08000167   Thumb Code     0  libshutdown2.o(.ARM.Collect$$libshutdown$$00000002)
    __rt_lib_shutdown_fp_trap_1              0x08000167   Thumb Code     0  libshutdown2.o(.ARM.Collect$$libshutdown$$00000009)
    __rt_lib_shutdown_heap_1                 0x08000167   Thumb Code     0  libshutdown2.o(.ARM.Collect$$libshutdown$$00000011)
    __rt_lib_shutdown_return                 0x08000167   Thumb Code     0  libshutdown2.o(.ARM.Collect$$libshutdown$$00000012)
    __rt_lib_shutdown_signal_1               0x08000167   Thumb Code     0  libshutdown2.o(.ARM.Collect$$libshutdown$$0000000C)
    __rt_lib_shutdown_stdio_1                0x08000167   Thumb Code     0  libshutdown2.o(.ARM.Collect$$libshutdown$$00000006)
    __rt_lib_shutdown_user_alloc_1           0x08000167   Thumb Code     0  libshutdown2.o(.ARM.Collect$$libshutdown$$0000000E)
    __rt_entry                               0x08000169   Thumb Code     0  __rtentry.o(.ARM.Collect$$rtentry$$00000000)
    __rt_entry_presh_1                       0x08000169   Thumb Code     0  __rtentry2.o(.ARM.Collect$$rtentry$$00000002)
    __rt_entry_sh                            0x08000169   Thumb Code     0  __rtentry4.o(.ARM.Collect$$rtentry$$00000004)
    __rt_entry_li                            0x0800016f   Thumb Code     0  __rtentry2.o(.ARM.Collect$$rtentry$$0000000A)
    __rt_entry_postsh_1                      0x0800016f   Thumb Code     0  __rtentry2.o(.ARM.Collect$$rtentry$$00000009)
    __rt_entry_main                          0x08000173   Thumb Code     0  __rtentry2.o(.ARM.Collect$$rtentry$$0000000D)
    __rt_entry_postli_1                      0x08000173   Thumb Code     0  __rtentry2.o(.ARM.Collect$$rtentry$$0000000C)
    __rt_exit                                0x0800017b   Thumb Code     0  rtexit.o(.ARM.Collect$$rtexit$$00000000)
    __rt_exit_ls                             0x0800017d   Thumb Code     0  rtexit2.o(.ARM.Collect$$rtexit$$00000003)
    __rt_exit_prels_1                        0x0800017d   Thumb Code     0  rtexit2.o(.ARM.Collect$$rtexit$$00000002)
    __rt_exit_exit                           0x08000181   Thumb Code     0  rtexit2.o(.ARM.Collect$$rtexit$$00000004)
    Reset_Handler                            0x08000189   Thumb Code     8  startup_stm32f10x_md.o(.text)
    NMI_Handler                              0x08000191   Thumb Code     2  startup_stm32f10x_md.o(.text)
    HardFault_Handler                        0x08000193   Thumb Code     2  startup_stm32f10x_md.o(.text)
    MemManage_Handler                        0x08000195   Thumb Code     2  startup_stm32f10x_md.o(.text)
    BusFault_Handler                         0x08000197   Thumb Code     2  startup_stm32f10x_md.o(.text)
    UsageFault_Handler                       0x08000199   Thumb Code     2  startup_stm32f10x_md.o(.text)
    SVC_Handler                              0x0800019b   Thumb Code     2  startup_stm32f10x_md.o(.text)
    DebugMon_Handler                         0x0800019d   Thumb Code     2  startup_stm32f10x_md.o(.text)
    PendSV_Handler                           0x0800019f   Thumb Code     2  startup_stm32f10x_md.o(.text)
    ADC1_2_IRQHandler                        0x080001a3   Thumb Code     0  startup_stm32f10x_md.o(.text)
    CAN1_RX1_IRQHandler                      0x080001a3   Thumb Code     0  startup_stm32f10x_md.o(.text)
    CAN1_SCE_IRQHandler                      0x080001a3   Thumb Code     0  startup_stm32f10x_md.o(.text)
    DMA1_Channel1_IRQHandler                 0x080001a3   Thumb Code     0  startup_stm32f10x_md.o(.text)
    DMA1_Channel2_IRQHandler                 0x080001a3   Thumb Code     0  startup_stm32f10x_md.o(.text)
    DMA1_Channel3_IRQHandler                 0x080001a3   Thumb Code     0  startup_stm32f10x_md.o(.text)
    DMA1_Channel4_IRQHandler                 0x080001a3   Thumb Code     0  startup_stm32f10x_md.o(.text)
    DMA1_Channel5_IRQHandler                 0x080001a3   Thumb Code     0  startup_stm32f10x_md.o(.text)
    DMA1_Channel6_IRQHandler                 0x080001a3   Thumb Code     0  startup_stm32f10x_md.o(.text)
    DMA1_Channel7_IRQHandler                 0x080001a3   Thumb Code     0  startup_stm32f10x_md.o(.text)
    EXTI0_IRQHandler                         0x080001a3   Thumb Code     0  startup_stm32f10x_md.o(.text)
    EXTI15_10_IRQHandler                     0x080001a3   Thumb Code     0  startup_stm32f10x_md.o(.text)
    EXTI1_IRQHandler                         0x080001a3   Thumb Code     0  startup_stm32f10x_md.o(.text)
    EXTI2_IRQHandler                         0x080001a3   Thumb Code     0  startup_stm32f10x_md.o(.text)
    EXTI3_IRQHandler                         0x080001a3   Thumb Code     0  startup_stm32f10x_md.o(.text)
    EXTI4_IRQHandler                         0x080001a3   Thumb Code     0  startup_stm32f10x_md.o(.text)
    EXTI9_5_IRQHandler                       0x080001a3   Thumb Code     0  startup_stm32f10x_md.o(.text)
    FLASH_IRQHandler                         0x080001a3   Thumb Code     0  startup_stm32f10x_md.o(.text)
    I2C1_ER_IRQHandler                       0x080001a3   Thumb Code     0  startup_stm32f10x_md.o(.text)
    I2C1_EV_IRQHandler                       0x080001a3   Thumb Code     0  startup_stm32f10x_md.o(.text)
    I2C2_ER_IRQHandler                       0x080001a3   Thumb Code     0  startup_stm32f10x_md.o(.text)
    I2C2_EV_IRQHandler                       0x080001a3   Thumb Code     0  startup_stm32f10x_md.o(.text)
    PVD_IRQHandler                           0x080001a3   Thumb Code     0  startup_stm32f10x_md.o(.text)
    RCC_IRQHandler                           0x080001a3   Thumb Code     0  startup_stm32f10x_md.o(.text)
    RTCAlarm_IRQHandler                      0x080001a3   Thumb Code     0  startup_stm32f10x_md.o(.text)
    RTC_IRQHandler                           0x080001a3   Thumb Code     0  startup_stm32f10x_md.o(.text)
    SPI1_IRQHandler                          0x080001a3   Thumb Code     0  startup_stm32f10x_md.o(.text)
    SPI2_IRQHandler                          0x080001a3   Thumb Code     0  startup_stm32f10x_md.o(.text)
    TAMPER_IRQHandler                        0x080001a3   Thumb Code     0  startup_stm32f10x_md.o(.text)
    TIM1_BRK_IRQHandler                      0x080001a3   Thumb Code     0  startup_stm32f10x_md.o(.text)
    TIM1_CC_IRQHandler                       0x080001a3   Thumb Code     0  startup_stm32f10x_md.o(.text)
    TIM1_TRG_COM_IRQHandler                  0x080001a3   Thumb Code     0  startup_stm32f10x_md.o(.text)
    TIM1_UP_IRQHandler                       0x080001a3   Thumb Code     0  startup_stm32f10x_md.o(.text)
    TIM2_IRQHandler                          0x080001a3   Thumb Code     0  startup_stm32f10x_md.o(.text)
    TIM3_IRQHandler                          0x080001a3   Thumb Code     0  startup_stm32f10x_md.o(.text)
    TIM4_IRQHandler                          0x080001a3   Thumb Code     0  startup_stm32f10x_md.o(.text)
    USART2_IRQHandler                        0x080001a3   Thumb Code     0  startup_stm32f10x_md.o(.text)
    USART3_IRQHandler                        0x080001a3   Thumb Code     0  startup_stm32f10x_md.o(.text)
    USBWakeUp_IRQHandler                     0x080001a3   Thumb Code     0  startup_stm32f10x_md.o(.text)
    USB_HP_CAN1_TX_IRQHandler                0x080001a3   Thumb Code     0  startup_stm32f10x_md.o(.text)
    USB_LP_CAN1_RX0_IRQHandler               0x080001a3   Thumb Code     0  startup_stm32f10x_md.o(.text)
    WWDG_IRQHandler                          0x080001a3   Thumb Code     0  startup_stm32f10x_md.o(.text)
    __user_initial_stackheap                 0x080001a5   Thumb Code     0  startup_stm32f10x_md.o(.text)
    __aeabi_memcpy4                          0x080001c9   Thumb Code     0  rt_memcpy_w.o(.text)
    __aeabi_memcpy8                          0x080001c9   Thumb Code     0  rt_memcpy_w.o(.text)
    __rt_memcpy_w                            0x080001c9   Thumb Code   100  rt_memcpy_w.o(.text)
    _memcpy_lastbytes_aligned                0x08000211   Thumb Code     0  rt_memcpy_w.o(.text)
    __use_two_region_memory                  0x0800022d   Thumb Code     2  heapauxi.o(.text)
    __rt_heap_escrow$2region                 0x0800022f   Thumb Code     2  heapauxi.o(.text)
    __rt_heap_expand$2region                 0x08000231   Thumb Code     2  heapauxi.o(.text)
    __read_errno                             0x08000233   Thumb Code    10  _rserrno.o(.text)
    __set_errno                              0x0800023d   Thumb Code    12  _rserrno.o(.text)
    __aeabi_errno_addr                       0x08000249   Thumb Code     8  rt_errno_addr_intlibspace.o(.text)
    __errno$intlibspace                      0x08000249   Thumb Code     0  rt_errno_addr_intlibspace.o(.text)
    __rt_errno_addr$intlibspace              0x08000249   Thumb Code     0  rt_errno_addr_intlibspace.o(.text)
    __user_libspace                          0x08000251   Thumb Code     8  libspace.o(.text)
    __user_perproc_libspace                  0x08000251   Thumb Code     0  libspace.o(.text)
    __user_perthread_libspace                0x08000251   Thumb Code     0  libspace.o(.text)
    __user_setup_stackheap                   0x08000259   Thumb Code    74  sys_stackheap_outer.o(.text)
    exit                                     0x080002a3   Thumb Code    18  exit.o(.text)
    _sys_exit                                0x080002b5   Thumb Code     8  sys_exit.o(.text)
    __I$use$semihosting                      0x080002c1   Thumb Code     0  use_no_semi.o(.text)
    __use_no_semihosting_swi                 0x080002c1   Thumb Code     2  use_no_semi.o(.text)
    ADC_Cmd                                  0x080002c3   Thumb Code    24  stm32f10x_adc.o(i.ADC_Cmd)
    __semihosting_library_function           0x080002c3   Thumb Code     0  indicate_semi.o(.text)
    ADC_DMACmd                               0x080002db   Thumb Code    24  stm32f10x_adc.o(i.ADC_DMACmd)
    ADC_Init                                 0x080002f5   Thumb Code    62  stm32f10x_adc.o(i.ADC_Init)
    ADC_RegularChannelConfig                 0x0800033d   Thumb Code   116  stm32f10x_adc.o(i.ADC_RegularChannelConfig)
    ADC_SoftwareStartConvCmd                 0x080003b1   Thumb Code    24  stm32f10x_adc.o(i.ADC_SoftwareStartConvCmd)
    DMA_Cmd                                  0x080003c9   Thumb Code    26  stm32f10x_dma.o(i.DMA_Cmd)
    DMA_Init                                 0x080003e3   Thumb Code    58  stm32f10x_dma.o(i.DMA_Init)
    GPIO_Init                                0x0800041d   Thumb Code   166  stm32f10x_gpio.o(i.GPIO_Init)
    RCC_AHBPeriphClockCmd                    0x080004c5   Thumb Code    22  stm32f10x_rcc.o(i.RCC_AHBPeriphClockCmd)
    RCC_APB2PeriphClockCmd                   0x080004e1   Thumb Code    22  stm32f10x_rcc.o(i.RCC_APB2PeriphClockCmd)
    RCC_GetClocksFreq                        0x080004fd   Thumb Code   154  stm32f10x_rcc.o(i.RCC_GetClocksFreq)
    SysTick_Handler                          0x080005a9   Thumb Code    10  time_service.o(i.SysTick_Handler)
    SystemInit                               0x080005b9   Thumb Code    64  system_stm32f10x.o(i.SystemInit)
    USART1_IRQHandler                        0x08000609   Thumb Code   110  uart.o(i.USART1_IRQHandler)
    USART_ClearITPendingBit                  0x08000685   Thumb Code    16  stm32f10x_usart.o(i.USART_ClearITPendingBit)
    USART_Cmd                                0x08000695   Thumb Code    24  stm32f10x_usart.o(i.USART_Cmd)
    USART_ITConfig                           0x080006ad   Thumb Code    54  stm32f10x_usart.o(i.USART_ITConfig)
    USART_Init                               0x080006e5   Thumb Code   182  stm32f10x_usart.o(i.USART_Init)
    qsortRecursive(int*, int)                0x080007a5   Thumb Code    98  main.o(i._Z14qsortRecursivePii)
    crc8(unsigned char*, int)                0x08000891   Thumb Code    46  main.o(i._Z4crc8Phi)
    getX(int*)                               0x080008c1   Thumb Code    88  main.o(i._Z4getXPi)
    getY(int*)                               0x0800091d   Thumb Code    88  main.o(i._Z4getYPi)
    getDist(double, double)                  0x08000979   Thumb Code    62  main.o(i._Z7getDistdd)
    getAngle(double, double)                 0x080009b9   Thumb Code    54  main.o(i._Z8getAngledd)
    toRadians(double)                        0x080009fd   Thumb Code    22  main.o(i._Z9toRadiansd)
    Multiplexer::getPh1Value(unsigned char)  0x08000a21   Thumb Code    24  multiplexer.o(i._ZN11Multiplexer11getPh1ValueEh)
    Multiplexer::getPh2Value(unsigned char)  0x08000a39   Thumb Code    24  multiplexer.o(i._ZN11Multiplexer11getPh2ValueEh)
    Multiplexer::setState1(unsigned char)    0x08000a51   Thumb Code   102  multiplexer.o(i._ZN11Multiplexer9setState1Eh)
    Multiplexer::setState2(unsigned char)    0x08000abd   Thumb Code   102  multiplexer.o(i._ZN11Multiplexer9setState2Eh)
    Multiplexer::Multiplexer(Pin&, Pin&, Pin&, Pin&, Dma&, int, DMA_Channel_TypeDef*) 0x08000b29   Thumb Code   144  multiplexer.o(i._ZN11MultiplexerC1ER3PinS1_S1_S1_R3DmaiP19DMA_Channel_TypeDef)
    Multiplexer::Multiplexer__sub_object(Pin&, Pin&, Pin&, Pin&, Dma&, int, DMA_Channel_TypeDef*) 0x08000b29   Thumb Code     0  multiplexer.o(i._ZN11MultiplexerC1ER3PinS1_S1_S1_R3DmaiP19DMA_Channel_TypeDef)
    time_service::init()                     0x08000bb9   Thumb Code    54  time_service.o(i._ZN12time_service4initEv)
    time_service::startTime()                0x08000bf9   Thumb Code    14  time_service.o(i._ZN12time_service9startTimeEv)
    Adc::adcDmaInit()                        0x08000c07   Thumb Code     2  adc.o(i._ZN3Adc10adcDmaInitEv)
    Adc::setChannel()                        0x08000c09   Thumb Code    62  adc.o(i._ZN3Adc10setChannelEv)
    Adc::getAdc()                            0x08000c47   Thumb Code     4  adc.o(i._ZN3Adc6getAdcEv)
    Adc::adcInit()                           0x08000c4b   Thumb Code     2  adc.o(i._ZN3Adc7adcInitEv)
    Adc::startAdc()                          0x08000c4d   Thumb Code    54  adc.o(i._ZN3Adc8startAdcEv)
    Adc::Adc(ADC_TypeDef*, unsigned char, unsigned char, unsigned, Pin&) 0x08000c83   Thumb Code    60  adc.o(i._ZN3AdcC1EP11ADC_TypeDefhhjR3Pin)
    Adc::Adc__sub_object(ADC_TypeDef*, unsigned char, unsigned char, unsigned, Pin&) 0x08000c83   Thumb Code     0  adc.o(i._ZN3AdcC1EP11ADC_TypeDefhhjR3Pin)
    Dma::dataReturn(unsigned char)           0x08000cbf   Thumb Code    10  dma.o(i._ZN3Dma10dataReturnEh)
    Dma::adcInitInDma()                      0x08000cc9   Thumb Code    44  dma.o(i._ZN3Dma12adcInitInDmaEv)
    Dma::dmaInit()                           0x08000cf5   Thumb Code    86  dma.o(i._ZN3Dma7dmaInitEv)
    Dma::Dma(unsigned, Adc&, DMA_Channel_TypeDef*, unsigned) 0x08000d4b   Thumb Code    34  dma.o(i._ZN3DmaC1EjR3AdcP19DMA_Channel_TypeDefj)
    Dma::Dma__sub_object(unsigned, Adc&, DMA_Channel_TypeDef*, unsigned) 0x08000d4b   Thumb Code     0  dma.o(i._ZN3DmaC1EjR3AdcP19DMA_Channel_TypeDefj)
    Pin::setBit()                            0x08000d6d   Thumb Code    12  pin_setup.o(i._ZN3Pin6setBitEv)
    Pin::pinInit()                           0x08000d79   Thumb Code   144  pin_setup.o(i._ZN3Pin7pinInitEv)
    Pin::resetBit()                          0x08000e25   Thumb Code    12  pin_setup.o(i._ZN3Pin8resetBitEv)
    Pin::Pin(unsigned short, GPIO_TypeDef*, GPIOMode_TypeDef, TIM_TypeDef*, unsigned, unsigned, unsigned short, unsigned, unsigned) 0x08000e31   Thumb Code    40  pin_setup.o(i._ZN3PinC1EtP12GPIO_TypeDef16GPIOMode_TypeDefP11TIM_TypeDefjjtjj)
    Pin::Pin__sub_object(unsigned short, GPIO_TypeDef*, GPIOMode_TypeDef, TIM_TypeDef*, unsigned, unsigned, unsigned short, unsigned, unsigned) 0x08000e31   Thumb Code     0  pin_setup.o(i._ZN3PinC1EtP12GPIO_TypeDef16GPIOMode_TypeDefP11TIM_TypeDefjjtjj)
    Uart::write(unsigned char)               0x08000e59   Thumb Code    58  uart.o(i._ZN4Uart5writeEh)
    Uart::uartInit()                         0x08000ea1   Thumb Code   108  uart.o(i._ZN4Uart8uartInitEv)
    __ARM_fpclassify                         0x08000f1d   Thumb Code    40  fpclassify.o(i.__ARM_fpclassify)
    __cxa_guard_acquire                      0x08000f45   Thumb Code    16  cxa_guard_acquire.o(i.__cxa_guard_acquire)
    __ieee754_rem_pio2                       0x08000f55   Thumb Code   828  rred.o(i.__ieee754_rem_pio2)
    __kernel_cos                             0x080012dd   Thumb Code   230  cos_i.o(i.__kernel_cos)
    __kernel_poly                            0x080013d9   Thumb Code   170  poly.o(i.__kernel_poly)
    __kernel_sin                             0x08001485   Thumb Code   224  sin_i.o(i.__kernel_sin)
    __mathlib_dbl_infnan                     0x08001571   Thumb Code     6  dunder.o(i.__mathlib_dbl_infnan)
    __mathlib_dbl_infnan2                    0x08001577   Thumb Code     4  dunder.o(i.__mathlib_dbl_infnan2)
    __mathlib_dbl_invalid                    0x0800157b   Thumb Code    12  dunder.o(i.__mathlib_dbl_invalid)
    __mathlib_dbl_underflow                  0x08001589   Thumb Code    10  dunder.o(i.__mathlib_dbl_underflow)
    atan                                     0x08001599   Thumb Code   474  atan.o(i.atan)
    atan2                                    0x080017b9   Thumb Code   374  atan2.o(i.atan2)
    cos                                      0x08001955   Thumb Code   148  cos.o(i.cos)
    main                                     0x080019f1   Thumb Code   850  main.o(i.main)
    sin                                      0x08001d71   Thumb Code   150  sin.o(i.sin)
    sqrt                                     0x08001e11   Thumb Code    76  sqrt.o(i.sqrt)
    __aeabi_dadd                             0x08001e5d   Thumb Code     0  daddsub_clz.o(x$fpl$dadd)
    _dadd                                    0x08001e5d   Thumb Code   332  daddsub_clz.o(x$fpl$dadd)
    __fpl_dcheck_NaN1                        0x08001fad   Thumb Code    10  dcheck1.o(x$fpl$dcheck1)
    __fpl_dcmp_Inf                           0x08001fbd   Thumb Code    24  dcmpi.o(x$fpl$dcmpinf)
    __aeabi_ddiv                             0x08001fd5   Thumb Code     0  ddiv.o(x$fpl$ddiv)
    _ddiv                                    0x08001fd5   Thumb Code   552  ddiv.o(x$fpl$ddiv)
    __aeabi_cdcmpeq                          0x08002285   Thumb Code     0  deqf.o(x$fpl$deqf)
    _dcmpeq                                  0x08002285   Thumb Code   120  deqf.o(x$fpl$deqf)
    __aeabi_d2iz                             0x080022fd   Thumb Code     0  dfix.o(x$fpl$dfix)
    _dfix                                    0x080022fd   Thumb Code    94  dfix.o(x$fpl$dfix)
    __aeabi_d2uiz                            0x0800235d   Thumb Code     0  dfixu.o(x$fpl$dfixu)
    _dfixu                                   0x0800235d   Thumb Code    90  dfixu.o(x$fpl$dfixu)
    __aeabi_i2d                              0x080023b7   Thumb Code     0  dflt_clz.o(x$fpl$dflt)
    _dflt                                    0x080023b7   Thumb Code    46  dflt_clz.o(x$fpl$dflt)
    __aeabi_ui2d                             0x080023e5   Thumb Code     0  dflt_clz.o(x$fpl$dfltu)
    _dfltu                                   0x080023e5   Thumb Code    38  dflt_clz.o(x$fpl$dfltu)
    __aeabi_cdcmple                          0x0800240d   Thumb Code     0  dleqf.o(x$fpl$dleqf)
    _dcmple                                  0x0800240d   Thumb Code   120  dleqf.o(x$fpl$dleqf)
    __fpl_dcmple_InfNaN                      0x0800246f   Thumb Code     0  dleqf.o(x$fpl$dleqf)
    __aeabi_dmul                             0x08002485   Thumb Code     0  dmul.o(x$fpl$dmul)
    _dmul                                    0x08002485   Thumb Code   332  dmul.o(x$fpl$dmul)
    __fpl_dnaninf                            0x080025d9   Thumb Code   156  dnaninf.o(x$fpl$dnaninf)
    __fpl_dretinf                            0x08002675   Thumb Code    12  dretinf.o(x$fpl$dretinf)
    __aeabi_drsub                            0x08002681   Thumb Code     0  daddsub_clz.o(x$fpl$drsb)
    _drsb                                    0x08002681   Thumb Code    22  daddsub_clz.o(x$fpl$drsb)
    _dsqrt                                   0x08002699   Thumb Code   456  dsqrt_noumaal.o(x$fpl$dsqrt)
    __aeabi_dsub                             0x08002865   Thumb Code     0  daddsub_clz.o(x$fpl$dsub)
    _dsub                                    0x08002865   Thumb Code   464  daddsub_clz.o(x$fpl$dsub)
    __fpl_return_NaN                         0x08002a39   Thumb Code   100  retnan.o(x$fpl$retnan)
    __ARM_scalbn                             0x08002a9d   Thumb Code    92  scalbn.o(x$fpl$scalbn)
    __fpl_cmpreturn                          0x08002af9   Thumb Code    48  trapv.o(x$fpl$trapveneer)
    __I$use$fp                               0x08002b28   Number         0  usenofp.o(x$fpl$usenofp)
    __mathlib_zero                           0x08002c70   Data           8  qnan.o(.constdata)
    Region$$Table$$Base                      0x08002d68   Number         0  anon$$obj.o(Region$$Table)
    Region$$Table$$Limit                     0x08002d88   Number         0  anon$$obj.o(Region$$Table)
    Uart::fl                                 0x20000018   Data           1  uart.o(.data)
    Uart::m_rxCnt                            0x2000001a   Data           2  uart.o(.data)
    Uart::m_txCnt                            0x2000001c   Data           2  uart.o(.data)
    Uart::m_readCnt                          0x2000001e   Data           2  uart.o(.data)
    Uart::m_sendCnt                          0x20000020   Data           2  uart.o(.data)
    time_service::systemTime                 0x20000024   Data           4  time_service.o(.data)
    SystemCoreClock                          0x2000003c   Data           4  system_stm32f10x.o(.data)
    AHBPrescTable                            0x20000040   Data          16  system_stm32f10x.o(.data)
    Uart::tx                                 0x20000128   Data          16  uart.o(.bss)
    Uart::rx                                 0x20000138   Data          16  uart.o(.bss)
    __libspace_start                         0x20000148   Data          96  libspace.o(.bss)
    __temporary_stack_top$libspace           0x200001a8   Data           0  libspace.o(.bss)



==============================================================================

Memory Map of the image

  Image Entry point : 0x08000189

  Load Region LR_1 (Base: 0x08000000, Size: 0x00002dd8, Max: 0xffffffff, ABSOLUTE)

    Execution Region ER_RO (Exec base: 0x08000000, Load base: 0x08000000, Size: 0x00002d88, Max: 0xffffffff, ABSOLUTE)

    Exec Addr    Load Addr    Size         Type   Attr      Idx    E Section Name        Object

    0x08000000   0x08000000   0x000000ec   Data   RO         2219    RESET               startup_stm32f10x_md.o
    0x080000ec   0x080000ec   0x00000008   Code   RO         2282  * !!!main             c_w.l(__main.o)
    0x080000f4   0x080000f4   0x00000034   Code   RO         2576    !!!scatter          c_w.l(__scatter.o)
    0x08000128   0x08000128   0x0000001a   Code   RO         2578    !!handler_copy      c_w.l(__scatter_copy.o)
    0x08000142   0x08000142   0x00000002   PAD
    0x08000144   0x08000144   0x0000001c   Code   RO         2580    !!handler_zi        c_w.l(__scatter_zi.o)
    0x08000160   0x08000160   0x00000002   Code   RO         2445    .ARM.Collect$$libinit$$00000000  c_w.l(libinit.o)
    0x08000162   0x08000162   0x00000000   Code   RO         2451    .ARM.Collect$$libinit$$00000002  c_w.l(libinit2.o)
    0x08000162   0x08000162   0x00000000   Code   RO         2453    .ARM.Collect$$libinit$$00000004  c_w.l(libinit2.o)
    0x08000162   0x08000162   0x00000000   Code   RO         2456    .ARM.Collect$$libinit$$0000000A  c_w.l(libinit2.o)
    0x08000162   0x08000162   0x00000000   Code   RO         2458    .ARM.Collect$$libinit$$0000000C  c_w.l(libinit2.o)
    0x08000162   0x08000162   0x00000000   Code   RO         2460    .ARM.Collect$$libinit$$0000000E  c_w.l(libinit2.o)
    0x08000162   0x08000162   0x00000000   Code   RO         2463    .ARM.Collect$$libinit$$00000011  c_w.l(libinit2.o)
    0x08000162   0x08000162   0x00000000   Code   RO         2465    .ARM.Collect$$libinit$$00000013  c_w.l(libinit2.o)
    0x08000162   0x08000162   0x00000000   Code   RO         2467    .ARM.Collect$$libinit$$00000015  c_w.l(libinit2.o)
    0x08000162   0x08000162   0x00000000   Code   RO         2469    .ARM.Collect$$libinit$$00000017  c_w.l(libinit2.o)
    0x08000162   0x08000162   0x00000000   Code   RO         2471    .ARM.Collect$$libinit$$00000019  c_w.l(libinit2.o)
    0x08000162   0x08000162   0x00000000   Code   RO         2473    .ARM.Collect$$libinit$$0000001B  c_w.l(libinit2.o)
    0x08000162   0x08000162   0x00000000   Code   RO         2475    .ARM.Collect$$libinit$$0000001D  c_w.l(libinit2.o)
    0x08000162   0x08000162   0x00000000   Code   RO         2477    .ARM.Collect$$libinit$$0000001F  c_w.l(libinit2.o)
    0x08000162   0x08000162   0x00000000   Code   RO         2479    .ARM.Collect$$libinit$$00000021  c_w.l(libinit2.o)
    0x08000162   0x08000162   0x00000000   Code   RO         2481    .ARM.Collect$$libinit$$00000023  c_w.l(libinit2.o)
    0x08000162   0x08000162   0x00000000   Code   RO         2483    .ARM.Collect$$libinit$$00000025  c_w.l(libinit2.o)
    0x08000162   0x08000162   0x00000000   Code   RO         2487    .ARM.Collect$$libinit$$0000002C  c_w.l(libinit2.o)
    0x08000162   0x08000162   0x00000000   Code   RO         2489    .ARM.Collect$$libinit$$0000002E  c_w.l(libinit2.o)
    0x08000162   0x08000162   0x00000000   Code   RO         2491    .ARM.Collect$$libinit$$00000030  c_w.l(libinit2.o)
    0x08000162   0x08000162   0x00000000   Code   RO         2493    .ARM.Collect$$libinit$$00000032  c_w.l(libinit2.o)
    0x08000162   0x08000162   0x00000002   Code   RO         2494    .ARM.Collect$$libinit$$00000033  c_w.l(libinit2.o)
    0x08000164   0x08000164   0x00000002   Code   RO         2514    .ARM.Collect$$libshutdown$$00000000  c_w.l(libshutdown.o)
    0x08000166   0x08000166   0x00000000   Code   RO         2527    .ARM.Collect$$libshutdown$$00000002  c_w.l(libshutdown2.o)
    0x08000166   0x08000166   0x00000000   Code   RO         2529    .ARM.Collect$$libshutdown$$00000004  c_w.l(libshutdown2.o)
    0x08000166   0x08000166   0x00000000   Code   RO         2531    .ARM.Collect$$libshutdown$$00000006  c_w.l(libshutdown2.o)
    0x08000166   0x08000166   0x00000000   Code   RO         2534    .ARM.Collect$$libshutdown$$00000009  c_w.l(libshutdown2.o)
    0x08000166   0x08000166   0x00000000   Code   RO         2537    .ARM.Collect$$libshutdown$$0000000C  c_w.l(libshutdown2.o)
    0x08000166   0x08000166   0x00000000   Code   RO         2539    .ARM.Collect$$libshutdown$$0000000E  c_w.l(libshutdown2.o)
    0x08000166   0x08000166   0x00000000   Code   RO         2542    .ARM.Collect$$libshutdown$$00000011  c_w.l(libshutdown2.o)
    0x08000166   0x08000166   0x00000002   Code   RO         2543    .ARM.Collect$$libshutdown$$00000012  c_w.l(libshutdown2.o)
    0x08000168   0x08000168   0x00000000   Code   RO         2348    .ARM.Collect$$rtentry$$00000000  c_w.l(__rtentry.o)
    0x08000168   0x08000168   0x00000000   Code   RO         2404    .ARM.Collect$$rtentry$$00000002  c_w.l(__rtentry2.o)
    0x08000168   0x08000168   0x00000006   Code   RO         2416    .ARM.Collect$$rtentry$$00000004  c_w.l(__rtentry4.o)
    0x0800016e   0x0800016e   0x00000000   Code   RO         2406    .ARM.Collect$$rtentry$$00000009  c_w.l(__rtentry2.o)
    0x0800016e   0x0800016e   0x00000004   Code   RO         2407    .ARM.Collect$$rtentry$$0000000A  c_w.l(__rtentry2.o)
    0x08000172   0x08000172   0x00000000   Code   RO         2409    .ARM.Collect$$rtentry$$0000000C  c_w.l(__rtentry2.o)
    0x08000172   0x08000172   0x00000008   Code   RO         2410    .ARM.Collect$$rtentry$$0000000D  c_w.l(__rtentry2.o)
    0x0800017a   0x0800017a   0x00000002   Code   RO         2448    .ARM.Collect$$rtexit$$00000000  c_w.l(rtexit.o)
    0x0800017c   0x0800017c   0x00000000   Code   RO         2496    .ARM.Collect$$rtexit$$00000002  c_w.l(rtexit2.o)
    0x0800017c   0x0800017c   0x00000004   Code   RO         2497    .ARM.Collect$$rtexit$$00000003  c_w.l(rtexit2.o)
    0x08000180   0x08000180   0x00000006   Code   RO         2498    .ARM.Collect$$rtexit$$00000004  c_w.l(rtexit2.o)
    0x08000186   0x08000186   0x00000002   PAD
    0x08000188   0x08000188   0x00000040   Code   RO         2220  * .text               startup_stm32f10x_md.o
    0x080001c8   0x080001c8   0x00000064   Code   RO         2276    .text               c_w.l(rt_memcpy_w.o)
    0x0800022c   0x0800022c   0x00000006   Code   RO         2280    .text               c_w.l(heapauxi.o)
    0x08000232   0x08000232   0x00000016   Code   RO         2349    .text               c_w.l(_rserrno.o)
    0x08000248   0x08000248   0x00000008   Code   RO         2421    .text               c_w.l(rt_errno_addr_intlibspace.o)
    0x08000250   0x08000250   0x00000008   Code   RO         2433    .text               c_w.l(libspace.o)
    0x08000258   0x08000258   0x0000004a   Code   RO         2436    .text               c_w.l(sys_stackheap_outer.o)
    0x080002a2   0x080002a2   0x00000012   Code   RO         2438    .text               c_w.l(exit.o)
    0x080002b4   0x080002b4   0x0000000c   Code   RO         2506    .text               c_w.l(sys_exit.o)
    0x080002c0   0x080002c0   0x00000002   Code   RO         2517    .text               c_w.l(use_no_semi.o)
    0x080002c2   0x080002c2   0x00000000   Code   RO         2519    .text               c_w.l(indicate_semi.o)
    0x080002c2   0x080002c2   0x00000018   Code   RO         1057    i.ADC_Cmd           stm32f10x_adc.o
    0x080002da   0x080002da   0x00000018   Code   RO         1058    i.ADC_DMACmd        stm32f10x_adc.o
    0x080002f2   0x080002f2   0x00000002   PAD
    0x080002f4   0x080002f4   0x00000048   Code   RO         1075    i.ADC_Init          stm32f10x_adc.o
    0x0800033c   0x0800033c   0x00000074   Code   RO         1079    i.ADC_RegularChannelConfig  stm32f10x_adc.o
    0x080003b0   0x080003b0   0x00000018   Code   RO         1082    i.ADC_SoftwareStartConvCmd  stm32f10x_adc.o
    0x080003c8   0x080003c8   0x0000001a   Code   RO          958    i.DMA_Cmd           stm32f10x_dma.o
    0x080003e2   0x080003e2   0x0000003a   Code   RO          964    i.DMA_Init          stm32f10x_dma.o
    0x0800041c   0x0800041c   0x000000a6   Code   RO         1838    i.GPIO_Init         stm32f10x_gpio.o
    0x080004c2   0x080004c2   0x00000002   PAD
    0x080004c4   0x080004c4   0x0000001c   Code   RO         1977    i.RCC_AHBPeriphClockCmd  stm32f10x_rcc.o
    0x080004e0   0x080004e0   0x0000001c   Code   RO         1980    i.RCC_APB2PeriphClockCmd  stm32f10x_rcc.o
    0x080004fc   0x080004fc   0x000000ac   Code   RO         1988    i.RCC_GetClocksFreq  stm32f10x_rcc.o
    0x080005a8   0x080005a8   0x00000010   Code   RO         1718    i.SysTick_Handler   time_service.o
    0x080005b8   0x080005b8   0x00000050   Code   RO         2228    i.SystemInit        system_stm32f10x.o
    0x08000608   0x08000608   0x0000007c   Code   RO         1656    i.USART1_IRQHandler  uart.o
    0x08000684   0x08000684   0x00000010   Code   RO         1322    i.USART_ClearITPendingBit  stm32f10x_usart.o
    0x08000694   0x08000694   0x00000018   Code   RO         1325    i.USART_Cmd         stm32f10x_usart.o
    0x080006ac   0x080006ac   0x00000036   Code   RO         1331    i.USART_ITConfig    stm32f10x_usart.o
    0x080006e2   0x080006e2   0x00000002   PAD
    0x080006e4   0x080006e4   0x000000bc   Code   RO         1332    i.USART_Init        stm32f10x_usart.o
    0x080007a0   0x080007a0   0x00000004   Code   RO         2229    i._Z11SetSysClockv  system_stm32f10x.o
    0x080007a4   0x080007a4   0x00000062   Code   RO            5    i._Z14qsortRecursivePii  main.o
    0x08000806   0x08000806   0x00000002   PAD
    0x08000808   0x08000808   0x00000088   Code   RO         2230    i._Z16SetSysClockToHSEv  system_stm32f10x.o
    0x08000890   0x08000890   0x0000002e   Code   RO            6    i._Z4crc8Phi        main.o
    0x080008be   0x080008be   0x00000002   PAD
    0x080008c0   0x080008c0   0x0000005c   Code   RO            7    i._Z4getXPi         main.o
    0x0800091c   0x0800091c   0x0000005c   Code   RO            8    i._Z4getYPi         main.o
    0x08000978   0x08000978   0x0000003e   Code   RO            9    i._Z7getDistdd      main.o
    0x080009b6   0x080009b6   0x00000002   PAD
    0x080009b8   0x080009b8   0x00000044   Code   RO           10    i._Z8getAngledd     main.o
    0x080009fc   0x080009fc   0x00000024   Code   RO           11    i._Z9toRadiansd     main.o
    0x08000a20   0x08000a20   0x00000018   Code   RO          175    i._ZN11Multiplexer11getPh1ValueEh  multiplexer.o
    0x08000a38   0x08000a38   0x00000018   Code   RO          176    i._ZN11Multiplexer11getPh2ValueEh  multiplexer.o
    0x08000a50   0x08000a50   0x0000006c   Code   RO          178    i._ZN11Multiplexer9setState1Eh  multiplexer.o
    0x08000abc   0x08000abc   0x0000006c   Code   RO          179    i._ZN11Multiplexer9setState2Eh  multiplexer.o
    0x08000b28   0x08000b28   0x00000090   Code   RO          180    i._ZN11MultiplexerC1ER3PinS1_S1_S1_R3DmaiP19DMA_Channel_TypeDef  multiplexer.o
    0x08000bb8   0x08000bb8   0x00000040   Code   RO         1719    i._ZN12time_service4initEv  time_service.o
    0x08000bf8   0x08000bf8   0x0000000e   Code   RO         1722    i._ZN12time_service9startTimeEv  time_service.o
    0x08000c06   0x08000c06   0x00000002   Code   RO         1542    i._ZN3Adc10adcDmaInitEv  adc.o
    0x08000c08   0x08000c08   0x0000003e   Code   RO         1543    i._ZN3Adc10setChannelEv  adc.o
    0x08000c46   0x08000c46   0x00000004   Code   RO         1545    i._ZN3Adc6getAdcEv  adc.o
    0x08000c4a   0x08000c4a   0x00000002   Code   RO         1546    i._ZN3Adc7adcInitEv  adc.o
    0x08000c4c   0x08000c4c   0x00000036   Code   RO         1547    i._ZN3Adc8startAdcEv  adc.o
    0x08000c82   0x08000c82   0x0000003c   Code   RO         1548    i._ZN3AdcC1EP11ADC_TypeDefhhjR3Pin  adc.o
    0x08000cbe   0x08000cbe   0x0000000a   Code   RO         1608    i._ZN3Dma10dataReturnEh  dma.o
    0x08000cc8   0x08000cc8   0x0000002c   Code   RO         1609    i._ZN3Dma12adcInitInDmaEv  dma.o
    0x08000cf4   0x08000cf4   0x00000056   Code   RO         1610    i._ZN3Dma7dmaInitEv  dma.o
    0x08000d4a   0x08000d4a   0x00000022   Code   RO         1611    i._ZN3DmaC1EjR3AdcP19DMA_Channel_TypeDefj  dma.o
    0x08000d6c   0x08000d6c   0x0000000c   Code   RO          238    i._ZN3Pin6setBitEv  pin_setup.o
    0x08000d78   0x08000d78   0x000000ac   Code   RO          239    i._ZN3Pin7pinInitEv  pin_setup.o
    0x08000e24   0x08000e24   0x0000000c   Code   RO          242    i._ZN3Pin8resetBitEv  pin_setup.o
    0x08000e30   0x08000e30   0x00000028   Code   RO          243    i._ZN3PinC1EtP12GPIO_TypeDef16GPIOMode_TypeDefP11TIM_TypeDefjjtjj  pin_setup.o
    0x08000e58   0x08000e58   0x00000048   Code   RO         1658    i._ZN4Uart5writeEh  uart.o
    0x08000ea0   0x08000ea0   0x0000007c   Code   RO         1659    i._ZN4Uart8uartInitEv  uart.o
    0x08000f1c   0x08000f1c   0x00000028   Code   RO         2429    i.__ARM_fpclassify  m_ws.l(fpclassify.o)
    0x08000f44   0x08000f44   0x00000010   Code   RO         2284    i.__cxa_guard_acquire  cpprt_w.l(cxa_guard_acquire.o)
    0x08000f54   0x08000f54   0x00000388   Code   RO         2392    i.__ieee754_rem_pio2  m_ws.l(rred.o)
    0x080012dc   0x080012dc   0x000000fc   Code   RO         2374    i.__kernel_cos      m_ws.l(cos_i.o)
    0x080013d8   0x080013d8   0x000000aa   Code   RO         2431    i.__kernel_poly     m_ws.l(poly.o)
    0x08001482   0x08001482   0x00000002   PAD
    0x08001484   0x08001484   0x000000ec   Code   RO         2397    i.__kernel_sin      m_ws.l(sin_i.o)
    0x08001570   0x08001570   0x00000006   Code   RO         2378    i.__mathlib_dbl_infnan  m_ws.l(dunder.o)
    0x08001576   0x08001576   0x00000004   Code   RO         2379    i.__mathlib_dbl_infnan2  m_ws.l(dunder.o)
    0x0800157a   0x0800157a   0x0000000c   Code   RO         2380    i.__mathlib_dbl_invalid  m_ws.l(dunder.o)
    0x08001586   0x08001586   0x00000002   PAD
    0x08001588   0x08001588   0x00000010   Code   RO         2383    i.__mathlib_dbl_underflow  m_ws.l(dunder.o)
    0x08001598   0x08001598   0x00000220   Code   RO         2365    i.atan              m_ws.l(atan.o)
    0x080017b8   0x080017b8   0x0000019c   Code   RO         2317    i.atan2             m_ws.l(atan2.o)
    0x08001954   0x08001954   0x0000009c   Code   RO         2325    i.cos               m_ws.l(cos.o)
    0x080019f0   0x080019f0   0x00000380   Code   RO           12    i.main              main.o
    0x08001d70   0x08001d70   0x000000a0   Code   RO         2333    i.sin               m_ws.l(sin.o)
    0x08001e10   0x08001e10   0x0000004c   Code   RO         2341    i.sqrt              m_ws.l(sqrt.o)
    0x08001e5c   0x08001e5c   0x00000150   Code   RO         2290    x$fpl$dadd          fz_ws.l(daddsub_clz.o)
    0x08001fac   0x08001fac   0x00000010   Code   RO         2351    x$fpl$dcheck1       fz_ws.l(dcheck1.o)
    0x08001fbc   0x08001fbc   0x00000018   Code   RO         2353    x$fpl$dcmpinf       fz_ws.l(dcmpi.o)
    0x08001fd4   0x08001fd4   0x000002b0   Code   RO         2297    x$fpl$ddiv          fz_ws.l(ddiv.o)
    0x08002284   0x08002284   0x00000078   Code   RO         2355    x$fpl$deqf          fz_ws.l(deqf.o)
    0x080022fc   0x080022fc   0x0000005e   Code   RO         2423    x$fpl$dfix          fz_ws.l(dfix.o)
    0x0800235a   0x0800235a   0x00000002   PAD
    0x0800235c   0x0800235c   0x0000005a   Code   RO         2300    x$fpl$dfixu         fz_ws.l(dfixu.o)
    0x080023b6   0x080023b6   0x0000002e   Code   RO         2305    x$fpl$dflt          fz_ws.l(dflt_clz.o)
    0x080023e4   0x080023e4   0x00000026   Code   RO         2304    x$fpl$dfltu         fz_ws.l(dflt_clz.o)
    0x0800240a   0x0800240a   0x00000002   PAD
    0x0800240c   0x0800240c   0x00000078   Code   RO         2310    x$fpl$dleqf         fz_ws.l(dleqf.o)
    0x08002484   0x08002484   0x00000154   Code   RO         2312    x$fpl$dmul          fz_ws.l(dmul.o)
    0x080025d8   0x080025d8   0x0000009c   Code   RO         2357    x$fpl$dnaninf       fz_ws.l(dnaninf.o)
    0x08002674   0x08002674   0x0000000c   Code   RO         2359    x$fpl$dretinf       fz_ws.l(dretinf.o)
    0x08002680   0x08002680   0x00000016   Code   RO         2291    x$fpl$drsb          fz_ws.l(daddsub_clz.o)
    0x08002696   0x08002696   0x00000002   PAD
    0x08002698   0x08002698   0x000001cc   Code   RO         2361    x$fpl$dsqrt         fz_ws.l(dsqrt_noumaal.o)
    0x08002864   0x08002864   0x000001d4   Code   RO         2292    x$fpl$dsub          fz_ws.l(daddsub_clz.o)
    0x08002a38   0x08002a38   0x00000064   Code   RO         2427    x$fpl$retnan        fz_ws.l(retnan.o)
    0x08002a9c   0x08002a9c   0x0000005c   Code   RO         2314    x$fpl$scalbn        fz_ws.l(scalbn.o)
    0x08002af8   0x08002af8   0x00000030   Code   RO         2446    x$fpl$trapveneer    fz_ws.l(trapv.o)
    0x08002b28   0x08002b28   0x00000000   Code   RO         2363    x$fpl$usenofp       fz_ws.l(usenofp.o)
    0x08002b28   0x08002b28   0x00000080   Data   RO          187    .constdata          multiplexer.o
    0x08002ba8   0x08002ba8   0x00000098   Data   RO         2366    .constdata          m_ws.l(atan.o)
    0x08002c40   0x08002c40   0x00000030   Data   RO         2375    .constdata          m_ws.l(cos_i.o)
    0x08002c70   0x08002c70   0x00000008   Data   RO         2391    .constdata          m_ws.l(qnan.o)
    0x08002c78   0x08002c78   0x000000c8   Data   RO         2394    .constdata          m_ws.l(rred.o)
    0x08002d40   0x08002d40   0x00000028   Data   RO         2398    .constdata          m_ws.l(sin_i.o)
    0x08002d68   0x08002d68   0x00000020   Data   RO         2574    Region$$Table       anon$$obj.o


    Execution Region ER_RW (Exec base: 0x20000000, Load base: 0x08002d88, Size: 0x00000050, Max: 0xffffffff, ABSOLUTE)

    Exec Addr    Load Addr    Size         Type   Attr      Idx    E Section Name        Object

    0x20000000   0x08002d88   0x00000018   Data   RW           24    .data               main.o
    0x20000018   0x08002da0   0x0000000a   Data   RW         1667    .data               uart.o
    0x20000022   0x08002daa   0x00000002   PAD
    0x20000024   0x08002dac   0x00000004   Data   RW         1728    .data               time_service.o
    0x20000028   0x08002db0   0x00000014   Data   RW         2040    .data               stm32f10x_rcc.o
    0x2000003c   0x08002dc4   0x00000014   Data   RW         2235    .data               system_stm32f10x.o


    Execution Region ER_ZI (Exec base: 0x20000050, Load base: 0x08002dd8, Size: 0x00000758, Max: 0xffffffff, ABSOLUTE)

    Exec Addr    Load Addr    Size         Type   Attr      Idx    E Section Name        Object

    0x20000050        -       0x000000d8   Zero   RW           22    .bss                main.o
    0x20000128        -       0x00000020   Zero   RW         1666    .bss                uart.o
    0x20000148        -       0x00000060   Zero   RW         2434    .bss                c_w.l(libspace.o)
    0x200001a8        -       0x00000200   Zero   RW         2218    HEAP                startup_stm32f10x_md.o
    0x200003a8        -       0x00000400   Zero   RW         2217    STACK               startup_stm32f10x_md.o


==============================================================================

Image component sizes


      Code (inc. data)   RO Data    RW Data    ZI Data      Debug   Object Name

       184          0          0          0          0       4180   adc.o
       174          0          0          0          0       3028   dma.o
      1390         82          0         24        216     260540   main.o
       408         12        128          0          0       4420   multiplexer.o
       236         28          0          0          0       3644   pin_setup.o
        64         26        236          0       1536        820   startup_stm32f10x_md.o
       260         10          0          0          0       5360   stm32f10x_adc.o
        84          0          0          0          0       2813   stm32f10x_dma.o
       166          0          0          0          0       2316   stm32f10x_gpio.o
       228         30          0         20          0       5101   stm32f10x_rcc.o
       282          6          0          0          0       4428   stm32f10x_usart.o
       220         24          0         20          0       2325   system_stm32f10x.o
        94         16          0          4          0      27421   time_service.o
       320         44          0         10         32      31571   uart.o

    ----------------------------------------------------------------------
      4122        278        396         80       1784     357967   Object Totals
         0          0         32          0          0          0   (incl. Generated)
        12          0          0          2          0          0   (incl. Padding)

    ----------------------------------------------------------------------

      Code (inc. data)   RO Data    RW Data    ZI Data      Debug   Library Member Name

         8          0          0          0          0         68   __main.o
         0          0          0          0          0          0   __rtentry.o
        12          0          0          0          0          0   __rtentry2.o
         6          0          0          0          0          0   __rtentry4.o
        52          8          0          0          0          0   __scatter.o
        26          0          0          0          0          0   __scatter_copy.o
        28          0          0          0          0          0   __scatter_zi.o
        22          0          0          0          0        100   _rserrno.o
        18          0          0          0          0         80   exit.o
         6          0          0          0          0        152   heapauxi.o
         0          0          0          0          0          0   indicate_semi.o
         2          0          0          0          0          0   libinit.o
         2          0          0          0          0          0   libinit2.o
         2          0          0          0          0          0   libshutdown.o
         2          0          0          0          0          0   libshutdown2.o
         8          4          0          0         96         68   libspace.o
         8          4          0          0          0         68   rt_errno_addr_intlibspace.o
       100          0          0          0          0         80   rt_memcpy_w.o
         2          0          0          0          0          0   rtexit.o
        10          0          0          0          0          0   rtexit2.o
        12          4          0          0          0         68   sys_exit.o
        74          0          0          0          0         80   sys_stackheap_outer.o
         2          0          0          0          0         68   use_no_semi.o
        16          0          0          0          0         68   cxa_guard_acquire.o
       826         16          0          0          0        348   daddsub_clz.o
        16          4          0          0          0         68   dcheck1.o
        24          0          0          0          0         68   dcmpi.o
       688        140          0          0          0        208   ddiv.o
       120          4          0          0          0         92   deqf.o
        94          4          0          0          0         92   dfix.o
        90          4          0          0          0         92   dfixu.o
        84          0          0          0          0        136   dflt_clz.o
       120          4          0          0          0         92   dleqf.o
       340         12          0          0          0        104   dmul.o
       156          4          0          0          0         92   dnaninf.o
        12          0          0          0          0         68   dretinf.o
       460         56          0          0          0        120   dsqrt_noumaal.o
       100          0          0          0          0         68   retnan.o
        92          0          0          0          0         68   scalbn.o
        48          0          0          0          0         68   trapv.o
         0          0          0          0          0          0   usenofp.o
       544         70        152          0          0        124   atan.o
       412         38          0          0          0        144   atan2.o
       156          8          0          0          0        104   cos.o
       252         22         48          0          0        124   cos_i.o
        38          6          0          0          0        272   dunder.o
        40          0          0          0          0         68   fpclassify.o
       170          0          0          0          0         96   poly.o
         0          0          8          0          0          0   qnan.o
       904         76        200          0          0        140   rred.o
       160         10          0          0          0        108   sin.o
       236         12         40          0          0        128   sin_i.o
        76          0          0          0          0         84   sqrt.o

    ----------------------------------------------------------------------
      6690        510        448          0         96       4076   Library Totals
        14          0          0          0          0          0   (incl. Padding)

    ----------------------------------------------------------------------

      Code (inc. data)   RO Data    RW Data    ZI Data      Debug   Library Name

       402         20          0          0         96        832   c_w.l
        16          0          0          0          0         68   cpprt_w.l
      3270        248          0          0          0       1784   fz_ws.l
      2988        242        448          0          0       1392   m_ws.l

    ----------------------------------------------------------------------
      6690        510        448          0         96       4076   Library Totals

    ----------------------------------------------------------------------

==============================================================================


      Code (inc. data)   RO Data    RW Data    ZI Data      Debug   

     10812        788        844         80       1880     357515   Grand Totals
     10812        788        844         80       1880     357515   ELF Image Totals
     10812        788        844         80          0          0   ROM Totals

==============================================================================

    Total RO  Size (Code + RO Data)                11656 (  11.38kB)
    Total RW  Size (RW Data + ZI Data)              1960 (   1.91kB)
    Total ROM Size (Code + RO Data + RW Data)      11736 (  11.46kB)

==============================================================================

