<html>
<body>
<pre>
<h1>µVision Build Log</h1>
<h2>Tool Versions:</h2>
IDE-Version: µVision V5.33.0.0
Copyright (C) 2020 ARM Ltd and ARM Germany GmbH. All rights reserved.
License Information: Alexandr Mescheryakow, PML239, LIC=14HV2-97K8J-EV11R-K5F9H-DKAD4-2ABSF
 
Tool Versions:
Toolchain:       MDK-ARM Plus  Version: 5.33.0.0
Toolchain Path:  C:\Keil_v5\ARM\ARMCC\Bin
C Compiler:      Armcc.exe V5.06 update 7 (build 960)
Assembler:       Armasm.exe V5.06 update 7 (build 960)
Linker/Locator:  ArmLink.exe V5.06 update 7 (build 960)
Library Manager: ArmAr.exe V5.06 update 7 (build 960)
Hex Converter:   FromElf.exe V5.06 update 7 (build 960)
CPU DLL:         SARMCM3.DLL V5.33.0.0
Dialog DLL:      DCM.DLL V1.17.3.0
Target DLL:      STLink\ST-LINKIII-KEIL_SWO.dll V3.0.8.0
Dialog DLL:      TCM.DLL V1.48.0.0
 
<h2>Project:</h2>
\\Mac\Home\Desktop\study\robocup\RoboCup-STM32\Mother board\LightWeight.uvprojx
Project File Date:  10/02/2022

<h2>Output:</h2>
*** Using Compiler 'V5.06 update 7 (build 960)', folder: 'C:\Keil_v5\ARM\ARMCC\Bin'
Rebuild target 'Target 1'
compiling adc.cpp...
compiling dma.cpp...
compiling stm32f4xx_dma.c...
compiling stm32f4xx_usart.c...
compiling stm32f4xx_rcc.c...
compiling stm32f4xx_tim.c...
compiling stm32f4xx_crc.c...
compiling stm32f4xx_adc.c...
compiling stm32f4xx_gpio.c...
compiling misc.c...
compiling pin_setup.cpp...
compiling motor_control.cpp...
compiling time_service.cpp...
compiling softI2C.cpp...
assembling startup_stm32f407xx.s...
compiling main.cpp...
src\main\main.cpp(301): warning:  #177-D: variable "viezd"  was declared but never referenced
  	bool viezd = false, viezdAct = false;
src\main\main.cpp(301): warning:  #177-D: variable "viezdAct"  was declared but never referenced
  	bool viezd = false, viezdAct = false;
src\main\main.cpp(302): warning:  #177-D: variable "timer"  was declared but never referenced
  	unsigned long timer = 0;
src\main\main.cpp: 3 warnings, 0 errors
compiling retarget.cpp...
compiling system_stm32f4xx.c...
compiling mathematics.cpp...
compiling strategy.cpp...
compiling ballDetection.cpp...
compiling buttonsModule.cpp...
compiling motion_control.cpp...
compiling usart3.cpp...
compiling usart6.cpp...
compiling usart2.cpp...
compiling usart1.cpp...
compiling stm32f407_adc.cpp...
compiling mpu9250.cpp...
compiling stm32f407_pin.cpp...
compiling stm32f407_PWM.cpp...
compiling stm32f407_sysFunc.cpp...
compiling camera.cpp...
compiling lower_board.cpp...
compiling ultrasonic.cpp...
compiling IRlocator.cpp...
compiling ssd1306_fonts.c...
compiling bluetooth_send.cpp...
compiling bluetooth_robot.cpp...
compiling stm32f407_SPI.cpp...
compiling uart4.cpp...
compiling line_sensors.cpp...
compiling gyro.cpp...
linking...
Program Size: Code=26578 RO-data=918 RW-data=188 ZI-data=4876  
".\Objects\LightWeight.axf" - 0 Error(s), 3 Warning(s).

<h2>Software Packages used:</h2>

Package Vendor: Keil
                http://www.keil.com/pack/Keil.STM32F4xx_DFP.2.16.0.pack
                Keil.STM32F4xx_DFP.2.16.0
                STMicroelectronics STM32F4 Series Device Support, Drivers and Examples

<h2>Collection of Component include folders:</h2>
  C:\Users\alexm\AppData\Local\Arm\Packs\Keil\STM32F4xx_DFP\2.16.0\Drivers\CMSIS\Device\ST\STM32F4xx\Include

<h2>Collection of Component Files used:</h2>
Build Time Elapsed:  00:00:09
</pre>
</body>
</html>
