<html>
<body>
<pre>
<h1>µVision Build Log</h1>
<h2>Tool Versions:</h2>
IDE-Version: µVision V5.36.0.0
Copyright (C) 2021 ARM Ltd and ARM Germany GmbH. All rights reserved.
License Information: A A, A, LIC=BUURY-IU36K-NNHAF-6Q0V1-W7ZGV-4TR1J
 
Tool Versions:
Toolchain:       MDK-ARM Plus  Version: 5.36.0.0
Toolchain Path:  C:\Keil_v5\ARM\ARMCC\Bin
C Compiler:      Armcc.exe V5.06 update 7 (build 960)
Assembler:       Armasm.exe V5.06 update 7 (build 960)
Linker/Locator:  ArmLink.exe V5.06 update 7 (build 960)
Library Manager: ArmAr.exe V5.06 update 7 (build 960)
Hex Converter:   FromElf.exe V5.06 update 7 (build 960)
CPU DLL:         SARMCM3.DLL V5.36.0.0
Dialog DLL:      DCM.DLL V1.17.3.0
Target DLL:      STLink\ST-LINKIII-KEIL_SWO.dll V3.0.9.0
Dialog DLL:      TCM.DLL V1.53.0.0
 
<h2>Project:</h2>
C:\Users\Îáëî÷êî\Documents\RoboCup-STM32\Lightweight\LightWeight.uvprojx
Project File Date:  04/10/2023

<h2>Output:</h2>
*** Using Compiler 'V5.06 update 7 (build 960)', folder: 'C:\Keil_v5\ARM\ARMCC\Bin'
Build target 'Target 1'
compiling dma.cpp...
compiling adc.cpp...
compiling stm32f4xx_dma.c...
compiling stm32f4xx_usart.c...
compiling stm32f4xx_rcc.c...
compiling stm32f4xx_adc.c...
compiling stm32f4xx_tim.c...
compiling stm32f4xx_crc.c...
compiling stm32f4xx_gpio.c...
compiling misc.c...
compiling time_service.cpp...
compiling motor_control.cpp...
compiling pin_setup.cpp...
compiling strategy.cpp...
compiling softI2C.cpp...
compiling buttonsModule.cpp...
compiling retarget.cpp...
compiling ballDetection.cpp...
compiling system_stm32f4xx.c...
compiling motion_control.cpp...
compiling usart3.cpp...
compiling mathematics.cpp...
compiling usart6.cpp...
compiling stm32f407_pin.cpp...
compiling usart2.cpp...
compiling usart1.cpp...
compiling stm32f407_adc.cpp...
compiling stm32f407_sysFunc.cpp...
compiling stm32f407_PWM.cpp...
compiling mpu9250.cpp...
compiling ssd1306_fonts.c...
compiling ultrasonic.cpp...
compiling IRlocator.cpp...
compiling bluetooth_send.cpp...
compiling lower_board.cpp...
compiling camera.cpp...
compiling bluetooth_robot.cpp...
compiling stm32f407_SPI.cpp...
compiling uart4.cpp...
compiling line_sensors.cpp...
compiling gyro.cpp...
linking...
Program Size: Code=20990 RO-data=778 RW-data=188 ZI-data=5100  
".\Objects\LightWeight.axf" - 0 Error(s), 0 Warning(s).

<h2>Software Packages used:</h2>

Package Vendor: Keil
                http://www.keil.com/pack/Keil.STM32F4xx_DFP.2.16.0.pack
                Keil.STM32F4xx_DFP.2.16.0
                STMicroelectronics STM32F4 Series Device Support, Drivers and Examples

<h2>Collection of Component include folders:</h2>
  C:\Users\Îáëî÷êî\AppData\Local\Arm\Packs\Keil\STM32F4xx_DFP\2.16.0\Drivers\CMSIS\Device\ST\STM32F4xx\Include

<h2>Collection of Component Files used:</h2>
Build Time Elapsed:  00:00:15
</pre>
</body>
</html>
