Component: ARM Compiler 5.06 update 7 (build 960) Tool: armlink [4d3601]

==============================================================================

Section Cross References

    adc.o(i._ZN3Adc10adcDmaInitEv) refers to stm32f4xx_adc.o(i.ADC_DMARequestAfterLastTransferCmd) for ADC_DMARequestAfterLastTransferCmd
    adc.o(i._ZN3Adc10adcDmaInitEv) refers to stm32f4xx_adc.o(i.ADC_EOCOnEachRegularChannelCmd) for ADC_EOCOnEachRegularChannelCmd
    adc.o(i._ZN3Adc10adcDmaInitEv) refers to stm32f4xx_adc.o(i.ADC_DMACmd) for ADC_DMACmd
    adc.o(i._ZN3Adc10adcDmaInitEv) refers to stm32f4xx_adc.o(i.ADC_SoftwareStartConv) for ADC_SoftwareStartConv
    adc.o(i._ZN3Adc10setChannelEv) refers to stm32f4xx_adc.o(i.ADC_RegularChannelConfig) for ADC_RegularChannelConfig
    adc.o(i._ZN3Adc7adcInitEv) refers to pin_setup.o(i._ZN3Pin7pinInitEv) for Pin::pinInit()
    adc.o(i._ZN3Adc7adcInitEv) refers to stm32f4xx_rcc.o(i.RCC_APB2PeriphClockCmd) for RCC_APB2PeriphClockCmd
    adc.o(i._ZN3Adc7adcInitEv) refers to stm32f4xx_adc.o(i.ADC_CommonInit) for ADC_CommonInit
    adc.o(i._ZN3Adc8startAdcEv) refers to stm32f4xx_adc.o(i.ADC_Init) for ADC_Init
    adc.o(i._ZN3Adc8startAdcEv) refers to stm32f4xx_adc.o(i.ADC_Cmd) for ADC_Cmd
    adc.o(i._ZN3AdcC1EP11ADC_TypeDefhhhjR3Pin) refers to rt_memcpy_w.o(.text) for __aeabi_memcpy4
    adc.o(.ARM.exidx) refers to adc.o(i._ZN3AdcC1EP11ADC_TypeDefhhhjR3Pin) for i._ZN3AdcC1EP11ADC_TypeDefhhhjR3Pin
    adc.o(.ARM.exidx) refers to adc.o(i._ZN3Adc7adcInitEv) for i._ZN3Adc7adcInitEv
    adc.o(.ARM.exidx) refers to adc.o(i._ZN3Adc8startAdcEv) for i._ZN3Adc8startAdcEv
    adc.o(.ARM.exidx) refers to adc.o(i._ZN3Adc10setChannelEv) for i._ZN3Adc10setChannelEv
    adc.o(.ARM.exidx) refers to adc.o(i._ZN3Adc13sendMeChannelEh) for i._ZN3Adc13sendMeChannelEh
    adc.o(.ARM.exidx) refers to adc.o(i._ZN3Adc6getAdcEv) for i._ZN3Adc6getAdcEv
    adc.o(.ARM.exidx) refers to adc.o(i._ZN3Adc10adcDmaInitEv) for i._ZN3Adc10adcDmaInitEv
    dma.o(i._ZN3Dma12adcInitInDmaEv) refers to adc.o(i._ZN3Adc7adcInitEv) for Adc::adcInit()
    dma.o(i._ZN3Dma12adcInitInDmaEv) refers to adc.o(i._ZN3Adc8startAdcEv) for Adc::startAdc()
    dma.o(i._ZN3Dma12adcInitInDmaEv) refers to adc.o(i._ZN3Adc10setChannelEv) for Adc::setChannel()
    dma.o(i._ZN3Dma12adcInitInDmaEv) refers to adc.o(i._ZN3Adc10adcDmaInitEv) for Adc::adcDmaInit()
    dma.o(i._ZN3Dma7dmaInitEP18DMA_Stream_TypeDefjj) refers to stm32f4xx_rcc.o(i.RCC_AHB1PeriphClockCmd) for RCC_AHB1PeriphClockCmd
    dma.o(i._ZN3Dma7dmaInitEP18DMA_Stream_TypeDefjj) refers to stm32f4xx_dma.o(i.DMA_DeInit) for DMA_DeInit
    dma.o(i._ZN3Dma7dmaInitEP18DMA_Stream_TypeDefjj) refers to adc.o(i._ZN3Adc6getAdcEv) for Adc::getAdc()
    dma.o(i._ZN3Dma7dmaInitEP18DMA_Stream_TypeDefjj) refers to stm32f4xx_dma.o(i.DMA_Init) for DMA_Init
    dma.o(i._ZN3Dma7dmaInitEP18DMA_Stream_TypeDefjj) refers to stm32f4xx_dma.o(i.DMA_Cmd) for DMA_Cmd
    dma.o(i._ZN3DmaC1EjR3Adc) refers to rt_memcpy_w.o(.text) for __aeabi_memcpy4
    dma.o(.ARM.exidx) refers to dma.o(i._ZN3DmaC1EjR3Adc) for i._ZN3DmaC1EjR3Adc
    dma.o(.ARM.exidx) refers to dma.o(i._ZN3Dma7dmaInitEP18DMA_Stream_TypeDefjj) for i._ZN3Dma7dmaInitEP18DMA_Stream_TypeDefjj
    dma.o(.ARM.exidx) refers to dma.o(i._ZN3Dma12adcInitInDmaEv) for i._ZN3Dma12adcInitInDmaEv
    dma.o(.ARM.exidx) refers to dma.o(i._ZN3Dma10dataReturnEh) for i._ZN3Dma10dataReturnEh
    stm32f4xx_dma.o(i.DMA_ClearFlag) refers to retarget.o(i.assert_failed) for assert_failed
    stm32f4xx_dma.o(i.DMA_ClearITPendingBit) refers to retarget.o(i.assert_failed) for assert_failed
    stm32f4xx_dma.o(i.DMA_Cmd) refers to retarget.o(i.assert_failed) for assert_failed
    stm32f4xx_dma.o(i.DMA_DeInit) refers to retarget.o(i.assert_failed) for assert_failed
    stm32f4xx_dma.o(i.DMA_DoubleBufferModeCmd) refers to retarget.o(i.assert_failed) for assert_failed
    stm32f4xx_dma.o(i.DMA_DoubleBufferModeConfig) refers to retarget.o(i.assert_failed) for assert_failed
    stm32f4xx_dma.o(i.DMA_FlowControllerConfig) refers to retarget.o(i.assert_failed) for assert_failed
    stm32f4xx_dma.o(i.DMA_GetCmdStatus) refers to retarget.o(i.assert_failed) for assert_failed
    stm32f4xx_dma.o(i.DMA_GetCurrDataCounter) refers to retarget.o(i.assert_failed) for assert_failed
    stm32f4xx_dma.o(i.DMA_GetCurrentMemoryTarget) refers to retarget.o(i.assert_failed) for assert_failed
    stm32f4xx_dma.o(i.DMA_GetFIFOStatus) refers to retarget.o(i.assert_failed) for assert_failed
    stm32f4xx_dma.o(i.DMA_GetFlagStatus) refers to retarget.o(i.assert_failed) for assert_failed
    stm32f4xx_dma.o(i.DMA_GetITStatus) refers to retarget.o(i.assert_failed) for assert_failed
    stm32f4xx_dma.o(i.DMA_ITConfig) refers to retarget.o(i.assert_failed) for assert_failed
    stm32f4xx_dma.o(i.DMA_Init) refers to retarget.o(i.assert_failed) for assert_failed
    stm32f4xx_dma.o(i.DMA_MemoryTargetConfig) refers to retarget.o(i.assert_failed) for assert_failed
[...]
    i._ZN4gyroC1ER3PinS1_                    0x080033de   Section        0  gyro.o(i._ZN4gyroC1ER3PinS1_)
    i._ZN5Motor2goEi                         0x08003414   Section        0  motor_control.o(i._ZN5Motor2goEi)
    i._ZN5Motor9motorInitEv                  0x08003480   Section        0  motor_control.o(i._ZN5Motor9motorInitEv)
    i._ZN5MotorC1ER3PinS1_                   0x080034a8   Section        0  motor_control.o(i._ZN5MotorC1ER3PinS1_)
    i._ZN6Camera10getCamDistEv               0x080034ae   Section        0  camera.o(i._ZN6Camera10getCamDistEv)
    i._ZN6Camera11getCamAngleEv              0x080034c6   Section        0  camera.o(i._ZN6Camera11getCamAngleEv)
    i._ZN6Camera16getFormatedAngleEi         0x080034de   Section        0  camera.o(i._ZN6Camera16getFormatedAngleEi)
    i._ZN6Camera17getAnotherCamDistEv        0x080034fa   Section        0  camera.o(i._ZN6Camera17getAnotherCamDistEv)
    i._ZN6Camera18getAnotherCamAngleEv       0x08003512   Section        0  camera.o(i._ZN6Camera18getAnotherCamAngleEv)
    i._ZN6Camera8getBDistEv                  0x0800352a   Section        0  camera.o(i._ZN6Camera8getBDistEv)
    i._ZN6Camera8getYDistEv                  0x08003530   Section        0  camera.o(i._ZN6Camera8getYDistEv)
    i._ZN6Camera8readDataEv                  0x08003536   Section        0  camera.o(i._ZN6Camera8readDataEv)
    i._ZN6Camera9getBAngleEv                 0x080035ca   Section        0  camera.o(i._ZN6Camera9getBAngleEv)
    i._ZN6Camera9getYAngleEv                 0x080035d8   Section        0  camera.o(i._ZN6Camera9getYAngleEv)
    i._ZN6CameraC1ER3PinS1_                  0x080035e6   Section        0  camera.o(i._ZN6CameraC1ER3PinS1_)
    i._ZN6Usart14readEv                      0x0800362c   Section        0  usart1.o(i._ZN6Usart14readEv)
    i._ZN6Usart18uartInitEv                  0x08003674   Section        0  usart1.o(i._ZN6Usart18uartInitEv)
    i._ZN6Usart19availableEv                 0x08003740   Section        0  usart1.o(i._ZN6Usart19availableEv)
    i._ZN6Usart24readEv                      0x08003774   Section        0  usart2.o(i._ZN6Usart24readEv)
    i._ZN6Usart28uartInitEv                  0x080037bc   Section        0  usart2.o(i._ZN6Usart28uartInitEv)
    i._ZN6Usart29availableEv                 0x08003888   Section        0  usart2.o(i._ZN6Usart29availableEv)
    i._ZN6Usart34readEv                      0x080038bc   Section        0  usart3.o(i._ZN6Usart34readEv)
    i._ZN6Usart39availableEv                 0x08003904   Section        0  usart3.o(i._ZN6Usart39availableEv)
    i._ZN6Usart39usartInitEv                 0x08003938   Section        0  usart3.o(i._ZN6Usart39usartInitEv)
    i._ZSt3absd                              0x08003a04   Section        0  main.o(i._ZSt3absd)
    i.__ARM_fpclassify                       0x08003a24   Section        0  fpclassify.o(i.__ARM_fpclassify)
    i.__cxa_guard_acquire                    0x08003a54   Section        0  cxa_guard_acquire.o(i.__cxa_guard_acquire)
    i.__hardfp_cos                           0x08003a68   Section        0  cos.o(i.__hardfp_cos)
    i.__hardfp_fabs                          0x08003b30   Section        0  fabs.o(i.__hardfp_fabs)
    i.__hardfp_pow                           0x08003b48   Section        0  pow.o(i.__hardfp_pow)
    i.__hardfp_sin                           0x08004798   Section        0  sin.o(i.__hardfp_sin)
    i.__ieee754_rem_pio2                     0x08004860   Section        0  rred.o(i.__ieee754_rem_pio2)
    i.__kernel_cos                           0x08004c98   Section        0  cos_i.o(i.__kernel_cos)
    i.__kernel_poly                          0x08004e08   Section        0  poly.o(i.__kernel_poly)
    i.__kernel_sin                           0x08004f00   Section        0  sin_i.o(i.__kernel_sin)
    i.__mathlib_dbl_divzero                  0x08005030   Section        0  dunder.o(i.__mathlib_dbl_divzero)
    i.__mathlib_dbl_infnan                   0x08005060   Section        0  dunder.o(i.__mathlib_dbl_infnan)
    i.__mathlib_dbl_infnan2                  0x08005074   Section        0  dunder.o(i.__mathlib_dbl_infnan2)
    i.__mathlib_dbl_invalid                  0x08005088   Section        0  dunder.o(i.__mathlib_dbl_invalid)
    i.__mathlib_dbl_overflow                 0x080050a8   Section        0  dunder.o(i.__mathlib_dbl_overflow)
    i.__mathlib_dbl_underflow                0x080050c8   Section        0  dunder.o(i.__mathlib_dbl_underflow)
    i._sys_exit                              0x080050e8   Section        0  retarget.o(i._sys_exit)
    i.assert_failed                          0x080050ec   Section        0  retarget.o(i.assert_failed)
    i.fabs                                   0x080050f6   Section        0  fabs.o(i.fabs)
    i.main                                   0x08005110   Section        0  main.o(i.main)
    i.sqrt                                   0x08005bf0   Section        0  sqrt.o(i.sqrt)
    x$fpl$basic                              0x08005c5e   Section       24  basic.o(x$fpl$basic)
    $v0                                      0x08005c5e   Number         0  basic.o(x$fpl$basic)
    x$fpl$dadd                               0x08005c78   Section      336  daddsub_clz.o(x$fpl$dadd)
    $v0                                      0x08005c78   Number         0  daddsub_clz.o(x$fpl$dadd)
    _dadd1                                   0x08005c89   Thumb Code     0  daddsub_clz.o(x$fpl$dadd)
    x$fpl$dcheck1                            0x08005dc8   Section       16  dcheck1.o(x$fpl$dcheck1)
    $v0                                      0x08005dc8   Number         0  dcheck1.o(x$fpl$dcheck1)
    x$fpl$dcmpinf                            0x08005dd8   Section       24  dcmpi.o(x$fpl$dcmpinf)
    $v0                                      0x08005dd8   Number         0  dcmpi.o(x$fpl$dcmpinf)
    x$fpl$ddiv                               0x08005df0   Section      688  ddiv.o(x$fpl$ddiv)
    $v0                                      0x08005df0   Number         0  ddiv.o(x$fpl$ddiv)
    ddiv_entry                               0x08005df7   Thumb Code     0  ddiv.o(x$fpl$ddiv)
    x$fpl$dfix                               0x080060a0   Section       94  dfix.o(x$fpl$dfix)
    $v0                                      0x080060a0   Number         0  dfix.o(x$fpl$dfix)
    x$fpl$dfixu                              0x08006100   Section       90  dfixu.o(x$fpl$dfixu)
    $v0                                      0x08006100   Number         0  dfixu.o(x$fpl$dfixu)
    x$fpl$dflt                               0x0800615a   Section       46  dflt_clz.o(x$fpl$dflt)
    $v0                                      0x0800615a   Number         0  dflt_clz.o(x$fpl$dflt)
    x$fpl$dfltu                              0x08006188   Section       38  dflt_clz.o(x$fpl$dfltu)
    $v0                                      0x08006188   Number         0  dflt_clz.o(x$fpl$dfltu)
    x$fpl$dleqf                              0x080061b0   Section      120  dleqf.o(x$fpl$dleqf)
    $v0                                      0x080061b0   Number         0  dleqf.o(x$fpl$dleqf)
    x$fpl$dmul                               0x08006228   Section      340  dmul.o(x$fpl$dmul)
    $v0                                      0x08006228   Number         0  dmul.o(x$fpl$dmul)
    x$fpl$dnaninf                            0x0800637c   Section      156  dnaninf.o(x$fpl$dnaninf)
    $v0                                      0x0800637c   Number         0  dnaninf.o(x$fpl$dnaninf)
    x$fpl$dretinf                            0x08006418   Section       12  dretinf.o(x$fpl$dretinf)
    $v0                                      0x08006418   Number         0  dretinf.o(x$fpl$dretinf)
    x$fpl$drleqf                             0x08006424   Section      108  drleqf.o(x$fpl$drleqf)
    $v0                                      0x08006424   Number         0  drleqf.o(x$fpl$drleqf)
    x$fpl$drsb                               0x08006490   Section       22  daddsub_clz.o(x$fpl$drsb)
    $v0                                      0x08006490   Number         0  daddsub_clz.o(x$fpl$drsb)
    x$fpl$dsqrt                              0x080064a8   Section      408  dsqrt_umaal.o(x$fpl$dsqrt)
    $v0                                      0x080064a8   Number         0  dsqrt_umaal.o(x$fpl$dsqrt)
    x$fpl$dsub                               0x08006640   Section      468  daddsub_clz.o(x$fpl$dsub)
    $v0                                      0x08006640   Number         0  daddsub_clz.o(x$fpl$dsub)
    _dsub1                                   0x08006651   Thumb Code     0  daddsub_clz.o(x$fpl$dsub)
    x$fpl$fpinit                             0x08006814   Section       10  fpinit.o(x$fpl$fpinit)
    $v0                                      0x08006814   Number         0  fpinit.o(x$fpl$fpinit)
    x$fpl$retnan                             0x0800681e   Section      100  retnan.o(x$fpl$retnan)
    $v0                                      0x0800681e   Number         0  retnan.o(x$fpl$retnan)
    x$fpl$scalbn                             0x08006882   Section       92  scalbn.o(x$fpl$scalbn)
    $v0                                      0x08006882   Number         0  scalbn.o(x$fpl$scalbn)
    x$fpl$trapveneer                         0x080068de   Section       48  trapv.o(x$fpl$trapveneer)
    $v0                                      0x080068de   Number         0  trapv.o(x$fpl$trapveneer)
    .constdata                               0x0800690e   Section       61  retarget.o(.constdata)
    x$fpl$usenofp                            0x0800690e   Section        0  usenofp.o(x$fpl$usenofp)
    __tagsym$$used                           0x0800690e   Number         0  retarget.o(.constdata)
    date_time_commit                         0x0800690e   Data          61  retarget.o(.constdata)
    .constdata                               0x08006950   Section      136  pow.o(.constdata)
    bp                                       0x08006950   Data          16  pow.o(.constdata)
    dp_h                                     0x08006960   Data          16  pow.o(.constdata)
    dp_l                                     0x08006970   Data          16  pow.o(.constdata)
    L                                        0x08006980   Data          48  pow.o(.constdata)
    P                                        0x080069b0   Data          40  pow.o(.constdata)
    .constdata                               0x080069d8   Section       48  cos_i.o(.constdata)
    C                                        0x080069d8   Data          48  cos_i.o(.constdata)
    .constdata                               0x08006a08   Section        8  qnan.o(.constdata)
    .constdata                               0x08006a10   Section      200  rred.o(.constdata)
    pio2s                                    0x08006a10   Data          48  rred.o(.constdata)
    twooverpi                                0x08006a40   Data         152  rred.o(.constdata)
    .constdata                               0x08006ad8   Section       40  sin_i.o(.constdata)
    S                                        0x08006ad8   Data          40  sin_i.o(.constdata)
    .data                                    0x20000000   Section       16  stm32f4xx_rcc.o(.data)
    APBAHBPrescTable                         0x20000000   Data          16  stm32f4xx_rcc.o(.data)
    .data                                    0x20000010   Section        4  time_service.o(.data)
    .data                                    0x20000014   Section       88  main.o(.data)
    _ZGVballSensor                           0x20000014   Data           4  main.o(.data)
    _ZGVbutton                               0x20000018   Data           4  main.o(.data)
    _ZGVswitchPin                            0x2000001c   Data           4  main.o(.data)
    _ZGVrxGyro                               0x20000020   Data           4  main.o(.data)
    _ZGVtxGyro                               0x20000024   Data           4  main.o(.data)
    _ZGVcam                                  0x20000028   Data           4  main.o(.data)
    _ZGVrxCam                                0x2000002c   Data           4  main.o(.data)
    _ZGVtxCam                                0x20000030   Data           4  main.o(.data)
    _ZGVrxTsop                               0x20000034   Data           4  main.o(.data)
    _ZGVtxTsop                               0x20000038   Data           4  main.o(.data)
    _ZGVm4                                   0x2000003c   Data           4  main.o(.data)
    _ZGVm4In1                                0x20000040   Data           4  main.o(.data)
    _ZGVm4In2                                0x20000044   Data           4  main.o(.data)
    _ZGVm3                                   0x20000048   Data           4  main.o(.data)
    _ZGVm3In2                                0x2000004c   Data           4  main.o(.data)
    _ZGVm3In1                                0x20000050   Data           4  main.o(.data)
    _ZGVm2                                   0x20000054   Data           4  main.o(.data)
    _ZGVm2In2                                0x20000058   Data           4  main.o(.data)
    _ZGVm2In1                                0x2000005c   Data           4  main.o(.data)
    _ZGVm1                                   0x20000060   Data           4  main.o(.data)
    _ZGVm1In2                                0x20000064   Data           4  main.o(.data)
    _ZGVm1In1                                0x20000068   Data           4  main.o(.data)
    .data                                    0x2000006c   Section        4  system_stm32f4xx.o(.data)
    .data                                    0x20000070   Section       10  usart3.o(.data)
    .data                                    0x2000007a   Section       26  usart6.o(.data)
    .data                                    0x20000094   Section       10  usart2.o(.data)
    .data                                    0x2000009e   Section       10  usart1.o(.data)
    .data                                    0x200000a8   Section        4  stm32f407_sysfunc.o(.data)
    .data                                    0x200000ac   Section        6  stm32f407_spi.o(.data)
    .data                                    0x200000b2   Section       10  uart4.o(.data)
    .bss                                     0x200000bc   Section      904  main.o(.bss)
    m1In1                                    0x200000bc   Data          40  main.o(.bss)
    m1In2                                    0x200000e4   Data          40  main.o(.bss)
    m1                                       0x2000010c   Data          28  main.o(.bss)
    m2In1                                    0x20000128   Data          40  main.o(.bss)
    m2In2                                    0x20000150   Data          40  main.o(.bss)
    m2                                       0x20000178   Data          28  main.o(.bss)
    m3In1                                    0x20000194   Data          40  main.o(.bss)
    m3In2                                    0x200001bc   Data          40  main.o(.bss)
    m3                                       0x200001e4   Data          28  main.o(.bss)
    m4In2                                    0x20000200   Data          40  main.o(.bss)
    m4In1                                    0x20000228   Data          40  main.o(.bss)
    m4                                       0x20000250   Data          28  main.o(.bss)
    txTsop                                   0x2000026c   Data          40  main.o(.bss)
    rxTsop                                   0x20000294   Data          40  main.o(.bss)
    txCam                                    0x200002bc   Data          40  main.o(.bss)
    rxCam                                    0x200002e4   Data          40  main.o(.bss)
    cam                                      0x2000030c   Data         112  main.o(.bss)
    txGyro                                   0x2000037c   Data          40  main.o(.bss)
    rxGyro                                   0x200003a4   Data          40  main.o(.bss)
    switchPin                                0x200003cc   Data          40  main.o(.bss)
    button                                   0x200003f4   Data          40  main.o(.bss)
    ballSensor                               0x2000041c   Data          40  main.o(.bss)
    .bss                                     0x20000444   Section       32  usart3.o(.bss)
    .bss                                     0x20000464   Section      256  usart2.o(.bss)
    .bss                                     0x20000564   Section     1024  usart1.o(.bss)
    .bss                                     0x20000964   Section     1024  uart4.o(.bss)
    .bss                                     0x20000d64   Section       96  libspace.o(.bss)
    HEAP                                     0x20000dc8   Section      512  startup_stm32f407xx.o(HEAP)
    Heap_Mem                                 0x20000dc8   Data         512  startup_stm32f407xx.o(HEAP)
    STACK                                    0x20000fc8   Section     1024  startup_stm32f407xx.o(STACK)
    Stack_Mem                                0x20000fc8   Data        1024  startup_stm32f407xx.o(STACK)
    __initial_sp                             0x200013c8   Data           0  startup_stm32f407xx.o(STACK)

    Global Symbols

    Symbol Name                              Value     Ov Type        Size  Object(Section)

    BuildAttributes$$THM_ISAv4$E$P$D$K$B$S$7EM$VFPi3$EXTD16$VFPS$VFMA$PE$A:L22UL41UL21$X:L11$S22US41US21$IEEE1$IW$USESV6$~STKCKD$USESV7$~SHL$OTIME$ROPI$IEEEX$EBA8$UX$STANDARDLIB$REQ8$PRES8$EABIv2 0x00000000   Number         0  anon$$obj.o ABSOLUTE
    __ARM_use_no_argv                        0x00000000   Number         0  main.o ABSOLUTE
    __ARM_exceptions_init                     - Undefined Weak Reference
    __alloca_initialize                       - Undefined Weak Reference
    __arm_fini_                               - Undefined Weak Reference
    __arm_preinit_                            - Undefined Weak Reference
    __cpp_initialize__aeabi_                  - Undefined Weak Reference
    __cxa_finalize                            - Undefined Weak Reference
    __rt_locale                               - Undefined Weak Reference
    __sigvec_lookup                           - Undefined Weak Reference
    _atexit_init                              - Undefined Weak Reference
    _call_atexit_fns                          - Undefined Weak Reference
    _clock_init                               - Undefined Weak Reference
    _fp_trap_init                             - Undefined Weak Reference
    _fp_trap_shutdown                         - Undefined Weak Reference
    _get_lc_collate                           - Undefined Weak Reference
    _get_lc_ctype                             - Undefined Weak Reference
    _get_lc_monetary                          - Undefined Weak Reference
    _get_lc_numeric                           - Undefined Weak Reference
    _get_lc_time                              - Undefined Weak Reference
    _getenv_init                              - Undefined Weak Reference
    _handle_redirection                       - Undefined Weak Reference
    _init_alloc                               - Undefined Weak Reference
    _init_user_alloc                          - Undefined Weak Reference
    _initio                                   - Undefined Weak Reference
    _rand_init                                - Undefined Weak Reference
    _signal_finish                            - Undefined Weak Reference
    _signal_init                              - Undefined Weak Reference
    _terminate_alloc                          - Undefined Weak Reference
    _terminate_user_alloc                     - Undefined Weak Reference
    _terminateio                              - Undefined Weak Reference
    __Vectors_Size                           0x00000188   Number         0  startup_stm32f407xx.o ABSOLUTE
    __Vectors                                0x08000000   Data           4  startup_stm32f407xx.o(RESET)
    __Vectors_End                            0x08000188   Data           0  startup_stm32f407xx.o(RESET)
    __main                                   0x08000189   Thumb Code     8  __main.o(!!!main)
    __scatterload                            0x08000191   Thumb Code     0  __scatter.o(!!!scatter)
    __scatterload_rt2                        0x08000191   Thumb Code    44  __scatter.o(!!!scatter)
    __scatterload_rt2_thumb_only             0x08000191   Thumb Code     0  __scatter.o(!!!scatter)
    __scatterload_null                       0x0800019f   Thumb Code     0  __scatter.o(!!!scatter)
    __scatterload_copy                       0x080001c5   Thumb Code    26  __scatter_copy.o(!!handler_copy)
    __scatterload_zeroinit                   0x080001e1   Thumb Code    28  __scatter_zi.o(!!handler_zi)
    __rt_lib_init                            0x080001fd   Thumb Code     0  libinit.o(.ARM.Collect$$libinit$$00000000)
    __rt_lib_init_fp_1                       0x080001ff   Thumb Code     0  libinit2.o(.ARM.Collect$$libinit$$00000001)
    __rt_lib_init_alloca_1                   0x08000203   Thumb Code     0  libinit2.o(.ARM.Collect$$libinit$$0000002E)
    __rt_lib_init_argv_1                     0x08000203   Thumb Code     0  libinit2.o(.ARM.Collect$$libinit$$0000002C)
    __rt_lib_init_atexit_1                   0x08000203   Thumb Code     0  libinit2.o(.ARM.Collect$$libinit$$0000001B)
    __rt_lib_init_clock_1                    0x08000203   Thumb Code     0  libinit2.o(.ARM.Collect$$libinit$$00000021)
    __rt_lib_init_cpp_1                      0x08000203   Thumb Code     0  libinit2.o(.ARM.Collect$$libinit$$00000032)
    __rt_lib_init_exceptions_1               0x08000203   Thumb Code     0  libinit2.o(.ARM.Collect$$libinit$$00000030)
    __rt_lib_init_fp_trap_1                  0x08000203   Thumb Code     0  libinit2.o(.ARM.Collect$$libinit$$0000001F)
    __rt_lib_init_getenv_1                   0x08000203   Thumb Code     0  libinit2.o(.ARM.Collect$$libinit$$00000023)
    __rt_lib_init_heap_1                     0x08000203   Thumb Code     0  libinit2.o(.ARM.Collect$$libinit$$0000000A)
    __rt_lib_init_lc_collate_1               0x08000203   Thumb Code     0  libinit2.o(.ARM.Collect$$libinit$$00000011)
    __rt_lib_init_lc_ctype_1                 0x08000203   Thumb Code     0  libinit2.o(.ARM.Collect$$libinit$$00000013)
    __rt_lib_init_lc_monetary_1              0x08000203   Thumb Code     0  libinit2.o(.ARM.Collect$$libinit$$00000015)
    __rt_lib_init_lc_numeric_1               0x08000203   Thumb Code     0  libinit2.o(.ARM.Collect$$libinit$$00000017)
    __rt_lib_init_lc_time_1                  0x08000203   Thumb Code     0  libinit2.o(.ARM.Collect$$libinit$$00000019)
    __rt_lib_init_preinit_1                  0x08000203   Thumb Code     0  libinit2.o(.ARM.Collect$$libinit$$00000004)
    __rt_lib_init_rand_1                     0x08000203   Thumb Code     0  libinit2.o(.ARM.Collect$$libinit$$0000000E)
    __rt_lib_init_return                     0x08000203   Thumb Code     0  libinit2.o(.ARM.Collect$$libinit$$00000033)
    __rt_lib_init_signal_1                   0x08000203   Thumb Code     0  libinit2.o(.ARM.Collect$$libinit$$0000001D)
    __rt_lib_init_stdio_1                    0x08000203   Thumb Code     0  libinit2.o(.ARM.Collect$$libinit$$00000025)
    __rt_lib_init_user_alloc_1               0x08000203   Thumb Code     0  libinit2.o(.ARM.Collect$$libinit$$0000000C)
    __rt_lib_shutdown                        0x08000205   Thumb Code     0  libshutdown.o(.ARM.Collect$$libshutdown$$00000000)
    __rt_lib_shutdown_cpp_1                  0x08000207   Thumb Code     0  libshutdown2.o(.ARM.Collect$$libshutdown$$00000004)
    __rt_lib_shutdown_fini_1                 0x08000207   Thumb Code     0  libshutdown2.o(.ARM.Collect$$libshutdown$$00000002)
    __rt_lib_shutdown_fp_trap_1              0x08000207   Thumb Code     0  libshutdown2.o(.ARM.Collect$$libshutdown$$00000009)
    __rt_lib_shutdown_heap_1                 0x08000207   Thumb Code     0  libshutdown2.o(.ARM.Collect$$libshutdown$$00000011)
    __rt_lib_shutdown_return                 0x08000207   Thumb Code     0  libshutdown2.o(.ARM.Collect$$libshutdown$$00000012)
    __rt_lib_shutdown_signal_1               0x08000207   Thumb Code     0  libshutdown2.o(.ARM.Collect$$libshutdown$$0000000C)
    __rt_lib_shutdown_stdio_1                0x08000207   Thumb Code     0  libshutdown2.o(.ARM.Collect$$libshutdown$$00000006)
    __rt_lib_shutdown_user_alloc_1           0x08000207   Thumb Code     0  libshutdown2.o(.ARM.Collect$$libshutdown$$0000000E)
    __rt_entry                               0x08000209   Thumb Code     0  __rtentry.o(.ARM.Collect$$rtentry$$00000000)
    __rt_entry_presh_1                       0x08000209   Thumb Code     0  __rtentry2.o(.ARM.Collect$$rtentry$$00000002)
    __rt_entry_sh                            0x08000209   Thumb Code     0  __rtentry4.o(.ARM.Collect$$rtentry$$00000004)
    __rt_entry_li                            0x0800020f   Thumb Code     0  __rtentry2.o(.ARM.Collect$$rtentry$$0000000A)
    __rt_entry_postsh_1                      0x0800020f   Thumb Code     0  __rtentry2.o(.ARM.Collect$$rtentry$$00000009)
    __rt_entry_main                          0x08000213   Thumb Code     0  __rtentry2.o(.ARM.Collect$$rtentry$$0000000D)
    __rt_entry_postli_1                      0x08000213   Thumb Code     0  __rtentry2.o(.ARM.Collect$$rtentry$$0000000C)
    __rt_exit                                0x0800021b   Thumb Code     0  rtexit.o(.ARM.Collect$$rtexit$$00000000)
    __rt_exit_ls                             0x0800021d   Thumb Code     0  rtexit2.o(.ARM.Collect$$rtexit$$00000003)
    __rt_exit_prels_1                        0x0800021d   Thumb Code     0  rtexit2.o(.ARM.Collect$$rtexit$$00000002)
    __rt_exit_exit                           0x08000221   Thumb Code     0  rtexit2.o(.ARM.Collect$$rtexit$$00000004)
    Reset_Handler                            0x08000229   Thumb Code     8  startup_stm32f407xx.o(.text)
    NMI_Handler                              0x08000231   Thumb Code     2  startup_stm32f407xx.o(.text)
    HardFault_Handler                        0x08000233   Thumb Code     2  startup_stm32f407xx.o(.text)
    MemManage_Handler                        0x08000235   Thumb Code     2  startup_stm32f407xx.o(.text)
    BusFault_Handler                         0x08000237   Thumb Code     2  startup_stm32f407xx.o(.text)
    UsageFault_Handler                       0x08000239   Thumb Code     2  startup_stm32f407xx.o(.text)
    SVC_Handler                              0x0800023b   Thumb Code     2  startup_stm32f407xx.o(.text)
    DebugMon_Handler                         0x0800023d   Thumb Code     2  startup_stm32f407xx.o(.text)
    PendSV_Handler                           0x0800023f   Thumb Code     2  startup_stm32f407xx.o(.text)
    ADC_IRQHandler                           0x08000243   Thumb Code     0  startup_stm32f407xx.o(.text)
    CAN1_RX0_IRQHandler                      0x08000243   Thumb Code     0  startup_stm32f407xx.o(.text)
    CAN1_RX1_IRQHandler                      0x08000243   Thumb Code     0  startup_stm32f407xx.o(.text)
    CAN1_SCE_IRQHandler                      0x08000243   Thumb Code     0  startup_stm32f407xx.o(.text)
    CAN1_TX_IRQHandler                       0x08000243   Thumb Code     0  startup_stm32f407xx.o(.text)
    CAN2_RX0_IRQHandler                      0x08000243   Thumb Code     0  startup_stm32f407xx.o(.text)
    CAN2_RX1_IRQHandler                      0x08000243   Thumb Code     0  startup_stm32f407xx.o(.text)
    CAN2_SCE_IRQHandler                      0x08000243   Thumb Code     0  startup_stm32f407xx.o(.text)
    CAN2_TX_IRQHandler                       0x08000243   Thumb Code     0  startup_stm32f407xx.o(.text)
    DCMI_IRQHandler                          0x08000243   Thumb Code     0  startup_stm32f407xx.o(.text)
    DMA1_Stream0_IRQHandler                  0x08000243   Thumb Code     0  startup_stm32f407xx.o(.text)
    DMA1_Stream1_IRQHandler                  0x08000243   Thumb Code     0  startup_stm32f407xx.o(.text)
    DMA1_Stream2_IRQHandler                  0x08000243   Thumb Code     0  startup_stm32f407xx.o(.text)
    DMA1_Stream3_IRQHandler                  0x08000243   Thumb Code     0  startup_stm32f407xx.o(.text)
    DMA1_Stream4_IRQHandler                  0x08000243   Thumb Code     0  startup_stm32f407xx.o(.text)
    DMA1_Stream5_IRQHandler                  0x08000243   Thumb Code     0  startup_stm32f407xx.o(.text)
    DMA1_Stream6_IRQHandler                  0x08000243   Thumb Code     0  startup_stm32f407xx.o(.text)
    DMA1_Stream7_IRQHandler                  0x08000243   Thumb Code     0  startup_stm32f407xx.o(.text)
    DMA2_Stream0_IRQHandler                  0x08000243   Thumb Code     0  startup_stm32f407xx.o(.text)
    DMA2_Stream1_IRQHandler                  0x08000243   Thumb Code     0  startup_stm32f407xx.o(.text)
    DMA2_Stream2_IRQHandler                  0x08000243   Thumb Code     0  startup_stm32f407xx.o(.text)
    DMA2_Stream3_IRQHandler                  0x08000243   Thumb Code     0  startup_stm32f407xx.o(.text)
    DMA2_Stream4_IRQHandler                  0x08000243   Thumb Code     0  startup_stm32f407xx.o(.text)
    DMA2_Stream5_IRQHandler                  0x08000243   Thumb Code     0  startup_stm32f407xx.o(.text)
    DMA2_Stream6_IRQHandler                  0x08000243   Thumb Code     0  startup_stm32f407xx.o(.text)
    DMA2_Stream7_IRQHandler                  0x08000243   Thumb Code     0  startup_stm32f407xx.o(.text)
    ETH_IRQHandler                           0x08000243   Thumb Code     0  startup_stm32f407xx.o(.text)
    ETH_WKUP_IRQHandler                      0x08000243   Thumb Code     0  startup_stm32f407xx.o(.text)
    EXTI0_IRQHandler                         0x08000243   Thumb Code     0  startup_stm32f407xx.o(.text)
    EXTI15_10_IRQHandler                     0x08000243   Thumb Code     0  startup_stm32f407xx.o(.text)
    EXTI1_IRQHandler                         0x08000243   Thumb Code     0  startup_stm32f407xx.o(.text)
    EXTI2_IRQHandler                         0x08000243   Thumb Code     0  startup_stm32f407xx.o(.text)
    EXTI3_IRQHandler                         0x08000243   Thumb Code     0  startup_stm32f407xx.o(.text)
    EXTI4_IRQHandler                         0x08000243   Thumb Code     0  startup_stm32f407xx.o(.text)
    EXTI9_5_IRQHandler                       0x08000243   Thumb Code     0  startup_stm32f407xx.o(.text)
    FLASH_IRQHandler                         0x08000243   Thumb Code     0  startup_stm32f407xx.o(.text)
    FMC_IRQHandler                           0x08000243   Thumb Code     0  startup_stm32f407xx.o(.text)
    FPU_IRQHandler                           0x08000243   Thumb Code     0  startup_stm32f407xx.o(.text)
    HASH_RNG_IRQHandler                      0x08000243   Thumb Code     0  startup_stm32f407xx.o(.text)
    I2C1_ER_IRQHandler                       0x08000243   Thumb Code     0  startup_stm32f407xx.o(.text)
    I2C1_EV_IRQHandler                       0x08000243   Thumb Code     0  startup_stm32f407xx.o(.text)
    I2C2_ER_IRQHandler                       0x08000243   Thumb Code     0  startup_stm32f407xx.o(.text)
    I2C2_EV_IRQHandler                       0x08000243   Thumb Code     0  startup_stm32f407xx.o(.text)
    I2C3_ER_IRQHandler                       0x08000243   Thumb Code     0  startup_stm32f407xx.o(.text)
    I2C3_EV_IRQHandler                       0x08000243   Thumb Code     0  startup_stm32f407xx.o(.text)
    OTG_FS_IRQHandler                        0x08000243   Thumb Code     0  startup_stm32f407xx.o(.text)
    OTG_FS_WKUP_IRQHandler                   0x08000243   Thumb Code     0  startup_stm32f407xx.o(.text)
    OTG_HS_EP1_IN_IRQHandler                 0x08000243   Thumb Code     0  startup_stm32f407xx.o(.text)
    OTG_HS_EP1_OUT_IRQHandler                0x08000243   Thumb Code     0  startup_stm32f407xx.o(.text)
    OTG_HS_IRQHandler                        0x08000243   Thumb Code     0  startup_stm32f407xx.o(.text)
    OTG_HS_WKUP_IRQHandler                   0x08000243   Thumb Code     0  startup_stm32f407xx.o(.text)
    PVD_IRQHandler                           0x08000243   Thumb Code     0  startup_stm32f407xx.o(.text)
    RCC_IRQHandler                           0x08000243   Thumb Code     0  startup_stm32f407xx.o(.text)
    RTC_Alarm_IRQHandler                     0x08000243   Thumb Code     0  startup_stm32f407xx.o(.text)
    RTC_WKUP_IRQHandler                      0x08000243   Thumb Code     0  startup_stm32f407xx.o(.text)
    SDIO_IRQHandler                          0x08000243   Thumb Code     0  startup_stm32f407xx.o(.text)
    TAMP_STAMP_IRQHandler                    0x08000243   Thumb Code     0  startup_stm32f407xx.o(.text)
    TIM1_BRK_TIM9_IRQHandler                 0x08000243   Thumb Code     0  startup_stm32f407xx.o(.text)
    TIM1_CC_IRQHandler                       0x08000243   Thumb Code     0  startup_stm32f407xx.o(.text)
    TIM1_TRG_COM_TIM11_IRQHandler            0x08000243   Thumb Code     0  startup_stm32f407xx.o(.text)
    TIM1_UP_TIM10_IRQHandler                 0x08000243   Thumb Code     0  startup_stm32f407xx.o(.text)
    TIM2_IRQHandler                          0x08000243   Thumb Code     0  startup_stm32f407xx.o(.text)
    TIM3_IRQHandler                          0x08000243   Thumb Code     0  startup_stm32f407xx.o(.text)
    TIM4_IRQHandler                          0x08000243   Thumb Code     0  startup_stm32f407xx.o(.text)
    TIM5_IRQHandler                          0x08000243   Thumb Code     0  startup_stm32f407xx.o(.text)
    TIM6_DAC_IRQHandler                      0x08000243   Thumb Code     0  startup_stm32f407xx.o(.text)
    TIM8_BRK_TIM12_IRQHandler                0x08000243   Thumb Code     0  startup_stm32f407xx.o(.text)
    TIM8_CC_IRQHandler                       0x08000243   Thumb Code     0  startup_stm32f407xx.o(.text)
    TIM8_TRG_COM_TIM14_IRQHandler            0x08000243   Thumb Code     0  startup_stm32f407xx.o(.text)
    TIM8_UP_TIM13_IRQHandler                 0x08000243   Thumb Code     0  startup_stm32f407xx.o(.text)
    UART5_IRQHandler                         0x08000243   Thumb Code     0  startup_stm32f407xx.o(.text)
    WWDG_IRQHandler                          0x08000243   Thumb Code     0  startup_stm32f407xx.o(.text)
    __user_initial_stackheap                 0x08000245   Thumb Code     0  startup_stm32f407xx.o(.text)
    __semihosting$guard                      0x08000269   Thumb Code     0  use_no_semi.o(.text)
    __use_no_semihosting_swi                 0x08000269   Thumb Code     2  use_no_semi.o(.text)
    __aeabi_memcpy4                          0x0800026b   Thumb Code     0  rt_memcpy_w.o(.text)
    __aeabi_memcpy8                          0x0800026b   Thumb Code     0  rt_memcpy_w.o(.text)
    __rt_memcpy_w                            0x0800026b   Thumb Code   100  rt_memcpy_w.o(.text)
    _memcpy_lastbytes_aligned                0x080002b3   Thumb Code     0  rt_memcpy_w.o(.text)
    __use_two_region_memory                  0x080002cf   Thumb Code     2  heapauxi.o(.text)
    __rt_heap_escrow$2region                 0x080002d1   Thumb Code     2  heapauxi.o(.text)
    __rt_heap_expand$2region                 0x080002d3   Thumb Code     2  heapauxi.o(.text)
    __read_errno                             0x080002d5   Thumb Code    10  _rserrno.o(.text)
    __set_errno                              0x080002df   Thumb Code    12  _rserrno.o(.text)
    __aeabi_errno_addr                       0x080002ed   Thumb Code     8  rt_errno_addr_intlibspace.o(.text)
    __errno$intlibspace                      0x080002ed   Thumb Code     0  rt_errno_addr_intlibspace.o(.text)
    __rt_errno_addr$intlibspace              0x080002ed   Thumb Code     0  rt_errno_addr_intlibspace.o(.text)
    __user_libspace                          0x080002f5   Thumb Code     8  libspace.o(.text)
    __user_perproc_libspace                  0x080002f5   Thumb Code     0  libspace.o(.text)
    __user_perthread_libspace                0x080002f5   Thumb Code     0  libspace.o(.text)
    __user_setup_stackheap                   0x080002fd   Thumb Code    74  sys_stackheap_outer.o(.text)
    exit                                     0x08000347   Thumb Code    18  exit.o(.text)
    ADC_Cmd                                  0x08000359   Thumb Code    76  stm32f4xx_adc.o(i.ADC_Cmd)
    ADC_CommonInit                           0x080003d1   Thumb Code   342  stm32f4xx_adc.o(i.ADC_CommonInit)
    ADC_Init                                 0x08000555   Thumb Code   402  stm32f4xx_adc.o(i.ADC_Init)
    ADC_RegularChannelConfig                 0x0800071d   Thumb Code   408  stm32f4xx_adc.o(i.ADC_RegularChannelConfig)
    ADC_SoftwareStartConv                    0x080008e1   Thumb Code    44  stm32f4xx_adc.o(i.ADC_SoftwareStartConv)
    GPIO_Init                                0x08000939   Thumb Code   352  stm32f4xx_gpio.o(i.GPIO_Init)
    GPIO_PinAFConfig                         0x08000ae5   Thumb Code   352  stm32f4xx_gpio.o(i.GPIO_PinAFConfig)
    RCC_AHB1PeriphClockCmd                   0x08000c91   Thumb Code    70  stm32f4xx_rcc.o(i.RCC_AHB1PeriphClockCmd)
    RCC_APB1PeriphClockCmd                   0x08000d01   Thumb Code    70  stm32f4xx_rcc.o(i.RCC_APB1PeriphClockCmd)
    RCC_APB2PeriphClockCmd                   0x08000d6d   Thumb Code    70  stm32f4xx_rcc.o(i.RCC_APB2PeriphClockCmd)
    RCC_GetClocksFreq                        0x08000ddd   Thumb Code   214  stm32f4xx_rcc.o(i.RCC_GetClocksFreq)
    SPI1_IRQHandler                          0x08000ec5   Thumb Code    10  stm32f407_spi.o(i.SPI1_IRQHandler)
    SPI2_IRQHandler                          0x08000ecf   Thumb Code    10  stm32f407_spi.o(i.SPI2_IRQHandler)
    SPI3_IRQHandler                          0x08000ed9   Thumb Code    10  stm32f407_spi.o(i.SPI3_IRQHandler)
    SysTick_Handler                          0x08000ee5   Thumb Code    12  time_service.o(i.SysTick_Handler)
    SystemInit                               0x08000ef5   Thumb Code    82  system_stm32f4xx.o(i.SystemInit)
    TIM7_IRQHandler                          0x08000f59   Thumb Code    34  stm32f407_sysfunc.o(i.TIM7_IRQHandler)
    TIM_BDTRConfig                           0x08000f85   Thumb Code   222  stm32f4xx_tim.o(i.TIM_BDTRConfig)
    TIM_Cmd                                  0x0800108d   Thumb Code   144  stm32f4xx_tim.o(i.TIM_Cmd)
    TIM_CtrlPWMOutputs                       0x08001171   Thumb Code    78  stm32f4xx_tim.o(i.TIM_CtrlPWMOutputs)
    TIM_OC1Init                              0x080011e9   Thumb Code   400  stm32f4xx_tim.o(i.TIM_OC1Init)
    TIM_OC2Init                              0x080013c5   Thumb Code   416  stm32f4xx_tim.o(i.TIM_OC2Init)
    TIM_OC3Init                              0x080015a1   Thumb Code   400  stm32f4xx_tim.o(i.TIM_OC3Init)
    TIM_OC4Init                              0x08001765   Thumb Code   290  stm32f4xx_tim.o(i.TIM_OC4Init)
    TIM_SetCompare1                          0x080018bd   Thumb Code    94  stm32f4xx_tim.o(i.TIM_SetCompare1)
    TIM_SetCompare2                          0x08001969   Thumb Code    70  stm32f4xx_tim.o(i.TIM_SetCompare2)
    TIM_SetCompare3                          0x080019ed   Thumb Code    58  stm32f4xx_tim.o(i.TIM_SetCompare3)
    TIM_SetCompare4                          0x08001a5d   Thumb Code    58  stm32f4xx_tim.o(i.TIM_SetCompare4)
    TIM_TimeBaseInit                         0x08001acd   Thumb Code   278  stm32f4xx_tim.o(i.TIM_TimeBaseInit)
    UART4_IRQHandler                         0x08001c39   Thumb Code   152  uart4.o(i.UART4_IRQHandler)
    USART1_IRQHandler                        0x08001ced   Thumb Code   146  usart1.o(i.USART1_IRQHandler)
    USART2_IRQHandler                        0x08001d9d   Thumb Code   148  usart2.o(i.USART2_IRQHandler)
    USART3_IRQHandler                        0x08001e4d   Thumb Code   148  usart3.o(i.USART3_IRQHandler)
    USART6_IRQHandler                        0x08001efd   Thumb Code   148  usart6.o(i.USART6_IRQHandler)
    USART_ClearITPendingBit                  0x08001fad   Thumb Code   188  stm32f4xx_usart.o(i.USART_ClearITPendingBit)
    USART_Cmd                                0x080020b1   Thumb Code   120  stm32f4xx_usart.o(i.USART_Cmd)
    USART_ITConfig                           0x08002171   Thumb Code   284  stm32f4xx_usart.o(i.USART_ITConfig)
    USART_Init                               0x080022d5   Thumb Code   492  stm32f4xx_usart.o(i.USART_Init)
    SPIInterruptHandler(unsigned)            0x08002529   Thumb Code    52  stm32f407_spi.o(i._Z19SPIInterruptHandlerj)
    initPin(GPIO_TypeDef*, unsigned short, unsigned char, unsigned char, unsigned char) 0x08002571   Thumb Code   456  stm32f407_pin.o(i._Z7initPinP12GPIO_TypeDefthhh)
    initPin(unsigned short, unsigned char, unsigned char, unsigned char) 0x08002759   Thumb Code   180  mpu9250.o(i._Z7initPinthhh)
    initSPI(unsigned, bool, unsigned char, unsigned short, int, int, int, int) 0x08002821   Thumb Code   578  stm32f407_spi.o(i._Z7initSPIjbhtiiii)
    lowerBoard::crc8(int*, int)              0x08002a7d   Thumb Code    54  lower_board.o(i._ZN10lowerBoard4crc8EPii)
    lowerBoard::read()                       0x08002ab3   Thumb Code   108  lower_board.o(i._ZN10lowerBoard4readEv)
    lowerBoard::getDist()                    0x08002b1f   Thumb Code     6  lower_board.o(i._ZN10lowerBoard7getDistEv)
    lowerBoard::getAngle()                   0x08002b25   Thumb Code    20  lower_board.o(i._ZN10lowerBoard8getAngleEv)
    lowerBoard::isCanSee()                   0x08002b39   Thumb Code     8  lower_board.o(i._ZN10lowerBoard8isCanSeeEv)
    lowerBoard::lowerBoard(Pin&, Pin&)       0x08002b41   Thumb Code    66  lower_board.o(i._ZN10lowerBoardC1ER3PinS1_)
    lowerBoard::lowerBoard__sub_object(Pin&, Pin&) 0x08002b41   Thumb Code     0  lower_board.o(i._ZN10lowerBoardC1ER3PinS1_)
    mathematics::calculateSpeed(int, int, int&, int&, int&, int&) 0x08002b85   Thumb Code   598  mathematics.o(i._ZN11mathematics14calculateSpeedEiiRiS0_S0_S0_)
    mathematics::getAngle()                  0x08002ded   Thumb Code     6  mathematics.o(i._ZN11mathematics8getAngleEv)
    mathematics::getSpeed()                  0x08002df3   Thumb Code     6  mathematics.o(i._ZN11mathematics8getSpeedEv)
    mathematics::setVector(int, int)         0x08002df9   Thumb Code     6  mathematics.o(i._ZN11mathematics9setVectorEii)
    mathematics::mathematics()               0x08002dff   Thumb Code    24  mathematics.o(i._ZN11mathematicsC1Ev)
    mathematics::mathematics__sub_object()   0x08002dff   Thumb Code     0  mathematics.o(i._ZN11mathematicsC1Ev)
    robotMotion::move(long long, long long, long long, long long) 0x08002e17   Thumb Code    62  motion_control.o(i._ZN11robotMotion4moveExxxx)
    robotMotion::robotInit()                 0x08002e55   Thumb Code    30  motion_control.o(i._ZN11robotMotion9robotInitEv)
    robotMotion::robotMotion(Motor&, Motor&, Motor&, Motor&) 0x08002e73   Thumb Code    14  motion_control.o(i._ZN11robotMotionC1ER5MotorS1_S1_S1_)
    robotMotion::robotMotion__sub_object(Motor&, Motor&, Motor&, Motor&) 0x08002e73   Thumb Code     0  motion_control.o(i._ZN11robotMotionC1ER5MotorS1_S1_S1_)
    line_sensors::line_sensors(unsigned)     0x08002e81   Thumb Code    38  line_sensors.o(i._ZN12line_sensorsC1Ej)
    line_sensors::line_sensors__sub_object(unsigned) 0x08002e81   Thumb Code     0  line_sensors.o(i._ZN12line_sensorsC1Ej)
    time_service::init()                     0x08002ea9   Thumb Code    90  time_service.o(i._ZN12time_service4initEv)
    time_service::delay_ms(unsigned)         0x08002f11   Thumb Code    24  time_service.o(i._ZN12time_service8delay_msEj)
    time_service::startTime()                0x08002f2d   Thumb Code    18  time_service.o(i._ZN12time_service9startTimeEv)
    Adc::setChannel()                        0x08002f3f   Thumb Code    36  adc.o(i._ZN3Adc10setChannelEv)
    Adc::sendMeChannel(unsigned char)        0x08002f63   Thumb Code    22  adc.o(i._ZN3Adc13sendMeChannelEh)
    Adc::adcInit()                           0x08002f79   Thumb Code    38  adc.o(i._ZN3Adc7adcInitEv)
    Adc::startAdc()                          0x08002f9f   Thumb Code    60  adc.o(i._ZN3Adc8startAdcEv)
    Adc::Adc(ADC_TypeDef*, unsigned char, unsigned char, unsigned char, unsigned, Pin&) 0x08002fdb   Thumb Code    58  adc.o(i._ZN3AdcC1EP11ADC_TypeDefhhhjR3Pin)
    Adc::Adc__sub_object(ADC_TypeDef*, unsigned char, unsigned char, unsigned char, unsigned, Pin&) 0x08002fdb   Thumb Code     0  adc.o(i._ZN3AdcC1EP11ADC_TypeDefhhhjR3Pin)
    Pin::pwm(unsigned)                       0x08003015   Thumb Code    70  pin_setup.o(i._ZN3Pin3pwmEj)
    Pin::pinInit()                           0x0800305d   Thumb Code   222  pin_setup.o(i._ZN3Pin7pinInitEv)
    Pin::pwmInit()                           0x08003161   Thumb Code   368  pin_setup.o(i._ZN3Pin7pwmInitEv)
    Pin::readPin()                           0x080032e5   Thumb Code    20  pin_setup.o(i._ZN3Pin7readPinEv)
    Pin::Pin(unsigned short, GPIO_TypeDef*, GPIOMode_TypeDef, TIM_TypeDef*, unsigned, unsigned, unsigned short, unsigned char, unsigned, unsigned, GPIOOType_TypeDef, GPIOPuPd_TypeDef) 0x080032f9   Thumb Code    56  pin_setup.o(i._ZN3PinC1EtP12GPIO_TypeDef16GPIOMode_TypeDefP11TIM_TypeDefjjthjj17GPIOOType_TypeDef16GPIOPuPd_TypeDef)
    Pin::Pin__sub_object(unsigned short, GPIO_TypeDef*, GPIOMode_TypeDef, TIM_TypeDef*, unsigned, unsigned, unsigned short, unsigned char, unsigned, unsigned, GPIOOType_TypeDef, GPIOPuPd_TypeDef) 0x080032f9   Thumb Code     0  pin_setup.o(i._ZN3PinC1EtP12GPIO_TypeDef16GPIOMode_TypeDefP11TIM_TypeDefjjthjj17GPIOOType_TypeDef16GPIOPuPd_TypeDef)
    gyro::setRotationByGyro()                0x08003331   Thumb Code    10  gyro.o(i._ZN4gyro17setRotationByGyroEv)
    gyro::read()                             0x0800333d   Thumb Code   148  gyro.o(i._ZN4gyro4readEv)
    gyro::getAngle()                         0x080033d9   Thumb Code     6  gyro.o(i._ZN4gyro8getAngleEv)
    gyro::gyro(Pin&, Pin&)                   0x080033df   Thumb Code    52  gyro.o(i._ZN4gyroC1ER3PinS1_)
    gyro::gyro__sub_object(Pin&, Pin&)       0x080033df   Thumb Code     0  gyro.o(i._ZN4gyroC1ER3PinS1_)
    Motor::go(int)                           0x08003415   Thumb Code   104  motor_control.o(i._ZN5Motor2goEi)
    Motor::motorInit()                       0x08003481   Thumb Code    40  motor_control.o(i._ZN5Motor9motorInitEv)
    Motor::Motor(Pin&, Pin&)                 0x080034a9   Thumb Code     6  motor_control.o(i._ZN5MotorC1ER3PinS1_)
    Motor::Motor__sub_object(Pin&, Pin&)     0x080034a9   Thumb Code     0  motor_control.o(i._ZN5MotorC1ER3PinS1_)
    Camera::getCamDist()                     0x080034af   Thumb Code    24  camera.o(i._ZN6Camera10getCamDistEv)
    Camera::getCamAngle()                    0x080034c7   Thumb Code    24  camera.o(i._ZN6Camera11getCamAngleEv)
    Camera::getFormatedAngle(int)            0x080034df   Thumb Code    28  camera.o(i._ZN6Camera16getFormatedAngleEi)
    Camera::getAnotherCamDist()              0x080034fb   Thumb Code    24  camera.o(i._ZN6Camera17getAnotherCamDistEv)
    Camera::getAnotherCamAngle()             0x08003513   Thumb Code    24  camera.o(i._ZN6Camera18getAnotherCamAngleEv)
    Camera::getBDist()                       0x0800352b   Thumb Code     6  camera.o(i._ZN6Camera8getBDistEv)
    Camera::getYDist()                       0x08003531   Thumb Code     6  camera.o(i._ZN6Camera8getYDistEv)
    Camera::readData()                       0x08003537   Thumb Code   148  camera.o(i._ZN6Camera8readDataEv)
    Camera::getBAngle()                      0x080035cb   Thumb Code    14  camera.o(i._ZN6Camera9getBAngleEv)
    Camera::getYAngle()                      0x080035d9   Thumb Code    14  camera.o(i._ZN6Camera9getYAngleEv)
    Camera::Camera(Pin&, Pin&)               0x080035e7   Thumb Code    70  camera.o(i._ZN6CameraC1ER3PinS1_)
    Camera::Camera__sub_object(Pin&, Pin&)   0x080035e7   Thumb Code     0  camera.o(i._ZN6CameraC1ER3PinS1_)
    Usart1::read()                           0x0800362d   Thumb Code    64  usart1.o(i._ZN6Usart14readEv)
    Usart1::uartInit()                       0x08003675   Thumb Code   170  usart1.o(i._ZN6Usart18uartInitEv)
    Usart1::available()                      0x08003741   Thumb Code    44  usart1.o(i._ZN6Usart19availableEv)
    Usart2::read()                           0x08003775   Thumb Code    62  usart2.o(i._ZN6Usart24readEv)
    Usart2::uartInit()                       0x080037bd   Thumb Code   170  usart2.o(i._ZN6Usart28uartInitEv)
    Usart2::available()                      0x08003889   Thumb Code    44  usart2.o(i._ZN6Usart29availableEv)
    Usart3::read()                           0x080038bd   Thumb Code    62  usart3.o(i._ZN6Usart34readEv)
    Usart3::available()                      0x08003905   Thumb Code    44  usart3.o(i._ZN6Usart39availableEv)
    Usart3::usartInit()                      0x08003939   Thumb Code   170  usart3.o(i._ZN6Usart39usartInitEv)
    std::abs(double)                         0x08003a05   Thumb Code    32  main.o(i._ZSt3absd)
    __ARM_fpclassify                         0x08003a25   Thumb Code    48  fpclassify.o(i.__ARM_fpclassify)
    __cxa_guard_acquire                      0x08003a55   Thumb Code    16  cxa_guard_acquire.o(i.__cxa_guard_acquire)
    __hardfp_cos                             0x08003a69   Thumb Code   180  cos.o(i.__hardfp_cos)
    __hardfp_fabs                            0x08003b31   Thumb Code    20  fabs.o(i.__hardfp_fabs)
    __hardfp_pow                             0x08003b49   Thumb Code  3072  pow.o(i.__hardfp_pow)
    __hardfp_sin                             0x08004799   Thumb Code   180  sin.o(i.__hardfp_sin)
    __ieee754_rem_pio2                       0x08004861   Thumb Code   938  rred.o(i.__ieee754_rem_pio2)
    __kernel_cos                             0x08004c99   Thumb Code   322  cos_i.o(i.__kernel_cos)
    __kernel_poly                            0x08004e09   Thumb Code   248  poly.o(i.__kernel_poly)
    __kernel_sin                             0x08004f01   Thumb Code   280  sin_i.o(i.__kernel_sin)
    __mathlib_dbl_divzero                    0x08005031   Thumb Code    28  dunder.o(i.__mathlib_dbl_divzero)
    __mathlib_dbl_infnan                     0x08005061   Thumb Code    20  dunder.o(i.__mathlib_dbl_infnan)
    __mathlib_dbl_infnan2                    0x08005075   Thumb Code    20  dunder.o(i.__mathlib_dbl_infnan2)
    __mathlib_dbl_invalid                    0x08005089   Thumb Code    24  dunder.o(i.__mathlib_dbl_invalid)
    __mathlib_dbl_overflow                   0x080050a9   Thumb Code    24  dunder.o(i.__mathlib_dbl_overflow)
    __mathlib_dbl_underflow                  0x080050c9   Thumb Code    24  dunder.o(i.__mathlib_dbl_underflow)
    _sys_exit                                0x080050e9   Thumb Code     4  retarget.o(i._sys_exit)
    assert_failed                            0x080050ed   Thumb Code    10  retarget.o(i.assert_failed)
    fabs                                     0x080050f7   Thumb Code    24  fabs.o(i.fabs)
    main                                     0x08005111   Thumb Code  2772  main.o(i.main)
    sqrt                                     0x08005bf1   Thumb Code   110  sqrt.o(i.sqrt)
    __aeabi_dneg                             0x08005c5f   Thumb Code     0  basic.o(x$fpl$basic)
    _dneg                                    0x08005c5f   Thumb Code     6  basic.o(x$fpl$basic)
    __aeabi_fneg                             0x08005c65   Thumb Code     0  basic.o(x$fpl$basic)
    _fneg                                    0x08005c65   Thumb Code     6  basic.o(x$fpl$basic)
    _dabs                                    0x08005c6b   Thumb Code     6  basic.o(x$fpl$basic)
    _fabs                                    0x08005c71   Thumb Code     6  basic.o(x$fpl$basic)
    __aeabi_dadd                             0x08005c79   Thumb Code     0  daddsub_clz.o(x$fpl$dadd)
    _dadd                                    0x08005c79   Thumb Code   332  daddsub_clz.o(x$fpl$dadd)
    __fpl_dcheck_NaN1                        0x08005dc9   Thumb Code    10  dcheck1.o(x$fpl$dcheck1)
    __fpl_dcmp_Inf                           0x08005dd9   Thumb Code    24  dcmpi.o(x$fpl$dcmpinf)
    __aeabi_ddiv                             0x08005df1   Thumb Code     0  ddiv.o(x$fpl$ddiv)
    _ddiv                                    0x08005df1   Thumb Code   552  ddiv.o(x$fpl$ddiv)
    __aeabi_d2iz                             0x080060a1   Thumb Code     0  dfix.o(x$fpl$dfix)
    _dfix                                    0x080060a1   Thumb Code    94  dfix.o(x$fpl$dfix)
    __aeabi_d2uiz                            0x08006101   Thumb Code     0  dfixu.o(x$fpl$dfixu)
    _dfixu                                   0x08006101   Thumb Code    90  dfixu.o(x$fpl$dfixu)
    __aeabi_i2d                              0x0800615b   Thumb Code     0  dflt_clz.o(x$fpl$dflt)
    _dflt                                    0x0800615b   Thumb Code    46  dflt_clz.o(x$fpl$dflt)
    __aeabi_ui2d                             0x08006189   Thumb Code     0  dflt_clz.o(x$fpl$dfltu)
    _dfltu                                   0x08006189   Thumb Code    38  dflt_clz.o(x$fpl$dfltu)
    __aeabi_cdcmple                          0x080061b1   Thumb Code     0  dleqf.o(x$fpl$dleqf)
    _dcmple                                  0x080061b1   Thumb Code   120  dleqf.o(x$fpl$dleqf)
    __fpl_dcmple_InfNaN                      0x08006213   Thumb Code     0  dleqf.o(x$fpl$dleqf)
    __aeabi_dmul                             0x08006229   Thumb Code     0  dmul.o(x$fpl$dmul)
    _dmul                                    0x08006229   Thumb Code   332  dmul.o(x$fpl$dmul)
    __fpl_dnaninf                            0x0800637d   Thumb Code   156  dnaninf.o(x$fpl$dnaninf)
    __fpl_dretinf                            0x08006419   Thumb Code    12  dretinf.o(x$fpl$dretinf)
    __aeabi_cdrcmple                         0x08006425   Thumb Code     0  drleqf.o(x$fpl$drleqf)
    _drcmple                                 0x08006425   Thumb Code   108  drleqf.o(x$fpl$drleqf)
    __aeabi_drsub                            0x08006491   Thumb Code     0  daddsub_clz.o(x$fpl$drsb)
    _drsb                                    0x08006491   Thumb Code    22  daddsub_clz.o(x$fpl$drsb)
    _dsqrt                                   0x080064a9   Thumb Code   404  dsqrt_umaal.o(x$fpl$dsqrt)
    __aeabi_dsub                             0x08006641   Thumb Code     0  daddsub_clz.o(x$fpl$dsub)
    _dsub                                    0x08006641   Thumb Code   464  daddsub_clz.o(x$fpl$dsub)
    _fp_init                                 0x08006815   Thumb Code    10  fpinit.o(x$fpl$fpinit)
    __fplib_config_fpu_vfp                   0x0800681d   Thumb Code     0  fpinit.o(x$fpl$fpinit)
    __fplib_config_pureend_doubles           0x0800681d   Thumb Code     0  fpinit.o(x$fpl$fpinit)
    __fpl_return_NaN                         0x0800681f   Thumb Code   100  retnan.o(x$fpl$retnan)
    __ARM_scalbn                             0x08006883   Thumb Code    92  scalbn.o(x$fpl$scalbn)
    __fpl_cmpreturn                          0x080068df   Thumb Code    48  trapv.o(x$fpl$trapveneer)
    __I$use$fp                               0x0800690e   Number         0  usenofp.o(x$fpl$usenofp)
    __mathlib_zero                           0x08006a08   Data           8  qnan.o(.constdata)
    Region$$Table$$Base                      0x08006b00   Number         0  anon$$obj.o(Region$$Table)
    Region$$Table$$Limit                     0x08006b20   Number         0  anon$$obj.o(Region$$Table)
    time_service::systemTime                 0x20000010   Data           4  time_service.o(.data)
    SystemCoreClock                          0x2000006c   Data           4  system_stm32f4xx.o(.data)
    Usart3::m_rxCnt                          0x20000070   Data           2  usart3.o(.data)
    Usart3::m_txCnt                          0x20000072   Data           2  usart3.o(.data)
    Usart3::fl                               0x20000074   Data           1  usart3.o(.data)
    Usart3::m_readCnt                        0x20000076   Data           2  usart3.o(.data)
    Usart3::m_sendCnt                        0x20000078   Data           2  usart3.o(.data)
    Usart6::tx                               0x2000007a   Data           8  usart6.o(.data)
    Usart6::rx                               0x20000082   Data           8  usart6.o(.data)
    Usart6::m_rxCnt                          0x2000008a   Data           2  usart6.o(.data)
    Usart6::m_txCnt                          0x2000008c   Data           2  usart6.o(.data)
    Usart6::fl                               0x2000008e   Data           1  usart6.o(.data)
    Usart6::m_readCnt                        0x20000090   Data           2  usart6.o(.data)
    Usart6::m_sendCnt                        0x20000092   Data           2  usart6.o(.data)
    Usart2::m_rxCnt                          0x20000094   Data           2  usart2.o(.data)
    Usart2::m_txCnt                          0x20000096   Data           2  usart2.o(.data)
    Usart2::fl                               0x20000098   Data           1  usart2.o(.data)
    Usart2::m_readCnt                        0x2000009a   Data           2  usart2.o(.data)
    Usart2::m_sendCnt                        0x2000009c   Data           2  usart2.o(.data)
    Usart1::m_rxCnt                          0x2000009e   Data           2  usart1.o(.data)
    Usart1::m_txCnt                          0x200000a0   Data           2  usart1.o(.data)
    Usart1::fl                               0x200000a2   Data           1  usart1.o(.data)
    Usart1::m_readCnt                        0x200000a4   Data           2  usart1.o(.data)
    Usart1::m_sendCnt                        0x200000a6   Data           2  usart1.o(.data)
    _millis                                  0x200000a8   Data           4  stm32f407_sysfunc.o(.data)
    _RxData                                  0x200000ac   Data           4  stm32f407_spi.o(.data)
    _available                               0x200000b0   Data           2  stm32f407_spi.o(.data)
    Uart4::m_rxCnt                           0x200000b2   Data           2  uart4.o(.data)
    Uart4::m_txCnt                           0x200000b4   Data           2  uart4.o(.data)
    Uart4::fl                                0x200000b6   Data           1  uart4.o(.data)
    Uart4::m_readCnt                         0x200000b8   Data           2  uart4.o(.data)
    Uart4::m_sendCnt                         0x200000ba   Data           2  uart4.o(.data)
    Usart3::tx                               0x20000444   Data          16  usart3.o(.bss)
    Usart3::rx                               0x20000454   Data          16  usart3.o(.bss)
    Usart2::tx                               0x20000464   Data         128  usart2.o(.bss)
    Usart2::rx                               0x200004e4   Data         128  usart2.o(.bss)
    Usart1::tx                               0x20000564   Data         512  usart1.o(.bss)
    Usart1::rx                               0x20000764   Data         512  usart1.o(.bss)
    Uart4::tx                                0x20000964   Data         512  uart4.o(.bss)
    Uart4::rx                                0x20000b64   Data         512  uart4.o(.bss)
    __libspace_start                         0x20000d64   Data          96  libspace.o(.bss)
    __temporary_stack_top$libspace           0x20000dc4   Data           0  libspace.o(.bss)



==============================================================================

Memory Map of the image

  Image Entry point : 0x08000229

  Load Region LR_1 (Base: 0x08000000, Size: 0x00006bdc, Max: 0xffffffff, ABSOLUTE)

    Execution Region ER_RO (Exec base: 0x08000000, Load base: 0x08000000, Size: 0x00006b20, Max: 0xffffffff, ABSOLUTE)

    Exec Addr    Load Addr    Size         Type   Attr      Idx    E Section Name        Object

    0x08000000   0x08000000   0x00000188   Data   RO         2653    RESET               startup_stm32f407xx.o
    0x08000188   0x08000188   0x00000008   Code   RO         4305  * !!!main             c_w.l(__main.o)
    0x08000190   0x08000190   0x00000034   Code   RO         4664    !!!scatter          c_w.l(__scatter.o)
    0x080001c4   0x080001c4   0x0000001a   Code   RO         4666    !!handler_copy      c_w.l(__scatter_copy.o)
    0x080001de   0x080001de   0x00000002   PAD
    0x080001e0   0x080001e0   0x0000001c   Code   RO         4668    !!handler_zi        c_w.l(__scatter_zi.o)
    0x080001fc   0x080001fc   0x00000002   Code   RO         4540    .ARM.Collect$$libinit$$00000000  c_w.l(libinit.o)
    0x080001fe   0x080001fe   0x00000004   Code   RO         4545    .ARM.Collect$$libinit$$00000001  c_w.l(libinit2.o)
    0x08000202   0x08000202   0x00000000   Code   RO         4548    .ARM.Collect$$libinit$$00000004  c_w.l(libinit2.o)
    0x08000202   0x08000202   0x00000000   Code   RO         4551    .ARM.Collect$$libinit$$0000000A  c_w.l(libinit2.o)
    0x08000202   0x08000202   0x00000000   Code   RO         4553    .ARM.Collect$$libinit$$0000000C  c_w.l(libinit2.o)
    0x08000202   0x08000202   0x00000000   Code   RO         4555    .ARM.Collect$$libinit$$0000000E  c_w.l(libinit2.o)
    0x08000202   0x08000202   0x00000000   Code   RO         4558    .ARM.Collect$$libinit$$00000011  c_w.l(libinit2.o)
    0x08000202   0x08000202   0x00000000   Code   RO         4560    .ARM.Collect$$libinit$$00000013  c_w.l(libinit2.o)
    0x08000202   0x08000202   0x00000000   Code   RO         4562    .ARM.Collect$$libinit$$00000015  c_w.l(libinit2.o)
    0x08000202   0x08000202   0x00000000   Code   RO         4564    .ARM.Collect$$libinit$$00000017  c_w.l(libinit2.o)
    0x08000202   0x08000202   0x00000000   Code   RO         4566    .ARM.Collect$$libinit$$00000019  c_w.l(libinit2.o)
    0x08000202   0x08000202   0x00000000   Code   RO         4568    .ARM.Collect$$libinit$$0000001B  c_w.l(libinit2.o)
    0x08000202   0x08000202   0x00000000   Code   RO         4570    .ARM.Collect$$libinit$$0000001D  c_w.l(libinit2.o)
    0x08000202   0x08000202   0x00000000   Code   RO         4572    .ARM.Collect$$libinit$$0000001F  c_w.l(libinit2.o)
    0x08000202   0x08000202   0x00000000   Code   RO         4574    .ARM.Collect$$libinit$$00000021  c_w.l(libinit2.o)
    0x08000202   0x08000202   0x00000000   Code   RO         4576    .ARM.Collect$$libinit$$00000023  c_w.l(libinit2.o)
    0x08000202   0x08000202   0x00000000   Code   RO         4578    .ARM.Collect$$libinit$$00000025  c_w.l(libinit2.o)
    0x08000202   0x08000202   0x00000000   Code   RO         4582    .ARM.Collect$$libinit$$0000002C  c_w.l(libinit2.o)
    0x08000202   0x08000202   0x00000000   Code   RO         4584    .ARM.Collect$$libinit$$0000002E  c_w.l(libinit2.o)
    0x08000202   0x08000202   0x00000000   Code   RO         4586    .ARM.Collect$$libinit$$00000030  c_w.l(libinit2.o)
    0x08000202   0x08000202   0x00000000   Code   RO         4588    .ARM.Collect$$libinit$$00000032  c_w.l(libinit2.o)
    0x08000202   0x08000202   0x00000002   Code   RO         4589    .ARM.Collect$$libinit$$00000033  c_w.l(libinit2.o)
    0x08000204   0x08000204   0x00000002   Code   RO         4609    .ARM.Collect$$libshutdown$$00000000  c_w.l(libshutdown.o)
    0x08000206   0x08000206   0x00000000   Code   RO         4617    .ARM.Collect$$libshutdown$$00000002  c_w.l(libshutdown2.o)
    0x08000206   0x08000206   0x00000000   Code   RO         4619    .ARM.Collect$$libshutdown$$00000004  c_w.l(libshutdown2.o)
    0x08000206   0x08000206   0x00000000   Code   RO         4621    .ARM.Collect$$libshutdown$$00000006  c_w.l(libshutdown2.o)
    0x08000206   0x08000206   0x00000000   Code   RO         4624    .ARM.Collect$$libshutdown$$00000009  c_w.l(libshutdown2.o)
    0x08000206   0x08000206   0x00000000   Code   RO         4627    .ARM.Collect$$libshutdown$$0000000C  c_w.l(libshutdown2.o)
    0x08000206   0x08000206   0x00000000   Code   RO         4629    .ARM.Collect$$libshutdown$$0000000E  c_w.l(libshutdown2.o)
    0x08000206   0x08000206   0x00000000   Code   RO         4632    .ARM.Collect$$libshutdown$$00000011  c_w.l(libshutdown2.o)
    0x08000206   0x08000206   0x00000002   Code   RO         4633    .ARM.Collect$$libshutdown$$00000012  c_w.l(libshutdown2.o)
    0x08000208   0x08000208   0x00000000   Code   RO         4441    .ARM.Collect$$rtentry$$00000000  c_w.l(__rtentry.o)
    0x08000208   0x08000208   0x00000000   Code   RO         4507    .ARM.Collect$$rtentry$$00000002  c_w.l(__rtentry2.o)
    0x08000208   0x08000208   0x00000006   Code   RO         4519    .ARM.Collect$$rtentry$$00000004  c_w.l(__rtentry4.o)
    0x0800020e   0x0800020e   0x00000000   Code   RO         4509    .ARM.Collect$$rtentry$$00000009  c_w.l(__rtentry2.o)
    0x0800020e   0x0800020e   0x00000004   Code   RO         4510    .ARM.Collect$$rtentry$$0000000A  c_w.l(__rtentry2.o)
    0x08000212   0x08000212   0x00000000   Code   RO         4512    .ARM.Collect$$rtentry$$0000000C  c_w.l(__rtentry2.o)
    0x08000212   0x08000212   0x00000008   Code   RO         4513    .ARM.Collect$$rtentry$$0000000D  c_w.l(__rtentry2.o)
    0x0800021a   0x0800021a   0x00000002   Code   RO         4543    .ARM.Collect$$rtexit$$00000000  c_w.l(rtexit.o)
    0x0800021c   0x0800021c   0x00000000   Code   RO         4593    .ARM.Collect$$rtexit$$00000002  c_w.l(rtexit2.o)
    0x0800021c   0x0800021c   0x00000004   Code   RO         4594    .ARM.Collect$$rtexit$$00000003  c_w.l(rtexit2.o)
    0x08000220   0x08000220   0x00000006   Code   RO         4595    .ARM.Collect$$rtexit$$00000004  c_w.l(rtexit2.o)
    0x08000226   0x08000226   0x00000002   PAD
    0x08000228   0x08000228   0x00000040   Code   RO         2654  * .text               startup_stm32f407xx.o
    0x08000268   0x08000268   0x00000002   Code   RO         4299    .text               c_w.l(use_no_semi.o)
    0x0800026a   0x0800026a   0x00000064   Code   RO         4301    .text               c_w.l(rt_memcpy_w.o)
    0x080002ce   0x080002ce   0x00000006   Code   RO         4303    .text               c_w.l(heapauxi.o)
    0x080002d4   0x080002d4   0x00000016   Code   RO         4442    .text               c_w.l(_rserrno.o)
    0x080002ea   0x080002ea   0x00000002   PAD
    0x080002ec   0x080002ec   0x00000008   Code   RO         4524    .text               c_w.l(rt_errno_addr_intlibspace.o)
    0x080002f4   0x080002f4   0x00000008   Code   RO         4528    .text               c_w.l(libspace.o)
    0x080002fc   0x080002fc   0x0000004a   Code   RO         4531    .text               c_w.l(sys_stackheap_outer.o)
    0x08000346   0x08000346   0x00000012   Code   RO         4533    .text               c_w.l(exit.o)
    0x08000358   0x08000358   0x00000078   Code   RO         1583    i.ADC_Cmd           stm32f4xx_adc.o
    0x080003d0   0x080003d0   0x00000184   Code   RO         1584    i.ADC_CommonInit    stm32f4xx_adc.o
    0x08000554   0x08000554   0x000001c8   Code   RO         1603    i.ADC_Init          stm32f4xx_adc.o
    0x0800071c   0x0800071c   0x000001c4   Code   RO         1608    i.ADC_RegularChannelConfig  stm32f4xx_adc.o
    0x080008e0   0x080008e0   0x00000058   Code   RO         1610    i.ADC_SoftwareStartConv  stm32f4xx_adc.o
    0x08000938   0x08000938   0x000001ac   Code   RO         1884    i.GPIO_Init         stm32f4xx_gpio.o
    0x08000ae4   0x08000ae4   0x000001ac   Code   RO         1885    i.GPIO_PinAFConfig  stm32f4xx_gpio.o
    0x08000c90   0x08000c90   0x00000070   Code   RO         1236    i.RCC_AHB1PeriphClockCmd  stm32f4xx_rcc.o
    0x08000d00   0x08000d00   0x0000006c   Code   RO         1245    i.RCC_APB1PeriphClockCmd  stm32f4xx_rcc.o
    0x08000d6c   0x08000d6c   0x00000070   Code   RO         1248    i.RCC_APB2PeriphClockCmd  stm32f4xx_rcc.o
    0x08000ddc   0x08000ddc   0x000000e8   Code   RO         1257    i.RCC_GetClocksFreq  stm32f4xx_rcc.o
    0x08000ec4   0x08000ec4   0x0000000a   Code   RO         4037    i.SPI1_IRQHandler   stm32f407_spi.o
    0x08000ece   0x08000ece   0x0000000a   Code   RO         4038    i.SPI2_IRQHandler   stm32f407_spi.o
    0x08000ed8   0x08000ed8   0x0000000a   Code   RO         4039    i.SPI3_IRQHandler   stm32f407_spi.o
    0x08000ee2   0x08000ee2   0x00000002   PAD
    0x08000ee4   0x08000ee4   0x00000010   Code   RO         2159    i.SysTick_Handler   time_service.o
    0x08000ef4   0x08000ef4   0x00000064   Code   RO         2759    i.SystemInit        system_stm32f4xx.o
    0x08000f58   0x08000f58   0x0000002c   Code   RO         3617    i.TIM7_IRQHandler   stm32f407_sysfunc.o
    0x08000f84   0x08000f84   0x00000108   Code   RO          474    i.TIM_BDTRConfig    stm32f4xx_tim.o
    0x0800108c   0x0800108c   0x000000e4   Code   RO          485    i.TIM_Cmd           stm32f4xx_tim.o
    0x08001170   0x08001170   0x00000078   Code   RO          487    i.TIM_CtrlPWMOutputs  stm32f4xx_tim.o
    0x080011e8   0x080011e8   0x000001dc   Code   RO          514    i.TIM_OC1Init       stm32f4xx_tim.o
    0x080013c4   0x080013c4   0x000001dc   Code   RO          519    i.TIM_OC2Init       stm32f4xx_tim.o
    0x080015a0   0x080015a0   0x000001c4   Code   RO          524    i.TIM_OC3Init       stm32f4xx_tim.o
    0x08001764   0x08001764   0x00000158   Code   RO          529    i.TIM_OC4Init       stm32f4xx_tim.o
    0x080018bc   0x080018bc   0x000000ac   Code   RO          547    i.TIM_SetCompare1   stm32f4xx_tim.o
    0x08001968   0x08001968   0x00000084   Code   RO          548    i.TIM_SetCompare2   stm32f4xx_tim.o
    0x080019ec   0x080019ec   0x00000070   Code   RO          549    i.TIM_SetCompare3   stm32f4xx_tim.o
    0x08001a5c   0x08001a5c   0x00000070   Code   RO          550    i.TIM_SetCompare4   stm32f4xx_tim.o
    0x08001acc   0x08001acc   0x0000016c   Code   RO          557    i.TIM_TimeBaseInit  stm32f4xx_tim.o
    0x08001c38   0x08001c38   0x000000b4   Code   RO         4142    i.UART4_IRQHandler  uart4.o
    0x08001cec   0x08001cec   0x000000b0   Code   RO         3218    i.USART1_IRQHandler  usart1.o
    0x08001d9c   0x08001d9c   0x000000b0   Code   RO         3163    i.USART2_IRQHandler  usart2.o
    0x08001e4c   0x08001e4c   0x000000b0   Code   RO         3047    i.USART3_IRQHandler  usart3.o
    0x08001efc   0x08001efc   0x000000b0   Code   RO         3109    i.USART6_IRQHandler  usart6.o
    0x08001fac   0x08001fac   0x00000104   Code   RO         1042    i.USART_ClearITPendingBit  stm32f4xx_usart.o
    0x080020b0   0x080020b0   0x000000c0   Code   RO         1045    i.USART_Cmd         stm32f4xx_usart.o
    0x08002170   0x08002170   0x00000164   Code   RO         1051    i.USART_ITConfig    stm32f4xx_usart.o
    0x080022d4   0x080022d4   0x00000238   Code   RO         1052    i.USART_Init        stm32f4xx_usart.o
    0x0800250c   0x0800250c   0x0000001a   Code   RO         4043    i._Z16__NVIC_EnableIRQ4IRQn  stm32f407_spi.o
    0x08002526   0x08002526   0x00000002   PAD
    0x08002528   0x08002528   0x00000048   Code   RO         4044    i._Z19SPIInterruptHandlerj  stm32f407_spi.o
    0x08002570   0x08002570   0x000001e8   Code   RO         3550    i._Z7initPinP12GPIO_TypeDefthhh  stm32f407_pin.o
    0x08002758   0x08002758   0x000000c8   Code   RO         3424    i._Z7initPinthhh    mpu9250.o
    0x08002820   0x08002820   0x0000025c   Code   RO         4045    i._Z7initSPIjbhtiiii  stm32f407_spi.o
    0x08002a7c   0x08002a7c   0x00000036   Code   RO         3795    i._ZN10lowerBoard4crc8EPii  lower_board.o
    0x08002ab2   0x08002ab2   0x0000006c   Code   RO         3796    i._ZN10lowerBoard4readEv  lower_board.o
    0x08002b1e   0x08002b1e   0x00000006   Code   RO         3797    i._ZN10lowerBoard7getDistEv  lower_board.o
    0x08002b24   0x08002b24   0x00000014   Code   RO         3798    i._ZN10lowerBoard8getAngleEv  lower_board.o
    0x08002b38   0x08002b38   0x00000008   Code   RO         3799    i._ZN10lowerBoard8isCanSeeEv  lower_board.o
    0x08002b40   0x08002b40   0x00000042   Code   RO         3800    i._ZN10lowerBoardC1ER3PinS1_  lower_board.o
    0x08002b82   0x08002b82   0x00000002   PAD
    0x08002b84   0x08002b84   0x00000268   Code   RO         2873    i._ZN11mathematics14calculateSpeedEiiRiS0_S0_S0_  mathematics.o
    0x08002dec   0x08002dec   0x00000006   Code   RO         2874    i._ZN11mathematics8getAngleEv  mathematics.o
    0x08002df2   0x08002df2   0x00000006   Code   RO         2875    i._ZN11mathematics8getSpeedEv  mathematics.o
    0x08002df8   0x08002df8   0x00000006   Code   RO         2879    i._ZN11mathematics9setVectorEii  mathematics.o
    0x08002dfe   0x08002dfe   0x00000018   Code   RO         2880    i._ZN11mathematicsC1Ev  mathematics.o
    0x08002e16   0x08002e16   0x0000003e   Code   RO         2951    i._ZN11robotMotion4moveExxxx  motion_control.o
    0x08002e54   0x08002e54   0x0000001e   Code   RO         2952    i._ZN11robotMotion9robotInitEv  motion_control.o
    0x08002e72   0x08002e72   0x0000000e   Code   RO         2953    i._ZN11robotMotionC1ER5MotorS1_S1_S1_  motion_control.o
    0x08002e80   0x08002e80   0x00000026   Code   RO         4199    i._ZN12line_sensorsC1Ej  line_sensors.o
    0x08002ea6   0x08002ea6   0x00000002   PAD
    0x08002ea8   0x08002ea8   0x00000068   Code   RO         2160    i._ZN12time_service4initEv  time_service.o
    0x08002f10   0x08002f10   0x0000001c   Code   RO         2161    i._ZN12time_service8delay_msEj  time_service.o
    0x08002f2c   0x08002f2c   0x00000012   Code   RO         2163    i._ZN12time_service9startTimeEv  time_service.o
    0x08002f3e   0x08002f3e   0x00000024   Code   RO            5    i._ZN3Adc10setChannelEv  adc.o
    0x08002f62   0x08002f62   0x00000016   Code   RO            6    i._ZN3Adc13sendMeChannelEh  adc.o
    0x08002f78   0x08002f78   0x00000026   Code   RO            8    i._ZN3Adc7adcInitEv  adc.o
    0x08002f9e   0x08002f9e   0x0000003c   Code   RO            9    i._ZN3Adc8startAdcEv  adc.o
    0x08002fda   0x08002fda   0x0000003a   Code   RO           10    i._ZN3AdcC1EP11ADC_TypeDefhhhjR3Pin  adc.o
    0x08003014   0x08003014   0x00000046   Code   RO         2040    i._ZN3Pin3pwmEj     pin_setup.o
    0x0800305a   0x0800305a   0x00000002   PAD
    0x0800305c   0x0800305c   0x00000104   Code   RO         2042    i._ZN3Pin7pinInitEv  pin_setup.o
    0x08003160   0x08003160   0x00000184   Code   RO         2043    i._ZN3Pin7pwmInitEv  pin_setup.o
    0x080032e4   0x080032e4   0x00000014   Code   RO         2044    i._ZN3Pin7readPinEv  pin_setup.o
    0x080032f8   0x080032f8   0x00000038   Code   RO         2047    i._ZN3PinC1EtP12GPIO_TypeDef16GPIOMode_TypeDefP11TIM_TypeDefjjthjj17GPIOOType_TypeDef16GPIOPuPd_TypeDef  pin_setup.o
    0x08003330   0x08003330   0x0000000a   Code   RO         4241    i._ZN4gyro17setRotationByGyroEv  gyro.o
    0x0800333a   0x0800333a   0x00000002   PAD
    0x0800333c   0x0800333c   0x0000009c   Code   RO         4243    i._ZN4gyro4readEv   gyro.o
    0x080033d8   0x080033d8   0x00000006   Code   RO         4244    i._ZN4gyro8getAngleEv  gyro.o
    0x080033de   0x080033de   0x00000034   Code   RO         4245    i._ZN4gyroC1ER3PinS1_  gyro.o
    0x08003412   0x08003412   0x00000002   PAD
    0x08003414   0x08003414   0x0000006c   Code   RO         2117    i._ZN5Motor2goEi    motor_control.o
    0x08003480   0x08003480   0x00000028   Code   RO         2118    i._ZN5Motor9motorInitEv  motor_control.o
    0x080034a8   0x080034a8   0x00000006   Code   RO         2119    i._ZN5MotorC1ER3PinS1_  motor_control.o
    0x080034ae   0x080034ae   0x00000018   Code   RO         3693    i._ZN6Camera10getCamDistEv  camera.o
    0x080034c6   0x080034c6   0x00000018   Code   RO         3694    i._ZN6Camera11getCamAngleEv  camera.o
    0x080034de   0x080034de   0x0000001c   Code   RO         3695    i._ZN6Camera16getFormatedAngleEi  camera.o
    0x080034fa   0x080034fa   0x00000018   Code   RO         3696    i._ZN6Camera17getAnotherCamDistEv  camera.o
    0x08003512   0x08003512   0x00000018   Code   RO         3697    i._ZN6Camera18getAnotherCamAngleEv  camera.o
    0x0800352a   0x0800352a   0x00000006   Code   RO         3700    i._ZN6Camera8getBDistEv  camera.o
    0x08003530   0x08003530   0x00000006   Code   RO         3701    i._ZN6Camera8getYDistEv  camera.o
    0x08003536   0x08003536   0x00000094   Code   RO         3702    i._ZN6Camera8readDataEv  camera.o
    0x080035ca   0x080035ca   0x0000000e   Code   RO         3703    i._ZN6Camera9getBAngleEv  camera.o
    0x080035d8   0x080035d8   0x0000000e   Code   RO         3704    i._ZN6Camera9getYAngleEv  camera.o
    0x080035e6   0x080035e6   0x00000046   Code   RO         3705    i._ZN6CameraC1ER3PinS1_  camera.o
    0x0800362c   0x0800362c   0x00000048   Code   RO         3219    i._ZN6Usart14readEv  usart1.o
    0x08003674   0x08003674   0x000000cc   Code   RO         3221    i._ZN6Usart18uartInitEv  usart1.o
    0x08003740   0x08003740   0x00000034   Code   RO         3222    i._ZN6Usart19availableEv  usart1.o
    0x08003774   0x08003774   0x00000048   Code   RO         3164    i._ZN6Usart24readEv  usart2.o
    0x080037bc   0x080037bc   0x000000cc   Code   RO         3166    i._ZN6Usart28uartInitEv  usart2.o
    0x08003888   0x08003888   0x00000034   Code   RO         3167    i._ZN6Usart29availableEv  usart2.o
    0x080038bc   0x080038bc   0x00000048   Code   RO         3048    i._ZN6Usart34readEv  usart3.o
    0x08003904   0x08003904   0x00000034   Code   RO         3050    i._ZN6Usart39availableEv  usart3.o
    0x08003938   0x08003938   0x000000cc   Code   RO         3051    i._ZN6Usart39usartInitEv  usart3.o
    0x08003a04   0x08003a04   0x00000020   Code   RO         2461    i._ZSt3absd         main.o
    0x08003a24   0x08003a24   0x00000030   Code   RO         4490    i.__ARM_fpclassify  m_wm.l(fpclassify.o)
    0x08003a54   0x08003a54   0x00000010   Code   RO         4307    i.__cxa_guard_acquire  cpprt_w.l(cxa_guard_acquire.o)
    0x08003a64   0x08003a64   0x00000004   PAD
    0x08003a68   0x08003a68   0x000000c8   Code   RO         4385    i.__hardfp_cos      m_wm.l(cos.o)
    0x08003b30   0x08003b30   0x00000014   Code   RO         4397    i.__hardfp_fabs     m_wm.l(fabs.o)
    0x08003b44   0x08003b44   0x00000004   PAD
    0x08003b48   0x08003b48   0x00000c50   Code   RO         4403    i.__hardfp_pow      m_wm.l(pow.o)
    0x08004798   0x08004798   0x000000c8   Code   RO         4417    i.__hardfp_sin      m_wm.l(sin.o)
    0x08004860   0x08004860   0x00000438   Code   RO         4495    i.__ieee754_rem_pio2  m_wm.l(rred.o)
    0x08004c98   0x08004c98   0x00000170   Code   RO         4473    i.__kernel_cos      m_wm.l(cos_i.o)
    0x08004e08   0x08004e08   0x000000f8   Code   RO         4492    i.__kernel_poly     m_wm.l(poly.o)
    0x08004f00   0x08004f00   0x00000130   Code   RO         4500    i.__kernel_sin      m_wm.l(sin_i.o)
    0x08005030   0x08005030   0x00000030   Code   RO         4476    i.__mathlib_dbl_divzero  m_wm.l(dunder.o)
    0x08005060   0x08005060   0x00000014   Code   RO         4477    i.__mathlib_dbl_infnan  m_wm.l(dunder.o)
    0x08005074   0x08005074   0x00000014   Code   RO         4478    i.__mathlib_dbl_infnan2  m_wm.l(dunder.o)
    0x08005088   0x08005088   0x00000020   Code   RO         4479    i.__mathlib_dbl_invalid  m_wm.l(dunder.o)
    0x080050a8   0x080050a8   0x00000020   Code   RO         4480    i.__mathlib_dbl_overflow  m_wm.l(dunder.o)
    0x080050c8   0x080050c8   0x00000020   Code   RO         4482    i.__mathlib_dbl_underflow  m_wm.l(dunder.o)
    0x080050e8   0x080050e8   0x00000004   Code   RO         2664    i._sys_exit         retarget.o
    0x080050ec   0x080050ec   0x0000000a   Code   RO         2666    i.assert_failed     retarget.o
    0x080050f6   0x080050f6   0x00000018   Code   RO         4399    i.fabs              m_wm.l(fabs.o)
    0x0800510e   0x0800510e   0x00000002   PAD
    0x08005110   0x08005110   0x00000ae0   Code   RO         2359    i.main              main.o
    0x08005bf0   0x08005bf0   0x0000006e   Code   RO         4431    i.sqrt              m_wm.l(sqrt.o)
    0x08005c5e   0x08005c5e   0x00000018   Code   RO         4313    x$fpl$basic         fz_wm.l(basic.o)
    0x08005c76   0x08005c76   0x00000002   PAD
    0x08005c78   0x08005c78   0x00000150   Code   RO         4317    x$fpl$dadd          fz_wm.l(daddsub_clz.o)
    0x08005dc8   0x08005dc8   0x00000010   Code   RO         4526    x$fpl$dcheck1       fz_wm.l(dcheck1.o)
    0x08005dd8   0x08005dd8   0x00000018   Code   RO         4444    x$fpl$dcmpinf       fz_wm.l(dcmpi.o)
    0x08005df0   0x08005df0   0x000002b0   Code   RO         4324    x$fpl$ddiv          fz_wm.l(ddiv.o)
    0x080060a0   0x080060a0   0x0000005e   Code   RO         4329    x$fpl$dfix          fz_wm.l(dfix.o)
    0x080060fe   0x080060fe   0x00000002   PAD
    0x08006100   0x08006100   0x0000005a   Code   RO         4337    x$fpl$dfixu         fz_wm.l(dfixu.o)
    0x0800615a   0x0800615a   0x0000002e   Code   RO         4342    x$fpl$dflt          fz_wm.l(dflt_clz.o)
    0x08006188   0x08006188   0x00000026   Code   RO         4341    x$fpl$dfltu         fz_wm.l(dflt_clz.o)
    0x080061ae   0x080061ae   0x00000002   PAD
    0x080061b0   0x080061b0   0x00000078   Code   RO         4351    x$fpl$dleqf         fz_wm.l(dleqf.o)
    0x08006228   0x08006228   0x00000154   Code   RO         4353    x$fpl$dmul          fz_wm.l(dmul.o)
    0x0800637c   0x0800637c   0x0000009c   Code   RO         4446    x$fpl$dnaninf       fz_wm.l(dnaninf.o)
    0x08006418   0x08006418   0x0000000c   Code   RO         4448    x$fpl$dretinf       fz_wm.l(dretinf.o)
    0x08006424   0x08006424   0x0000006c   Code   RO         4355    x$fpl$drleqf        fz_wm.l(drleqf.o)
    0x08006490   0x08006490   0x00000016   Code   RO         4318    x$fpl$drsb          fz_wm.l(daddsub_clz.o)
    0x080064a6   0x080064a6   0x00000002   PAD
    0x080064a8   0x080064a8   0x00000198   Code   RO         4450    x$fpl$dsqrt         fz_wm.l(dsqrt_umaal.o)
    0x08006640   0x08006640   0x000001d4   Code   RO         4319    x$fpl$dsub          fz_wm.l(daddsub_clz.o)
    0x08006814   0x08006814   0x0000000a   Code   RO         4601    x$fpl$fpinit        fz_wm.l(fpinit.o)
    0x0800681e   0x0800681e   0x00000064   Code   RO         4541    x$fpl$retnan        fz_wm.l(retnan.o)
    0x08006882   0x08006882   0x0000005c   Code   RO         4456    x$fpl$scalbn        fz_wm.l(scalbn.o)
    0x080068de   0x080068de   0x00000030   Code   RO         4590    x$fpl$trapveneer    fz_wm.l(trapv.o)
    0x0800690e   0x0800690e   0x00000000   Code   RO         4458    x$fpl$usenofp       fz_wm.l(usenofp.o)
    0x0800690e   0x0800690e   0x0000003d   Data   RO         2679    .constdata          retarget.o
    0x0800694b   0x0800694b   0x00000005   PAD
    0x08006950   0x08006950   0x00000088   Data   RO         4406    .constdata          m_wm.l(pow.o)
    0x080069d8   0x080069d8   0x00000030   Data   RO         4474    .constdata          m_wm.l(cos_i.o)
    0x08006a08   0x08006a08   0x00000008   Data   RO         4494    .constdata          m_wm.l(qnan.o)
    0x08006a10   0x08006a10   0x000000c8   Data   RO         4497    .constdata          m_wm.l(rred.o)
    0x08006ad8   0x08006ad8   0x00000028   Data   RO         4501    .constdata          m_wm.l(sin_i.o)
    0x08006b00   0x08006b00   0x00000020   Data   RO         4662    Region$$Table       anon$$obj.o


    Execution Region ER_RW (Exec base: 0x20000000, Load base: 0x08006b20, Size: 0x000000bc, Max: 0xffffffff, ABSOLUTE)

    Exec Addr    Load Addr    Size         Type   Attr      Idx    E Section Name        Object

    0x20000000   0x08006b20   0x00000010   Data   RW         1289    .data               stm32f4xx_rcc.o
    0x20000010   0x08006b30   0x00000004   Data   RW         2169    .data               time_service.o
    0x20000014   0x08006b34   0x00000058   Data   RW         2378    .data               main.o
    0x2000006c   0x08006b8c   0x00000004   Data   RW         2761    .data               system_stm32f4xx.o
    0x20000070   0x08006b90   0x0000000a   Data   RW         3058    .data               usart3.o
    0x2000007a   0x08006b9a   0x0000001a   Data   RW         3119    .data               usart6.o
    0x20000094   0x08006bb4   0x0000000a   Data   RW         3174    .data               usart2.o
    0x2000009e   0x08006bbe   0x0000000a   Data   RW         3229    .data               usart1.o
    0x200000a8   0x08006bc8   0x00000004   Data   RW         3631    .data               stm32f407_sysfunc.o
    0x200000ac   0x08006bcc   0x00000006   Data   RW         4057    .data               stm32f407_spi.o
    0x200000b2   0x08006bd2   0x0000000a   Data   RW         4153    .data               uart4.o


    Execution Region ER_ZI (Exec base: 0x200000bc, Load base: 0x08006bdc, Size: 0x0000130c, Max: 0xffffffff, ABSOLUTE)

    Exec Addr    Load Addr    Size         Type   Attr      Idx    E Section Name        Object

    0x200000bc        -       0x00000388   Zero   RW         2377    .bss                main.o
    0x20000444        -       0x00000020   Zero   RW         3057    .bss                usart3.o
    0x20000464        -       0x00000100   Zero   RW         3173    .bss                usart2.o
    0x20000564        -       0x00000400   Zero   RW         3228    .bss                usart1.o
    0x20000964        -       0x00000400   Zero   RW         4152    .bss                uart4.o
    0x20000d64        -       0x00000060   Zero   RW         4529    .bss                c_w.l(libspace.o)
    0x20000dc4   0x08006bdc   0x00000004   PAD
    0x20000dc8        -       0x00000200   Zero   RW         2652    HEAP                startup_stm32f407xx.o
    0x20000fc8        -       0x00000400   Zero   RW         2651    STACK               startup_stm32f407xx.o


==============================================================================

Image component sizes


      Code (inc. data)   RO Data    RW Data    ZI Data      Debug   Object Name

       214          0          0          0          0     293008   adc.o
       382          0          0          0          0       7604   camera.o
       224          8          0          0          0       3352   gyro.o
        38          0          0          0          0       1440   line_sensors.o
       262          0          0          0          0       4740   lower_board.o
      2816        310          0         88        904     255089   main.o
       658         18          0          0          0       5265   mathematics.o
       106          0          0          0          0       3516   motion_control.o
       154          4          0          0          0       2792   motor_control.o
       200         20          0          0          0        742   mpu9250.o
       794         58          0          0          0       5108   pin_setup.o
        14          0         61          0          0       3196   retarget.o
        64         26        392          0       1536        840   startup_stm32f407xx.o
       488         38          0          0          0       1386   stm32f407_pin.o
       732         46          0          6          0      34174   stm32f407_spi.o
        44         10          0          4          0        760   stm32f407_sysfunc.o
      1504        232          0          0          0      19089   stm32f4xx_adc.o
         0          0          0          0          0     256648   stm32f4xx_dma.o
       856        152          0          0          0       9371   stm32f4xx_gpio.o
       564        140          0         16          0      20435   stm32f4xx_rcc.o
      3252        744          0          0          0      29455   stm32f4xx_tim.o
      1376        292          0          0          0      10280   stm32f4xx_usart.o
       100         18          0          4          0       1415   system_stm32f4xx.o
       166         22          0          4          0      32826   time_service.o
       180         28          0         10       1024       1291   uart4.o
       504         80          0         10       1024       3272   usart1.o
       504         80          0         10        256       3268   usart2.o
       504         80          0         10         32      37583   usart3.o
       176         28          0         26          0       1304   usart6.o

    ----------------------------------------------------------------------
     16890       2434        490        188       4776    1049249   Object Totals
         0          0         32          0          0          0   (incl. Generated)
        14          0          5          0          0          0   (incl. Padding)

    ----------------------------------------------------------------------

      Code (inc. data)   RO Data    RW Data    ZI Data      Debug   Library Member Name

         8          0          0          0          0         68   __main.o
         0          0          0          0          0          0   __rtentry.o
        12          0          0          0          0          0   __rtentry2.o
         6          0          0          0          0          0   __rtentry4.o
        52          8          0          0          0          0   __scatter.o
        26          0          0          0          0          0   __scatter_copy.o
        28          0          0          0          0          0   __scatter_zi.o
        22          0          0          0          0        100   _rserrno.o
        18          0          0          0          0         80   exit.o
         6          0          0          0          0        152   heapauxi.o
         2          0          0          0          0          0   libinit.o
         6          0          0          0          0          0   libinit2.o
         2          0          0          0          0          0   libshutdown.o
         2          0          0          0          0          0   libshutdown2.o
         8          4          0          0         96         68   libspace.o
         8          4          0          0          0         68   rt_errno_addr_intlibspace.o
       100          0          0          0          0         80   rt_memcpy_w.o
         2          0          0          0          0          0   rtexit.o
        10          0          0          0          0          0   rtexit2.o
        74          0          0          0          0         80   sys_stackheap_outer.o
         2          0          0          0          0         68   use_no_semi.o
        16          0          0          0          0         68   cxa_guard_acquire.o
        24          0          0          0          0        164   basic.o
       826         16          0          0          0        492   daddsub_clz.o
        16          4          0          0          0        116   dcheck1.o
        24          0          0          0          0        116   dcmpi.o
       688        140          0          0          0        256   ddiv.o
        94          4          0          0          0        140   dfix.o
        90          4          0          0          0        140   dfixu.o
        84          0          0          0          0        232   dflt_clz.o
       120          4          0          0          0        140   dleqf.o
       340         12          0          0          0        152   dmul.o
       156          4          0          0          0        140   dnaninf.o
        12          0          0          0          0        116   dretinf.o
       108          0          0          0          0        128   drleqf.o
       408         56          0          0          0        168   dsqrt_umaal.o
        10          0          0          0          0        116   fpinit.o
       100          0          0          0          0        116   retnan.o
        92          0          0          0          0        116   scalbn.o
        48          0          0          0          0        116   trapv.o
         0          0          0          0          0          0   usenofp.o
       200         20          0          0          0        164   cos.o
       368         46         48          0          0        200   cos_i.o
       184         44          0          0          0        744   dunder.o
        44          0          0          0          0        248   fabs.o
        48          0          0          0          0        124   fpclassify.o
       248          0          0          0          0        152   poly.o
      3152        296        136          0          0        352   pow.o
         0          0          8          0          0          0   qnan.o
      1080        142        200          0          0        188   rred.o
       200         20          0          0          0        164   sin.o
       304         24         40          0          0        208   sin_i.o
       110          0          0          0          0        148   sqrt.o

    ----------------------------------------------------------------------
      9612        852        432          0        100       6488   Library Totals
        24          0          0          0          4          0   (incl. Padding)

    ----------------------------------------------------------------------

      Code (inc. data)   RO Data    RW Data    ZI Data      Debug   Library Name

       394         16          0          0         96        764   c_w.l
        16          0          0          0          0         68   cpprt_w.l
      3240        244          0          0          0       2964   fz_wm.l
      5938        592        432          0          0       2692   m_wm.l

    ----------------------------------------------------------------------
      9612        852        432          0        100       6488   Library Totals

    ----------------------------------------------------------------------

==============================================================================


      Code (inc. data)   RO Data    RW Data    ZI Data      Debug   

     26502       3286        922        188       4876    1042025   Grand Totals
     26502       3286        922        188       4876    1042025   ELF Image Totals
     26502       3286        922        188          0          0   ROM Totals

==============================================================================

    Total RO  Size (Code + RO Data)                27424 (  26.78kB)
    Total RW  Size (RW Data + ZI Data)              5064 (   4.95kB)
    Total ROM Size (Code + RO Data + RW Data)      27612 (  26.96kB)

==============================================================================

